Command: D:\conda\envs\edmddl2\python.exe D:\Project\code-projectv2\scripts\train_mlp_koopman.py --config D:\Project\code-projectv2\configs\platform2.yaml --save_dir D:\Project\code-projectv2\results\platform2\Models\mlp_koopman
Started: 2026-06-23T22:19:48.597018
============================================================
============================================================
MLP-Koopman training (baseline)
============================================================
  Config:  D:\Project\code-projectv2\configs\platform2.yaml
  Output:  D:\Project\code-projectv2\results\platform2\Models\mlp_koopman
CUDA device: NVIDIA GeForce RTX 4060 Laptop GPU
PyTorch CUDA version: 12.6
Using device: cuda
Random seed set to: 42
  State normalised: mean=[0.34522903 0.42333376], std=[3.497775 3.206664]
  Control normalised: mean=[0.01455709 0.09308819], std=[27.882555 28.230585]
Dataset [train]:
  Total points: 24150
  Valid samples: 23758
  Trajectories: 49
  State normalised (using training-set statistics)
  Control normalised (using training-set statistics)
Dataset [val]:
  Total points: 10001
  Valid samples: 9841
  Trajectories: 20
  State normalised (using training-set statistics)
  Control normalised (using training-set statistics)
Dataset [test]:
  Total points: 500
  Valid samples: 492
  Trajectories: 1
  Train: 23758 / Val: 9841 / Test: 492
Total parameters: 10,998

============================================================
端到端训练
============================================================

Epoch 1:   0%|          | 0/24 [00:00<?, ?it/s]
Epoch 1: 100%|██████████| 24/24 [00:00<00:00, 58.92it/s]
Epoch 1/300: Train=0.009966  Val=0.009060  LR=3.00e-04

Epoch 2:   0%|          | 0/24 [00:00<?, ?it/s]
Epoch 2: 100%|██████████| 24/24 [00:00<00:00, 90.52it/s]
Epoch 2/300: Train=0.008357  Val=0.007564  LR=3.00e-04

Epoch 3:   0%|          | 0/24 [00:00<?, ?it/s]
Epoch 3: 100%|██████████| 24/24 [00:00<00:00, 62.67it/s]
Epoch 3/300: Train=0.006961  Val=0.006328  LR=3.00e-04

Epoch 4:   0%|          | 0/24 [00:00<?, ?it/s]
Epoch 4: 100%|██████████| 24/24 [00:00<00:00, 70.51it/s]
Epoch 4/300: Train=0.005812  Val=0.005322  LR=3.00e-04

Epoch 5:   0%|          | 0/24 [00:00<?, ?it/s]
Epoch 5: 100%|██████████| 24/24 [00:00<00:00, 75.48it/s]
Epoch 5/300: Train=0.004922  Val=0.004504  LR=3.00e-04

Epoch 6:   0%|          | 0/24 [00:00<?, ?it/s]
Epoch 6: 100%|██████████| 24/24 [00:00<00:00, 69.95it/s]
Epoch 6/300: Train=0.004158  Val=0.003836  LR=3.00e-04

Epoch 7:   0%|          | 0/24 [00:00<?, ?it/s]
Epoch 7: 100%|██████████| 24/24 [00:00<00:00, 80.72it/s]
Epoch 7/300: Train=0.003565  Val=0.003299  LR=3.00e-04

Epoch 8:   0%|          | 0/24 [00:00<?, ?it/s]
Epoch 8: 100%|██████████| 24/24 [00:00<00:00, 73.21it/s]
Epoch 8/300: Train=0.003078  Val=0.002861  LR=3.00e-04

Epoch 9:   0%|          | 0/24 [00:00<?, ?it/s]
Epoch 9: 100%|██████████| 24/24 [00:00<00:00, 85.35it/s]
Epoch 9/300: Train=0.002678  Val=0.002510  LR=3.00e-04

Epoch 10:   0%|          | 0/24 [00:00<?, ?it/s]
Epoch 10: 100%|██████████| 24/24 [00:00<00:00, 80.97it/s]
Epoch 10/300: Train=0.002363  Val=0.002227  LR=3.00e-04

Epoch 11:   0%|          | 0/24 [00:00<?, ?it/s]
Epoch 11: 100%|██████████| 24/24 [00:00<00:00, 70.49it/s]
Epoch 11/300: Train=0.002101  Val=0.002000  LR=3.00e-04

Epoch 12:   0%|          | 0/24 [00:00<?, ?it/s]
Epoch 12: 100%|██████████| 24/24 [00:00<00:00, 95.45it/s]
Epoch 12/300: Train=0.001902  Val=0.001819  LR=3.00e-04

Epoch 13:   0%|          | 0/24 [00:00<?, ?it/s]
Epoch 13: 100%|██████████| 24/24 [00:00<00:00, 90.42it/s]
Epoch 13/300: Train=0.001747  Val=0.001676  LR=3.00e-04

Epoch 14:   0%|          | 0/24 [00:00<?, ?it/s]
Epoch 14: 100%|██████████| 24/24 [00:00<00:00, 68.64it/s]
Epoch 14/300: Train=0.001612  Val=0.001564  LR=3.00e-04

Epoch 15:   0%|          | 0/24 [00:00<?, ?it/s]
Epoch 15: 100%|██████████| 24/24 [00:00<00:00, 112.78it/s]
Epoch 15/300: Train=0.001512  Val=0.001477  LR=3.00e-04

Epoch 16:   0%|          | 0/24 [00:00<?, ?it/s]
Epoch 16: 100%|██████████| 24/24 [00:00<00:00, 80.02it/s]
Epoch 16/300: Train=0.001434  Val=0.001410  LR=3.00e-04

Epoch 17:   0%|          | 0/24 [00:00<?, ?it/s]
Epoch 17: 100%|██████████| 24/24 [00:00<00:00, 80.82it/s]
Epoch 17/300: Train=0.001390  Val=0.001360  LR=3.00e-04

Epoch 18:   0%|          | 0/24 [00:00<?, ?it/s]
Epoch 18: 100%|██████████| 24/24 [00:00<00:00, 101.64it/s]
Epoch 18/300: Train=0.001335  Val=0.001322  LR=3.00e-04

Epoch 19:   0%|          | 0/24 [00:00<?, ?it/s]
Epoch 19: 100%|██████████| 24/24 [00:00<00:00, 82.08it/s]
Epoch 19/300: Train=0.001298  Val=0.001293  LR=3.00e-04

Epoch 20:   0%|          | 0/24 [00:00<?, ?it/s]
Epoch 20: 100%|██████████| 24/24 [00:00<00:00, 103.22it/s]
Epoch 20/300: Train=0.001275  Val=0.001273  LR=3.00e-04

Epoch 21:   0%|          | 0/24 [00:00<?, ?it/s]
Epoch 21: 100%|██████████| 24/24 [00:00<00:00, 103.43it/s]
Epoch 21/300: Train=0.001263  Val=0.001257  LR=3.00e-04

Epoch 22:   0%|          | 0/24 [00:00<?, ?it/s]
Epoch 22: 100%|██████████| 24/24 [00:00<00:00, 70.48it/s]
Epoch 22/300: Train=0.001243  Val=0.001246  LR=3.00e-04

Epoch 23:   0%|          | 0/24 [00:00<?, ?it/s]
Epoch 23: 100%|██████████| 24/24 [00:00<00:00, 93.09it/s]
Epoch 23/300: Train=0.001232  Val=0.001238  LR=3.00e-04

Epoch 24:   0%|          | 0/24 [00:00<?, ?it/s]
Epoch 24: 100%|██████████| 24/24 [00:00<00:00, 106.79it/s]
Epoch 24/300: Train=0.001231  Val=0.001232  LR=3.00e-04

Epoch 25:   0%|          | 0/24 [00:00<?, ?it/s]
Epoch 25: 100%|██████████| 24/24 [00:00<00:00, 77.00it/s]
Epoch 25/300: Train=0.001225  Val=0.001229  LR=3.00e-04

Epoch 26:   0%|          | 0/24 [00:00<?, ?it/s]
Epoch 26: 100%|██████████| 24/24 [00:00<00:00, 115.35it/s]
Epoch 26/300: Train=0.001221  Val=0.001225  LR=3.00e-04

Epoch 27:   0%|          | 0/24 [00:00<?, ?it/s]
Epoch 27: 100%|██████████| 24/24 [00:00<00:00, 115.20it/s]
Epoch 27/300: Train=0.001219  Val=0.001222  LR=3.00e-04

Epoch 28:   0%|          | 0/24 [00:00<?, ?it/s]
Epoch 28: 100%|██████████| 24/24 [00:00<00:00, 93.74it/s]
Epoch 28/300: Train=0.001222  Val=0.001221  LR=3.00e-04

Epoch 29:   0%|          | 0/24 [00:00<?, ?it/s]
Epoch 29: 100%|██████████| 24/24 [00:00<00:00, 102.50it/s]
Epoch 29/300: Train=0.001223  Val=0.001221  LR=3.00e-04

Epoch 30:   0%|          | 0/24 [00:00<?, ?it/s]
Epoch 30: 100%|██████████| 24/24 [00:00<00:00, 116.55it/s]
Epoch 30/300: Train=0.001221  Val=0.001220  LR=3.00e-04

Epoch 31:   0%|          | 0/24 [00:00<?, ?it/s]
Epoch 31: 100%|██████████| 24/24 [00:00<00:00, 71.14it/s]
Epoch 31/300: Train=0.001223  Val=0.001219  LR=3.00e-04

Epoch 32:   0%|          | 0/24 [00:00<?, ?it/s]
Epoch 32: 100%|██████████| 24/24 [00:00<00:00, 79.55it/s]
Epoch 32/300: Train=0.001220  Val=0.001220  LR=3.00e-04

Epoch 33:   0%|          | 0/24 [00:00<?, ?it/s]
Epoch 33: 100%|██████████| 24/24 [00:00<00:00, 110.54it/s]
Epoch 33/300: Train=0.001211  Val=0.001218  LR=3.00e-04

Epoch 34:   0%|          | 0/24 [00:00<?, ?it/s]
Epoch 34: 100%|██████████| 24/24 [00:00<00:00, 80.67it/s]
Epoch 34/300: Train=0.001215  Val=0.001219  LR=3.00e-04

Epoch 35:   0%|          | 0/24 [00:00<?, ?it/s]
Epoch 35: 100%|██████████| 24/24 [00:00<00:00, 110.16it/s]
Epoch 35/300: Train=0.001215  Val=0.001219  LR=3.00e-04

Epoch 36:   0%|          | 0/24 [00:00<?, ?it/s]
Epoch 36: 100%|██████████| 24/24 [00:00<00:00, 112.53it/s]
Epoch 36/300: Train=0.001216  Val=0.001219  LR=3.00e-04

Epoch 37:   0%|          | 0/24 [00:00<?, ?it/s]
Epoch 37: 100%|██████████| 24/24 [00:00<00:00, 87.83it/s]
Epoch 37/300: Train=0.001216  Val=0.001219  LR=3.00e-04

Epoch 38:   0%|          | 0/24 [00:00<?, ?it/s]
Epoch 38: 100%|██████████| 24/24 [00:00<00:00, 94.50it/s]
Epoch 38/300: Train=0.001215  Val=0.001218  LR=3.00e-04

Epoch 39:   0%|          | 0/24 [00:00<?, ?it/s]
Epoch 39: 100%|██████████| 24/24 [00:00<00:00, 93.48it/s]
Epoch 39/300: Train=0.001218  Val=0.001218  LR=3.00e-04

Epoch 40:   0%|          | 0/24 [00:00<?, ?it/s]
Epoch 40: 100%|██████████| 24/24 [00:00<00:00, 114.78it/s]
Epoch 40/300: Train=0.001214  Val=0.001218  LR=3.00e-04

Epoch 41:   0%|          | 0/24 [00:00<?, ?it/s]
Epoch 41: 100%|██████████| 24/24 [00:00<00:00, 112.45it/s]
Epoch 41/300: Train=0.001220  Val=0.001218  LR=3.00e-04

Epoch 42:   0%|          | 0/24 [00:00<?, ?it/s]
Epoch 42: 100%|██████████| 24/24 [00:00<00:00, 90.23it/s]
Epoch 42/300: Train=0.001211  Val=0.001219  LR=3.00e-04

Epoch 43:   0%|          | 0/24 [00:00<?, ?it/s]
Epoch 43: 100%|██████████| 24/24 [00:00<00:00, 112.18it/s]
Epoch 43/300: Train=0.001215  Val=0.001219  LR=3.00e-04

Epoch 44:   0%|          | 0/24 [00:00<?, ?it/s]
Epoch 44: 100%|██████████| 24/24 [00:00<00:00, 104.33it/s]
Epoch 44/300: Train=0.001215  Val=0.001218  LR=3.00e-04

Epoch 45:   0%|          | 0/24 [00:00<?, ?it/s]
Epoch 45: 100%|██████████| 24/24 [00:00<00:00, 92.85it/s]
Epoch 45/300: Train=0.001216  Val=0.001218  LR=3.00e-04

Epoch 46:   0%|          | 0/24 [00:00<?, ?it/s]
Epoch 46: 100%|██████████| 24/24 [00:00<00:00, 111.01it/s]
Epoch 46/300: Train=0.001217  Val=0.001219  LR=3.00e-04

Epoch 47:   0%|          | 0/24 [00:00<?, ?it/s]
Epoch 47: 100%|██████████| 24/24 [00:00<00:00, 91.02it/s]
Epoch 47/300: Train=0.001215  Val=0.001218  LR=3.00e-04

Epoch 48:   0%|          | 0/24 [00:00<?, ?it/s]
Epoch 48: 100%|██████████| 24/24 [00:00<00:00, 105.24it/s]
Epoch 48/300: Train=0.001217  Val=0.001219  LR=3.00e-04

Epoch 49:   0%|          | 0/24 [00:00<?, ?it/s]
Epoch 49: 100%|██████████| 24/24 [00:00<00:00, 70.01it/s]
  >>> 学习率降低: 3.00e-04 -> 1.50e-04
Epoch 49/300: Train=0.001213  Val=0.001218  LR=1.50e-04

Epoch 50:   0%|          | 0/24 [00:00<?, ?it/s]
Epoch 50: 100%|██████████| 24/24 [00:00<00:00, 84.82it/s]
Epoch 50/300: Train=0.001220  Val=0.001219  LR=1.50e-04

Epoch 51:   0%|          | 0/24 [00:00<?, ?it/s]
Epoch 51: 100%|██████████| 24/24 [00:00<00:00, 93.66it/s]
Epoch 51/300: Train=0.001213  Val=0.001218  LR=1.50e-04

Epoch 52:   0%|          | 0/24 [00:00<?, ?it/s]
Epoch 52: 100%|██████████| 24/24 [00:00<00:00, 105.95it/s]
Epoch 52/300: Train=0.001213  Val=0.001219  LR=1.50e-04

Epoch 53:   0%|          | 0/24 [00:00<?, ?it/s]
Epoch 53: 100%|██████████| 24/24 [00:00<00:00, 94.30it/s]
Epoch 53/300: Train=0.001219  Val=0.001218  LR=1.50e-04

Epoch 54:   0%|          | 0/24 [00:00<?, ?it/s]
Epoch 54: 100%|██████████| 24/24 [00:00<00:00, 114.51it/s]
Epoch 54/300: Train=0.001213  Val=0.001219  LR=1.50e-04

Epoch 55:   0%|          | 0/24 [00:00<?, ?it/s]
Epoch 55: 100%|██████████| 24/24 [00:00<00:00, 121.93it/s]
Epoch 55/300: Train=0.001209  Val=0.001218  LR=1.50e-04

Epoch 56:   0%|          | 0/24 [00:00<?, ?it/s]
Epoch 56: 100%|██████████| 24/24 [00:00<00:00, 95.30it/s]
Epoch 56/300: Train=0.001213  Val=0.001218  LR=1.50e-04

Epoch 57:   0%|          | 0/24 [00:00<?, ?it/s]
Epoch 57: 100%|██████████| 24/24 [00:00<00:00, 115.63it/s]
Epoch 57/300: Train=0.001217  Val=0.001219  LR=1.50e-04

Epoch 58:   0%|          | 0/24 [00:00<?, ?it/s]
Epoch 58: 100%|██████████| 24/24 [00:00<00:00, 111.62it/s]
Epoch 58/300: Train=0.001213  Val=0.001218  LR=1.50e-04

Epoch 59:   0%|          | 0/24 [00:00<?, ?it/s]
Epoch 59: 100%|██████████| 24/24 [00:00<00:00, 116.36it/s]
Epoch 59/300: Train=0.001214  Val=0.001219  LR=1.50e-04

Epoch 60:   0%|          | 0/24 [00:00<?, ?it/s]
Epoch 60: 100%|██████████| 24/24 [00:00<00:00, 122.83it/s]
  >>> 学习率降低: 1.50e-04 -> 7.50e-05
Epoch 60/300: Train=0.001213  Val=0.001218  LR=7.50e-05

Epoch 61:   0%|          | 0/24 [00:00<?, ?it/s]
Epoch 61: 100%|██████████| 24/24 [00:00<00:00, 98.89it/s]
Epoch 61/300: Train=0.001217  Val=0.001219  LR=7.50e-05

Epoch 62:   0%|          | 0/24 [00:00<?, ?it/s]
Epoch 62: 100%|██████████| 24/24 [00:00<00:00, 117.47it/s]
Epoch 62/300: Train=0.001220  Val=0.001218  LR=7.50e-05

Epoch 63:   0%|          | 0/24 [00:00<?, ?it/s]
Epoch 63: 100%|██████████| 24/24 [00:00<00:00, 117.12it/s]
Epoch 63/300: Train=0.001223  Val=0.001218  LR=7.50e-05

Epoch 64:   0%|          | 0/24 [00:00<?, ?it/s]
Epoch 64: 100%|██████████| 24/24 [00:00<00:00, 96.92it/s]
Epoch 64/300: Train=0.001219  Val=0.001219  LR=7.50e-05

Epoch 65:   0%|          | 0/24 [00:00<?, ?it/s]
Epoch 65: 100%|██████████| 24/24 [00:00<00:00, 125.51it/s]
Epoch 65/300: Train=0.001216  Val=0.001219  LR=7.50e-05

Epoch 66:   0%|          | 0/24 [00:00<?, ?it/s]
Epoch 66: 100%|██████████| 24/24 [00:00<00:00, 128.01it/s]
Epoch 66/300: Train=0.001224  Val=0.001218  LR=7.50e-05

Epoch 67:   0%|          | 0/24 [00:00<?, ?it/s]
Epoch 67: 100%|██████████| 24/24 [00:00<00:00, 75.76it/s]
Epoch 67/300: Train=0.001219  Val=0.001218  LR=7.50e-05

Epoch 68:   0%|          | 0/24 [00:00<?, ?it/s]
Epoch 68: 100%|██████████| 24/24 [00:00<00:00, 96.51it/s]
Epoch 68/300: Train=0.001215  Val=0.001218  LR=7.50e-05

Epoch 69:   0%|          | 0/24 [00:00<?, ?it/s]
Epoch 69: 100%|██████████| 24/24 [00:00<00:00, 98.26it/s]
Epoch 69/300: Train=0.001215  Val=0.001218  LR=7.50e-05

Epoch 70:   0%|          | 0/24 [00:00<?, ?it/s]
Epoch 70: 100%|██████████| 24/24 [00:00<00:00, 106.90it/s]
Epoch 70/300: Train=0.001212  Val=0.001218  LR=7.50e-05

Epoch 71:   0%|          | 0/24 [00:00<?, ?it/s]
Epoch 71: 100%|██████████| 24/24 [00:00<00:00, 103.42it/s]
  >>> 学习率降低: 7.50e-05 -> 3.75e-05
Epoch 71/300: Train=0.001216  Val=0.001218  LR=3.75e-05

Epoch 72:   0%|          | 0/24 [00:00<?, ?it/s]
Epoch 72: 100%|██████████| 24/24 [00:00<00:00, 84.91it/s]
Epoch 72/300: Train=0.001221  Val=0.001218  LR=3.75e-05

Epoch 73:   0%|          | 0/24 [00:00<?, ?it/s]
Epoch 73: 100%|██████████| 24/24 [00:00<00:00, 103.12it/s]
Epoch 73/300: Train=0.001215  Val=0.001218  LR=3.75e-05

Epoch 74:   0%|          | 0/24 [00:00<?, ?it/s]
Epoch 74: 100%|██████████| 24/24 [00:00<00:00, 105.91it/s]
Epoch 74/300: Train=0.001213  Val=0.001218  LR=3.75e-05

Epoch 75:   0%|          | 0/24 [00:00<?, ?it/s]
Epoch 75: 100%|██████████| 24/24 [00:00<00:00, 82.79it/s]
Epoch 75/300: Train=0.001210  Val=0.001218  LR=3.75e-05

Epoch 76:   0%|          | 0/24 [00:00<?, ?it/s]
Epoch 76: 100%|██████████| 24/24 [00:00<00:00, 107.80it/s]
Epoch 76/300: Train=0.001210  Val=0.001218  LR=3.75e-05

Epoch 77:   0%|          | 0/24 [00:00<?, ?it/s]
Epoch 77: 100%|██████████| 24/24 [00:00<00:00, 108.60it/s]
Epoch 77/300: Train=0.001219  Val=0.001218  LR=3.75e-05

Epoch 78:   0%|          | 0/24 [00:00<?, ?it/s]
Epoch 78: 100%|██████████| 24/24 [00:00<00:00, 87.20it/s]
Epoch 78/300: Train=0.001217  Val=0.001218  LR=3.75e-05
早停触发 (patience=50)
  >>> 回载最佳检查点 mlp_e2e_best.pth (val_loss=0.001221)

端到端训练完成，最佳验证损失: 0.001221
  Saved: D:\Project\code-projectv2\results\platform2\Models\mlp_koopman\model.pth  rho=1.0138
  Saved best: D:\Project\code-projectv2\results\platform2\Models\mlp_koopman\model_best.pth
Trajectory length: 500 steps (predicting 492)
  RMSE: 1.859672
  MAE:  1.495867
Plot saved: D:\Project\code-projectv2\results\platform2\Models\mlp_koopman\test_prediction.png
Final test RMSE: 1.859672
Final test MAE:  1.495867

============================================================
Exit code: 0
Finished: 2026-06-23T22:20:20.414006
