============================================================
LSTM-Koopman training (temporal baseline)
============================================================
  Config:  C:\Users\Windows\Desktop\论文4\code-projectv2\configs\platform2.yaml
  Output:  C:\Users\Windows\Desktop\论文4\code-projectv2\results\platform2\Models\lstm_koopman
CUDA device: NVIDIA GeForce RTX 5060 Ti
PyTorch CUDA version: 12.8
Using device: cuda
Random seed set to: 42
  State normalised: mean=[0.34522914 0.42333238], std=[3.49778075 3.20666994]
  Control normalised: mean=[0.01455778 0.09308788], std=[27.88254513 28.23064632]
Dataset [train]:
  Total points: 24150
  Valid samples: 23660
  Trajectories: 49
  State normalised (using training-set statistics)
  Control normalised (using training-set statistics)
Dataset [val]:
  Total points: 10351
  Valid samples: 10141
  Trajectories: 21
  State normalised (using training-set statistics)
  Control normalised (using training-set statistics)
Dataset [test]:
  Total points: 500
  Valid samples: 490
  Trajectories: 1
  Train: 23660 / Val: 10141 / Test: 490
Total parameters: 13,440

============================================================
阶段0：初始EDMD计算
============================================================
编码所有训练数据...

编码数据:   0%|          | 0/24 [00:00<?, ?it/s]
编码数据:  25%|██▌       | 6/24 [00:00<00:00, 58.82it/s]
编码数据:  62%|██████▎   | 15/24 [00:00<00:00, 73.99it/s]
编码数据: 100%|██████████| 24/24 [00:00<00:00, 85.11it/s]
  样本数=23660, 潜在维度=10, 控制维度=2
  谱半径: 1.0033
  Koopman矩阵已更新

============================================================
阶段1：预训练MLP编码器
============================================================

预训练:   0%|          | 0/370 [00:00<?, ?it/s]
预训练:   0%|          | 1/370 [00:05<31:17,  5.09s/it]
预训练:   5%|▍         | 18/370 [00:05<01:12,  4.83it/s]
预训练:   9%|▉         | 35/370 [00:05<00:30, 11.03it/s]
预训练:  14%|█▍        | 52/370 [00:05<00:16, 19.10it/s]
预训练:  19%|█▊        | 69/370 [00:05<00:10, 29.30it/s]
预训练:  23%|██▎       | 86/370 [00:05<00:06, 41.66it/s]
预训练:  28%|██▊       | 103/370 [00:05<00:04, 55.94it/s]
预训练:  33%|███▎      | 121/370 [00:05<00:03, 72.51it/s]
预训练:  37%|███▋      | 138/370 [00:05<00:02, 88.14it/s]
预训练:  42%|████▏     | 155/370 [00:06<00:02, 102.42it/s]
预训练:  47%|████▋     | 173/370 [00:06<00:01, 118.00it/s]
预训练:  51%|█████▏    | 190/370 [00:06<00:01, 128.48it/s]
预训练:  56%|█████▌    | 208/370 [00:06<00:01, 140.77it/s]
预训练:  61%|██████    | 225/370 [00:06<00:00, 147.19it/s]
预训练:  65%|██████▌   | 242/370 [00:06<00:00, 152.50it/s]
预训练:  70%|███████   | 259/370 [00:06<00:00, 156.89it/s]
预训练:  75%|███████▍  | 277/370 [00:06<00:00, 162.50it/s]
预训练:  80%|███████▉  | 295/370 [00:06<00:00, 164.68it/s]
预训练:  85%|████████▍ | 313/370 [00:06<00:00, 163.00it/s]
预训练:  89%|████████▉ | 331/370 [00:07<00:00, 166.40it/s]
预训练:  94%|█████████▍| 348/370 [00:07<00:00, 165.54it/s]
预训练:  99%|█████████▊| 365/370 [00:07<00:00, 166.34it/s]
预训练: 100%|██████████| 370/370 [00:07<00:00, 48.98it/s] 
Epoch 1/500: Train=0.005906  Val=0.000943  LR=3.00e-04

预训练:   0%|          | 0/370 [00:00<?, ?it/s]
预训练:   0%|          | 1/370 [00:04<30:40,  4.99s/it]
预训练:   4%|▍         | 16/370 [00:05<01:21,  4.36it/s]
预训练:   8%|▊         | 30/370 [00:05<00:35,  9.54it/s]
预训练:  13%|█▎        | 47/370 [00:05<00:18, 17.84it/s]
预训练:  18%|█▊        | 65/370 [00:05<00:10, 28.90it/s]
预训练:  22%|██▏       | 82/370 [00:05<00:06, 41.49it/s]
预训练:  27%|██▋       | 99/370 [00:05<00:04, 55.95it/s]
预训练:  32%|███▏      | 117/370 [00:05<00:03, 72.98it/s]
预训练:  36%|███▌      | 134/370 [00:05<00:02, 89.01it/s]
预训练:  41%|████      | 151/370 [00:05<00:02, 103.68it/s]
预训练:  45%|████▌     | 168/370 [00:06<00:01, 117.06it/s]
预训练:  50%|█████     | 186/370 [00:06<00:01, 129.86it/s]
预训练:  55%|█████▍    | 203/370 [00:06<00:01, 139.42it/s]
预训练:  59%|█████▉    | 220/370 [00:06<00:01, 145.85it/s]
预训练:  64%|██████▍   | 237/370 [00:06<00:00, 151.53it/s]
预训练:  69%|██████▉   | 255/370 [00:06<00:00, 157.22it/s]
预训练:  74%|███████▍  | 273/370 [00:06<00:00, 161.79it/s]
预训练:  78%|███████▊  | 290/370 [00:06<00:00, 163.66it/s]
预训练:  83%|████████▎ | 307/370 [00:06<00:00, 163.60it/s]
预训练:  88%|████████▊ | 324/370 [00:06<00:00, 164.97it/s]
预训练:  92%|█████████▏| 341/370 [00:07<00:00, 165.95it/s]
预训练:  97%|█████████▋| 359/370 [00:07<00:00, 167.13it/s]
预训练: 100%|██████████| 370/370 [00:07<00:00, 49.44it/s] 
Epoch 2/500: Train=0.002000  Val=0.000762  LR=3.00e-04

预训练:   0%|          | 0/370 [00:00<?, ?it/s]
预训练:   0%|          | 1/370 [00:04<30:40,  4.99s/it]
预训练:   5%|▍         | 17/370 [00:05<01:15,  4.65it/s]
预训练:   9%|▉         | 35/370 [00:05<00:29, 11.34it/s]
预训练:  14%|█▍        | 52/370 [00:05<00:16, 19.52it/s]
预训练:  19%|█▊        | 69/370 [00:05<00:10, 29.82it/s]
预训练:  24%|██▎       | 87/370 [00:05<00:06, 42.96it/s]
预训练:  28%|██▊       | 104/370 [00:05<00:04, 56.93it/s]
预训练:  33%|███▎      | 122/370 [00:05<00:03, 73.28it/s]
预训练:  38%|███▊      | 139/370 [00:05<00:02, 88.65it/s]
预训练:  42%|████▏     | 156/370 [00:05<00:02, 103.20it/s]
预训练:  47%|████▋     | 173/370 [00:06<00:01, 117.04it/s]
预训练:  51%|█████▏    | 190/370 [00:06<00:01, 128.68it/s]
预训练:  56%|█████▌    | 207/370 [00:06<00:01, 137.21it/s]
预训练:  61%|██████    | 224/370 [00:06<00:01, 144.20it/s]
预训练:  65%|██████▌   | 241/370 [00:06<00:00, 150.30it/s]
预训练:  70%|██████▉   | 258/370 [00:06<00:00, 155.30it/s]
预训练:  74%|███████▍  | 275/370 [00:06<00:00, 157.67it/s]
预训练:  79%|███████▉  | 292/370 [00:06<00:00, 159.37it/s]
预训练:  84%|████████▎ | 309/370 [00:06<00:00, 160.57it/s]
预训练:  88%|████████▊ | 326/370 [00:06<00:00, 161.89it/s]
预训练:  93%|█████████▎| 343/370 [00:07<00:00, 161.90it/s]
预训练:  97%|█████████▋| 360/370 [00:07<00:00, 160.98it/s]
预训练: 100%|██████████| 370/370 [00:07<00:00, 49.34it/s] 
Epoch 3/500: Train=0.001472  Val=0.000824  LR=3.00e-04

预训练:   0%|          | 0/370 [00:00<?, ?it/s]
预训练:   0%|          | 1/370 [00:05<30:48,  5.01s/it]
预训练:   4%|▍         | 15/370 [00:05<01:27,  4.07it/s]
预训练:   8%|▊         | 30/370 [00:05<00:35,  9.59it/s]
预训练:  13%|█▎        | 47/370 [00:05<00:18, 17.80it/s]
预训练:  17%|█▋        | 64/370 [00:05<00:10, 28.11it/s]
预训练:  22%|██▏       | 81/370 [00:05<00:07, 40.47it/s]
预训练:  26%|██▌       | 97/370 [00:05<00:05, 53.84it/s]
预训练:  31%|███       | 113/370 [00:05<00:03, 68.37it/s]
预训练:  35%|███▌      | 130/370 [00:05<00:02, 84.51it/s]
预训练:  40%|███▉      | 147/370 [00:05<00:02, 99.55it/s]
预训练:  44%|████▍     | 164/370 [00:06<00:01, 113.91it/s]
预训练:  49%|████▉     | 181/370 [00:06<00:01, 123.71it/s]
预训练:  53%|█████▎    | 197/370 [00:06<00:01, 132.54it/s]
预训练:  58%|█████▊    | 214/370 [00:06<00:01, 141.10it/s]
预训练:  62%|██████▏   | 231/370 [00:06<00:00, 144.58it/s]
预训练:  67%|██████▋   | 247/370 [00:06<00:00, 145.60it/s]
预训练:  71%|███████   | 263/370 [00:06<00:00, 148.74it/s]
预训练:  75%|███████▌  | 279/370 [00:06<00:00, 151.48it/s]
预训练:  80%|████████  | 296/370 [00:06<00:00, 155.43it/s]
预训练:  85%|████████▍ | 313/370 [00:06<00:00, 157.36it/s]
预训练:  89%|████████▉ | 329/370 [00:07<00:00, 151.57it/s]
预训练:  93%|█████████▎| 345/370 [00:07<00:00, 138.29it/s]
预训练:  97%|█████████▋| 360/370 [00:07<00:00, 130.94it/s]
预训练: 100%|██████████| 370/370 [00:07<00:00, 47.83it/s] 
Epoch 4/500: Train=0.001256  Val=0.000930  LR=3.00e-04

预训练:   0%|          | 0/370 [00:00<?, ?it/s]
预训练:   0%|          | 1/370 [00:05<31:21,  5.10s/it]
预训练:   4%|▎         | 13/370 [00:05<01:43,  3.46it/s]
预训练:   7%|▋         | 25/370 [00:05<00:44,  7.82it/s]
预训练:  10%|█         | 38/370 [00:05<00:23, 13.96it/s]
预训练:  14%|█▎        | 50/370 [00:05<00:15, 21.10it/s]
预训练:  17%|█▋        | 62/370 [00:05<00:10, 29.75it/s]
预训练:  20%|██        | 75/370 [00:05<00:07, 40.59it/s]
预训练:  24%|██▎       | 87/370 [00:05<00:05, 51.27it/s]
预训练:  27%|██▋       | 100/370 [00:05<00:04, 63.25it/s]
预训练:  31%|███       | 113/370 [00:06<00:03, 74.72it/s]
预训练:  34%|███▍      | 125/370 [00:06<00:02, 83.98it/s]
预训练:  37%|███▋      | 137/370 [00:06<00:02, 92.01it/s]
预训练:  40%|████      | 149/370 [00:06<00:02, 98.66it/s]
预训练:  44%|████▍     | 162/370 [00:06<00:01, 104.88it/s]
预训练:  47%|████▋     | 174/370 [00:06<00:01, 108.63it/s]
预训练:  51%|█████     | 187/370 [00:06<00:01, 112.35it/s]
预训练:  54%|█████▍    | 200/370 [00:06<00:01, 114.71it/s]
预训练:  58%|█████▊    | 213/370 [00:06<00:01, 116.39it/s]
预训练:  61%|██████    | 226/370 [00:06<00:01, 117.57it/s]
预训练:  65%|██████▍   | 239/370 [00:07<00:01, 118.20it/s]
预训练:  68%|██████▊   | 252/370 [00:07<00:00, 118.85it/s]
预训练:  72%|███████▏  | 265/370 [00:07<00:00, 119.31it/s]
预训练:  75%|███████▌  | 278/370 [00:07<00:00, 119.62it/s]
预训练:  79%|███████▊  | 291/370 [00:07<00:00, 120.52it/s]
预训练:  82%|████████▏ | 304/370 [00:07<00:00, 119.80it/s]
预训练:  86%|████████▌ | 317/370 [00:07<00:00, 119.97it/s]
预训练:  89%|████████▉ | 330/370 [00:07<00:00, 119.76it/s]
预训练:  93%|█████████▎| 343/370 [00:07<00:00, 119.61it/s]
预训练:  96%|█████████▌| 356/370 [00:08<00:00, 119.84it/s]
预训练:  99%|█████████▉| 368/370 [00:08<00:00, 119.21it/s]
预训练: 100%|██████████| 370/370 [00:08<00:00, 43.20it/s] 
Epoch 5/500: Train=0.001183  Val=0.000792  LR=3.00e-04

预训练:   0%|          | 0/370 [00:00<?, ?it/s]
预训练:   0%|          | 1/370 [00:05<30:58,  5.04s/it]
预训练:   4%|▎         | 13/370 [00:05<01:41,  3.50it/s]
预训练:   8%|▊         | 29/370 [00:05<00:36,  9.41it/s]
预训练:  12%|█▏        | 46/370 [00:05<00:18, 17.60it/s]
预训练:  17%|█▋        | 63/370 [00:05<00:10, 27.94it/s]
预训练:  22%|██▏       | 81/370 [00:05<00:07, 41.14it/s]
预训练:  26%|██▋       | 98/370 [00:05<00:04, 55.47it/s]
预训练:  31%|███       | 115/370 [00:05<00:03, 71.01it/s]
预训练:  36%|███▌      | 132/370 [00:05<00:02, 86.79it/s]
预训练:  40%|████      | 149/370 [00:05<00:02, 101.73it/s]
预训练:  45%|████▌     | 168/370 [00:06<00:01, 119.11it/s]
预训练:  50%|█████     | 185/370 [00:06<00:01, 130.51it/s]
预训练:  55%|█████▍    | 202/370 [00:06<00:01, 139.23it/s]
预训练:  59%|█████▉    | 220/370 [00:06<00:01, 148.64it/s]
预训练:  64%|██████▍   | 237/370 [00:06<00:00, 153.56it/s]
预训练:  69%|██████▊   | 254/370 [00:06<00:00, 156.80it/s]
预训练:  73%|███████▎  | 271/370 [00:06<00:00, 158.29it/s]
预训练:  78%|███████▊  | 288/370 [00:06<00:00, 161.16it/s]
预训练:  83%|████████▎ | 306/370 [00:06<00:00, 166.10it/s]
预训练:  88%|████████▊ | 324/370 [00:07<00:00, 163.84it/s]
预训练:  92%|█████████▏| 341/370 [00:07<00:00, 164.66it/s]
预训练:  97%|█████████▋| 358/370 [00:07<00:00, 162.45it/s]
预训练: 100%|██████████| 370/370 [00:07<00:00, 48.77it/s] 
Epoch 6/500: Train=0.001131  Val=0.000777  LR=3.00e-04

预训练:   0%|          | 0/370 [00:00<?, ?it/s]
预训练:   0%|          | 1/370 [00:05<31:51,  5.18s/it]
预训练:   4%|▍         | 14/370 [00:05<01:36,  3.68it/s]
预训练:   8%|▊         | 30/370 [00:05<00:36,  9.43it/s]
预训练:  13%|█▎        | 47/370 [00:05<00:18, 17.45it/s]
预训练:  17%|█▋        | 64/370 [00:05<00:11, 27.60it/s]
预训练:  22%|██▏       | 83/370 [00:05<00:06, 41.48it/s]
预训练:  27%|██▋       | 100/370 [00:05<00:04, 55.24it/s]
预训练:  32%|███▏      | 118/370 [00:05<00:03, 71.69it/s]
预训练:  36%|███▋      | 135/370 [00:06<00:02, 86.53it/s]
预训练:  41%|████      | 152/370 [00:06<00:02, 101.05it/s]
预训练:  46%|████▌     | 169/370 [00:06<00:01, 114.65it/s]
预训练:  50%|█████     | 186/370 [00:06<00:01, 125.54it/s]
预训练:  55%|█████▍    | 203/370 [00:06<00:01, 136.01it/s]
预训练:  59%|█████▉    | 220/370 [00:06<00:01, 143.64it/s]
预训练:  64%|██████▍   | 237/370 [00:06<00:00, 150.69it/s]
预训练:  69%|██████▉   | 255/370 [00:06<00:00, 156.62it/s]
预训练:  74%|███████▎  | 272/370 [00:06<00:00, 157.72it/s]
预训练:  78%|███████▊  | 289/370 [00:06<00:00, 158.94it/s]
预训练:  83%|████████▎ | 307/370 [00:07<00:00, 163.08it/s]
预训练:  88%|████████▊ | 324/370 [00:07<00:00, 160.46it/s]
预训练:  92%|█████████▏| 342/370 [00:07<00:00, 163.24it/s]
预训练:  97%|█████████▋| 360/370 [00:07<00:00, 164.73it/s]
预训练: 100%|██████████| 370/370 [00:07<00:00, 48.03it/s] 
Epoch 7/500: Train=0.001105  Val=0.000817  LR=3.00e-04

预训练:   0%|          | 0/370 [00:00<?, ?it/s]
预训练:   0%|          | 1/370 [00:05<31:39,  5.15s/it]
预训练:   4%|▍         | 14/370 [00:05<01:36,  3.70it/s]
预训练:   8%|▊         | 29/370 [00:05<00:37,  9.11it/s]
预训练:  12%|█▏        | 46/370 [00:05<00:18, 17.17it/s]
预训练:  18%|█▊        | 65/370 [00:05<00:10, 28.66it/s]
预训练:  22%|██▏       | 83/370 [00:05<00:06, 41.68it/s]
预训练:  27%|██▋       | 100/370 [00:05<00:04, 55.70it/s]
预训练:  32%|███▏      | 117/370 [00:05<00:03, 70.93it/s]
预训练:  36%|███▌      | 134/370 [00:05<00:02, 86.55it/s]
预训练:  41%|████      | 151/370 [00:06<00:02, 101.98it/s]
预训练:  46%|████▌     | 169/370 [00:06<00:01, 117.42it/s]
预训练:  50%|█████     | 186/370 [00:06<00:01, 128.62it/s]
预训练:  55%|█████▌    | 204/370 [00:06<00:01, 139.54it/s]
预训练:  60%|█████▉    | 221/370 [00:06<00:01, 145.88it/s]
预训练:  64%|██████▍   | 238/370 [00:06<00:00, 152.32it/s]
预训练:  69%|██████▉   | 256/370 [00:06<00:00, 157.35it/s]
预训练:  74%|███████▍  | 274/370 [00:06<00:00, 161.43it/s]
预训练:  79%|███████▉  | 292/370 [00:06<00:00, 166.21it/s]
预训练:  84%|████████▍ | 310/370 [00:07<00:00, 167.29it/s]
预训练:  89%|████████▊ | 328/370 [00:07<00:00, 170.69it/s]
预训练:  94%|█████████▎| 346/370 [00:07<00:00, 172.39it/s]
预训练:  98%|█████████▊| 364/370 [00:07<00:00, 173.09it/s]
预训练: 100%|██████████| 370/370 [00:07<00:00, 48.56it/s] 
Epoch 8/500: Train=0.001080  Val=0.000865  LR=3.00e-04

预训练:   0%|          | 0/370 [00:00<?, ?it/s]
预训练:   0%|          | 1/370 [00:05<31:21,  5.10s/it]
预训练:   4%|▍         | 16/370 [00:05<01:22,  4.28it/s]
预训练:   8%|▊         | 31/370 [00:05<00:34,  9.74it/s]
预训练:  13%|█▎        | 49/370 [00:05<00:17, 18.36it/s]
预训练:  18%|█▊        | 66/370 [00:05<00:10, 28.60it/s]
预训练:  23%|██▎       | 84/370 [00:05<00:06, 41.86it/s]
预训练:  27%|██▋       | 100/370 [00:05<00:04, 54.91it/s]
预训练:  32%|███▏      | 117/370 [00:05<00:03, 70.31it/s]
预训练:  36%|███▋      | 135/370 [00:05<00:02, 87.49it/s]
预训练:  41%|████▏     | 153/370 [00:06<00:02, 104.46it/s]
预训练:  46%|████▌     | 171/370 [00:06<00:01, 119.63it/s]
预训练:  51%|█████     | 188/370 [00:06<00:01, 130.64it/s]
预训练:  55%|█████▌    | 205/370 [00:06<00:01, 139.66it/s]
预训练:  60%|██████    | 222/370 [00:06<00:01, 147.53it/s]
预训练:  65%|██████▍   | 239/370 [00:06<00:00, 149.97it/s]
预训练:  69%|██████▉   | 257/370 [00:06<00:00, 157.76it/s]
预训练:  74%|███████▍  | 274/370 [00:06<00:00, 160.75it/s]
预训练:  79%|███████▉  | 292/370 [00:06<00:00, 164.37it/s]
预训练:  84%|████████▍ | 310/370 [00:06<00:00, 166.47it/s]
预训练:  89%|████████▊ | 328/370 [00:07<00:00, 166.72it/s]
预训练:  94%|█████████▎| 346/370 [00:07<00:00, 169.56it/s]
预训练:  98%|█████████▊| 364/370 [00:07<00:00, 171.59it/s]
预训练: 100%|██████████| 370/370 [00:07<00:00, 48.95it/s] 
Epoch 9/500: Train=0.001078  Val=0.000834  LR=3.00e-04

预训练:   0%|          | 0/370 [00:00<?, ?it/s]
预训练:   0%|          | 1/370 [00:05<31:34,  5.13s/it]
预训练:   4%|▍         | 15/370 [00:05<01:29,  3.98it/s]
预训练:   8%|▊         | 30/370 [00:05<00:36,  9.40it/s]
预训练:  13%|█▎        | 48/370 [00:05<00:17, 17.95it/s]
预训练:  18%|█▊        | 65/370 [00:05<00:10, 28.09it/s]
预训练:  22%|██▏       | 81/370 [00:05<00:07, 39.56it/s]
预训练:  26%|██▋       | 98/370 [00:05<00:05, 53.88it/s]
预训练:  31%|███▏      | 116/370 [00:05<00:03, 70.78it/s]
预训练:  36%|███▌      | 134/370 [00:05<00:02, 87.95it/s]
预训练:  41%|████      | 152/370 [00:06<00:02, 103.84it/s]
预训练:  46%|████▌     | 169/370 [00:06<00:01, 116.93it/s]
预训练:  51%|█████     | 187/370 [00:06<00:01, 129.58it/s]
预训练:  55%|█████▌    | 204/370 [00:06<00:01, 138.42it/s]
预训练:  60%|█████▉    | 221/370 [00:06<00:01, 146.16it/s]
预训练:  65%|██████▍   | 239/370 [00:06<00:00, 152.77it/s]
预训练:  69%|██████▉   | 256/370 [00:06<00:00, 156.63it/s]
预训练:  74%|███████▍  | 273/370 [00:06<00:00, 159.92it/s]
预训练:  79%|███████▊  | 291/370 [00:06<00:00, 165.18it/s]
预训练:  84%|████████▎ | 309/370 [00:06<00:00, 167.05it/s]
预训练:  88%|████████▊ | 327/370 [00:07<00:00, 168.36it/s]
预训练:  93%|█████████▎| 345/370 [00:07<00:00, 168.69it/s]
预训练:  98%|█████████▊| 363/370 [00:07<00:00, 168.08it/s]
预训练: 100%|██████████| 370/370 [00:07<00:00, 48.50it/s] 
Epoch 10/500: Train=0.001035  Val=0.000795  LR=3.00e-04

预训练:   0%|          | 0/370 [00:00<?, ?it/s]
预训练:   0%|          | 1/370 [00:05<31:35,  5.14s/it]
预训练:   4%|▍         | 16/370 [00:05<01:23,  4.24it/s]
预训练:   9%|▉         | 33/370 [00:05<00:32, 10.40it/s]
预训练:  14%|█▍        | 51/370 [00:05<00:16, 18.92it/s]
预训练:  18%|█▊        | 68/370 [00:05<00:10, 29.04it/s]
预训练:  23%|██▎       | 85/370 [00:05<00:06, 41.33it/s]
预训练:  27%|██▋       | 101/370 [00:05<00:04, 54.31it/s]
预训练:  32%|███▏      | 119/370 [00:05<00:03, 70.97it/s]
预训练:  37%|███▋      | 137/370 [00:05<00:02, 87.94it/s]
预训练:  42%|████▏     | 154/370 [00:06<00:02, 101.56it/s]
预训练:  46%|████▋     | 172/370 [00:06<00:01, 116.90it/s]
预训练:  51%|█████▏    | 190/370 [00:06<00:01, 129.20it/s]
预训练:  56%|█████▌    | 207/370 [00:06<00:01, 137.75it/s]
预训练:  61%|██████    | 225/370 [00:06<00:00, 147.04it/s]
预训练:  65%|██████▌   | 242/370 [00:06<00:00, 152.09it/s]
预训练:  70%|███████   | 259/370 [00:06<00:00, 153.62it/s]
预训练:  75%|███████▍  | 277/370 [00:06<00:00, 158.72it/s]
预训练:  79%|███████▉  | 294/370 [00:06<00:00, 159.65it/s]
预训练:  84%|████████▍ | 311/370 [00:07<00:00, 162.12it/s]
预训练:  89%|████████▉ | 329/370 [00:07<00:00, 165.36it/s]
预训练:  94%|█████████▎| 346/370 [00:07<00:00, 164.33it/s]
预训练:  98%|█████████▊| 364/370 [00:07<00:00, 166.93it/s]
预训练: 100%|██████████| 370/370 [00:07<00:00, 48.49it/s] 
Epoch 11/500: Train=0.001053  Val=0.000839  LR=3.00e-04

预训练:   0%|          | 0/370 [00:00<?, ?it/s]
预训练:   0%|          | 1/370 [00:05<31:41,  5.15s/it]
预训练:   3%|▎         | 11/370 [00:05<02:04,  2.88it/s]
预训练:   8%|▊         | 29/370 [00:05<00:36,  9.43it/s]
预训练:  12%|█▏        | 46/370 [00:05<00:18, 17.49it/s]
预训练:  17%|█▋        | 64/370 [00:05<00:10, 28.26it/s]
预训练:  22%|██▏       | 81/370 [00:05<00:07, 40.59it/s]
预训练:  26%|██▋       | 98/370 [00:05<00:04, 54.59it/s]
预训练:  31%|███▏      | 116/370 [00:05<00:03, 71.31it/s]
预训练:  36%|███▌      | 133/370 [00:05<00:02, 86.58it/s]
预训练:  41%|████      | 150/370 [00:06<00:02, 101.95it/s]
预训练:  45%|████▌     | 167/370 [00:06<00:01, 114.66it/s]
预训练:  50%|████▉     | 184/370 [00:06<00:01, 125.87it/s]
预训练:  54%|█████▍    | 201/370 [00:06<00:01, 135.97it/s]
预训练:  59%|█████▉    | 219/370 [00:06<00:01, 146.93it/s]
预训练:  64%|██████▍   | 236/370 [00:06<00:00, 149.90it/s]
预训练:  68%|██████▊   | 253/370 [00:06<00:00, 154.13it/s]
预训练:  73%|███████▎  | 270/370 [00:06<00:00, 157.24it/s]
预训练:  78%|███████▊  | 287/370 [00:06<00:00, 158.16it/s]
预训练:  82%|████████▏ | 304/370 [00:07<00:00, 158.62it/s]
预训练:  87%|████████▋ | 321/370 [00:07<00:00, 161.86it/s]
预训练:  91%|█████████▏| 338/370 [00:07<00:00, 163.28it/s]
预训练:  96%|█████████▌| 356/370 [00:07<00:00, 165.50it/s]
预训练: 100%|██████████| 370/370 [00:07<00:00, 48.13it/s] 
Epoch 12/500: Train=0.001030  Val=0.000836  LR=3.00e-04

预训练:   0%|          | 0/370 [00:00<?, ?it/s]
预训练:   0%|          | 1/370 [00:05<31:27,  5.12s/it]
预训练:   3%|▎         | 10/370 [00:05<02:16,  2.63it/s]
预训练:   7%|▋         | 25/370 [00:05<00:42,  8.10it/s]
预训练:  11%|█▏        | 42/370 [00:05<00:20, 16.24it/s]
预训练:  16%|█▌        | 60/370 [00:05<00:11, 27.15it/s]
预训练:  21%|██        | 77/370 [00:05<00:07, 39.48it/s]
预训练:  25%|██▌       | 94/370 [00:05<00:05, 53.78it/s]
预训练:  30%|███       | 111/370 [00:05<00:03, 69.22it/s]
预训练:  35%|███▍      | 128/370 [00:05<00:02, 85.13it/s]
预训练:  39%|███▉      | 146/370 [00:06<00:02, 101.93it/s]
预训练:  44%|████▍     | 163/370 [00:06<00:01, 115.33it/s]
预训练:  49%|████▊     | 180/370 [00:06<00:01, 127.56it/s]
预训练:  53%|█████▎    | 197/370 [00:06<00:01, 137.32it/s]
预训练:  58%|█████▊    | 214/370 [00:06<00:01, 143.56it/s]
预训练:  62%|██████▏   | 231/370 [00:06<00:00, 148.25it/s]
预训练:  67%|██████▋   | 248/370 [00:06<00:00, 153.76it/s]
预训练:  72%|███████▏  | 266/370 [00:06<00:00, 160.22it/s]
预训练:  76%|███████▋  | 283/370 [00:06<00:00, 162.08it/s]
预训练:  81%|████████  | 300/370 [00:06<00:00, 160.21it/s]
预训练:  86%|████████▌ | 317/370 [00:07<00:00, 159.81it/s]
预训练:  90%|█████████ | 334/370 [00:07<00:00, 162.26it/s]
预训练:  95%|█████████▍| 351/370 [00:07<00:00, 163.22it/s]
预训练:  99%|█████████▉| 368/370 [00:07<00:00, 162.36it/s]
预训练: 100%|██████████| 370/370 [00:07<00:00, 48.13it/s] 
  >>> 学习率降低: 3.00e-04 -> 1.50e-04
Epoch 13/500: Train=0.001059  Val=0.000809  LR=1.50e-04

预训练:   0%|          | 0/370 [00:00<?, ?it/s]
预训练:   0%|          | 1/370 [00:05<31:32,  5.13s/it]
预训练:   3%|▎         | 12/370 [00:05<01:53,  3.16it/s]
预训练:   7%|▋         | 25/370 [00:05<00:43,  7.88it/s]
预训练:  11%|█▏        | 42/370 [00:05<00:20, 16.02it/s]
预训练:  16%|█▌        | 60/370 [00:05<00:11, 26.91it/s]
预训练:  21%|██▏       | 79/370 [00:05<00:07, 40.87it/s]
预训练:  26%|██▌       | 96/370 [00:05<00:05, 54.72it/s]
预训练:  31%|███       | 114/370 [00:05<00:03, 71.26it/s]
预训练:  35%|███▌      | 131/370 [00:05<00:02, 86.33it/s]
预训练:  40%|████      | 148/370 [00:06<00:02, 101.29it/s]
预训练:  45%|████▍     | 165/370 [00:06<00:01, 114.94it/s]
预训练:  49%|████▉     | 182/370 [00:06<00:01, 124.12it/s]
预训练:  54%|█████▍    | 199/370 [00:06<00:01, 133.58it/s]
预训练:  59%|█████▊    | 217/370 [00:06<00:01, 143.31it/s]
预训练:  63%|██████▎   | 234/370 [00:06<00:00, 148.45it/s]
预训练:  68%|██████▊   | 251/370 [00:06<00:00, 151.82it/s]
预训练:  73%|███████▎  | 269/370 [00:06<00:00, 158.28it/s]
预训练:  78%|███████▊  | 287/370 [00:06<00:00, 163.01it/s]
预训练:  82%|████████▏ | 304/370 [00:07<00:00, 161.77it/s]
预训练:  87%|████████▋ | 321/370 [00:07<00:00, 163.19it/s]
预训练:  91%|█████████▏| 338/370 [00:07<00:00, 164.21it/s]
预训练:  96%|█████████▌| 356/370 [00:07<00:00, 167.18it/s]
预训练: 100%|██████████| 370/370 [00:07<00:00, 48.09it/s] 
Epoch 14/500: Train=0.000957  Val=0.000757  LR=1.50e-04

预训练:   0%|          | 0/370 [00:00<?, ?it/s]
预训练:   0%|          | 1/370 [00:05<31:26,  5.11s/it]
预训练:   3%|▎         | 12/370 [00:05<01:52,  3.18it/s]
预训练:   6%|▌         | 23/370 [00:05<00:48,  7.16it/s]
预训练:  11%|█         | 40/370 [00:05<00:21, 15.36it/s]
预训练:  15%|█▌        | 57/370 [00:05<00:12, 25.66it/s]
预训练:  20%|██        | 75/370 [00:05<00:07, 39.07it/s]
预训练:  25%|██▍       | 92/370 [00:05<00:05, 53.46it/s]
预训练:  29%|██▉       | 109/370 [00:05<00:03, 69.26it/s]
预训练:  34%|███▍      | 126/370 [00:05<00:02, 85.38it/s]
预训练:  39%|███▊      | 143/370 [00:06<00:02, 101.31it/s]
预训练:  44%|████▎     | 161/370 [00:06<00:01, 116.75it/s]
预训练:  48%|████▊     | 178/370 [00:06<00:01, 125.84it/s]
预训练:  53%|█████▎    | 195/370 [00:06<00:01, 135.58it/s]
预训练:  58%|█████▊    | 213/370 [00:06<00:01, 146.22it/s]
预训练:  62%|██████▏   | 230/370 [00:06<00:00, 152.17it/s]
预训练:  67%|██████▋   | 247/370 [00:06<00:00, 153.28it/s]
预训练:  71%|███████▏  | 264/370 [00:06<00:00, 156.18it/s]
预训练:  76%|███████▌  | 281/370 [00:06<00:00, 157.42it/s]
预训练:  81%|████████  | 299/370 [00:06<00:00, 162.90it/s]
预训练:  85%|████████▌ | 316/370 [00:07<00:00, 162.60it/s]
预训练:  90%|█████████ | 334/370 [00:07<00:00, 166.65it/s]
预训练:  95%|█████████▍| 351/370 [00:07<00:00, 165.70it/s]
预训练:  99%|█████████▉| 368/370 [00:07<00:00, 163.62it/s]
预训练: 100%|██████████| 370/370 [00:07<00:00, 48.19it/s] 
Epoch 15/500: Train=0.000958  Val=0.000735  LR=1.50e-04

预训练:   0%|          | 0/370 [00:00<?, ?it/s]
预训练:   0%|          | 1/370 [00:05<31:44,  5.16s/it]
预训练:   4%|▍         | 14/370 [00:05<01:36,  3.69it/s]
预训练:   8%|▊         | 29/370 [00:05<00:37,  9.09it/s]
预训练:  13%|█▎        | 47/370 [00:05<00:18, 17.62it/s]
预训练:  17%|█▋        | 64/370 [00:05<00:11, 27.76it/s]
预训练:  22%|██▏       | 82/370 [00:05<00:07, 40.79it/s]
预训练:  27%|██▋       | 99/370 [00:05<00:04, 54.70it/s]
预训练:  32%|███▏      | 117/370 [00:05<00:03, 71.09it/s]
预训练:  36%|███▌      | 134/370 [00:05<00:02, 86.44it/s]
预训练:  41%|████      | 151/370 [00:06<00:02, 101.03it/s]
预训练:  45%|████▌     | 168/370 [00:06<00:01, 115.15it/s]
预训练:  50%|█████     | 185/370 [00:06<00:01, 126.26it/s]
预训练:  55%|█████▍    | 202/370 [00:06<00:01, 135.95it/s]
预训练:  59%|█████▉    | 220/370 [00:06<00:01, 146.53it/s]
预训练:  64%|██████▍   | 238/370 [00:06<00:00, 154.26it/s]
预训练:  69%|██████▉   | 255/370 [00:06<00:00, 156.01it/s]
预训练:  74%|███████▎  | 272/370 [00:06<00:00, 158.15it/s]
预训练:  78%|███████▊  | 289/370 [00:06<00:00, 159.41it/s]
预训练:  83%|████████▎ | 306/370 [00:07<00:00, 161.05it/s]
预训练:  87%|████████▋ | 323/370 [00:07<00:00, 163.15it/s]
预训练:  92%|█████████▏| 341/370 [00:07<00:00, 166.12it/s]
预训练:  97%|█████████▋| 358/370 [00:07<00:00, 163.40it/s]
预训练: 100%|██████████| 370/370 [00:07<00:00, 48.13it/s] 
Epoch 16/500: Train=0.000968  Val=0.000737  LR=1.50e-04

预训练:   0%|          | 0/370 [00:00<?, ?it/s]
预训练:   0%|          | 1/370 [00:05<31:32,  5.13s/it]
预训练:   4%|▍         | 15/370 [00:05<01:29,  3.98it/s]
预训练:   8%|▊         | 31/370 [00:05<00:34,  9.79it/s]
预训练:  13%|█▎        | 49/370 [00:05<00:17, 18.35it/s]
预训练:  18%|█▊        | 65/370 [00:05<00:10, 27.83it/s]
预训练:  22%|██▏       | 82/370 [00:05<00:07, 40.15it/s]
预训练:  27%|██▋       | 99/370 [00:05<00:04, 54.36it/s]
预训练:  32%|███▏      | 117/370 [00:05<00:03, 71.29it/s]
预训练:  36%|███▋      | 135/370 [00:05<00:02, 88.53it/s]
预训练:  41%|████      | 152/370 [00:06<00:02, 103.24it/s]
预训练:  46%|████▌     | 169/370 [00:06<00:01, 116.31it/s]
预训练:  50%|█████     | 186/370 [00:06<00:01, 127.77it/s]
预训练:  55%|█████▌    | 204/370 [00:06<00:01, 140.30it/s]
预训练:  60%|█████▉    | 221/370 [00:06<00:01, 147.62it/s]
预训练:  64%|██████▍   | 238/370 [00:06<00:00, 152.83it/s]
预训练:  69%|██████▉   | 255/370 [00:06<00:00, 156.73it/s]
预训练:  74%|███████▎  | 272/370 [00:06<00:00, 159.13it/s]
预训练:  78%|███████▊  | 289/370 [00:06<00:00, 160.86it/s]
预训练:  83%|████████▎ | 306/370 [00:06<00:00, 161.17it/s]
预训练:  87%|████████▋ | 323/370 [00:07<00:00, 163.72it/s]
预训练:  92%|█████████▏| 340/370 [00:07<00:00, 162.70it/s]
预训练:  97%|█████████▋| 358/370 [00:07<00:00, 167.25it/s]
预训练: 100%|██████████| 370/370 [00:07<00:00, 48.46it/s] 
Epoch 17/500: Train=0.000977  Val=0.000777  LR=1.50e-04

预训练:   0%|          | 0/370 [00:00<?, ?it/s]
预训练:   0%|          | 1/370 [00:05<31:33,  5.13s/it]
预训练:   4%|▍         | 15/370 [00:05<01:29,  3.98it/s]
预训练:   9%|▊         | 32/370 [00:05<00:33, 10.15it/s]
预训练:  13%|█▎        | 49/370 [00:05<00:17, 18.19it/s]
预训练:  17%|█▋        | 64/370 [00:05<00:11, 27.02it/s]
预训练:  22%|██▏       | 82/370 [00:05<00:07, 40.25it/s]
预训练:  27%|██▋       | 99/370 [00:05<00:04, 54.33it/s]
预训练:  32%|███▏      | 117/370 [00:05<00:03, 70.99it/s]
预训练:  36%|███▋      | 135/370 [00:05<00:02, 87.98it/s]
预训练:  41%|████▏     | 153/370 [00:06<00:02, 104.57it/s]
预训练:  46%|████▌     | 170/370 [00:06<00:01, 117.78it/s]
预训练:  51%|█████     | 187/370 [00:06<00:01, 128.60it/s]
预训练:  55%|█████▌    | 205/370 [00:06<00:01, 139.16it/s]
预训练:  60%|██████    | 223/370 [00:06<00:00, 148.12it/s]
预训练:  65%|██████▍   | 240/370 [00:06<00:00, 151.76it/s]
预训练:  70%|██████▉   | 258/370 [00:06<00:00, 157.50it/s]
预训练:  75%|███████▍  | 276/370 [00:06<00:00, 162.84it/s]
预训练:  79%|███████▉  | 294/370 [00:06<00:00, 165.36it/s]
预训练:  84%|████████▍ | 312/370 [00:07<00:00, 164.84it/s]
预训练:  89%|████████▉ | 330/370 [00:07<00:00, 168.66it/s]
预训练:  94%|█████████▍| 348/370 [00:07<00:00, 165.72it/s]
预训练:  99%|█████████▉| 366/370 [00:07<00:00, 167.80it/s]
预训练: 100%|██████████| 370/370 [00:07<00:00, 48.56it/s] 
Epoch 18/500: Train=0.000968  Val=0.000766  LR=1.50e-04

预训练:   0%|          | 0/370 [00:00<?, ?it/s]
预训练:   0%|          | 1/370 [00:05<31:24,  5.11s/it]
预训练:   4%|▍         | 15/370 [00:05<01:28,  3.99it/s]
预训练:   8%|▊         | 30/370 [00:05<00:36,  9.44it/s]
预训练:  12%|█▏        | 46/370 [00:05<00:19, 17.02it/s]
预训练:  17%|█▋        | 64/370 [00:05<00:10, 27.90it/s]
预训练:  22%|██▏       | 81/370 [00:05<00:07, 40.22it/s]
预训练:  27%|██▋       | 99/370 [00:05<00:04, 55.52it/s]
预训练:  31%|███       | 115/370 [00:05<00:03, 69.47it/s]
预训练:  36%|███▌      | 133/370 [00:05<00:02, 87.14it/s]
预训练:  41%|████      | 150/370 [00:06<00:02, 102.70it/s]
预训练:  45%|████▌     | 167/370 [00:06<00:01, 116.20it/s]
预训练:  50%|█████     | 185/370 [00:06<00:01, 130.03it/s]
预训练:  55%|█████▍    | 202/370 [00:06<00:01, 139.55it/s]
预训练:  59%|█████▉    | 219/370 [00:06<00:01, 145.58it/s]
预训练:  64%|██████▍   | 236/370 [00:06<00:00, 150.92it/s]
预训练:  68%|██████▊   | 253/370 [00:06<00:00, 156.18it/s]
预训练:  73%|███████▎  | 271/370 [00:06<00:00, 161.54it/s]
预训练:  78%|███████▊  | 288/370 [00:06<00:00, 160.29it/s]
预训练:  82%|████████▏ | 305/370 [00:06<00:00, 162.14it/s]
预训练:  87%|████████▋ | 323/370 [00:07<00:00, 166.33it/s]
预训练:  92%|█████████▏| 341/370 [00:07<00:00, 167.38it/s]
预训练:  97%|█████████▋| 359/370 [00:07<00:00, 168.12it/s]
预训练: 100%|██████████| 370/370 [00:07<00:00, 48.59it/s] 
Epoch 19/500: Train=0.000939  Val=0.000755  LR=1.50e-04

预训练:   0%|          | 0/370 [00:00<?, ?it/s]
预训练:   0%|          | 1/370 [00:05<31:26,  5.11s/it]
预训练:   4%|▍         | 15/370 [00:05<01:28,  3.99it/s]
预训练:   9%|▊         | 32/370 [00:05<00:33, 10.17it/s]
预训练:  14%|█▎        | 50/370 [00:05<00:17, 18.74it/s]
预训练:  18%|█▊        | 67/370 [00:05<00:10, 28.92it/s]
预训练:  23%|██▎       | 85/370 [00:05<00:06, 42.03it/s]
预训练:  28%|██▊       | 102/370 [00:05<00:04, 56.17it/s]
预训练:  32%|███▏      | 120/370 [00:05<00:03, 72.71it/s]
预训练:  37%|███▋      | 138/370 [00:05<00:02, 89.44it/s]
预训练:  42%|████▏     | 155/370 [00:06<00:02, 104.34it/s]
预训练:  46%|████▋     | 172/370 [00:06<00:01, 116.46it/s]
预训练:  51%|█████▏    | 190/370 [00:06<00:01, 130.11it/s]
预训练:  56%|█████▌    | 207/370 [00:06<00:01, 138.53it/s]
预训练:  61%|██████    | 224/370 [00:06<00:01, 145.88it/s]
预训练:  65%|██████▌   | 241/370 [00:06<00:00, 149.93it/s]
预训练:  70%|██████▉   | 258/370 [00:06<00:00, 154.16it/s]
预训练:  75%|███████▍  | 276/370 [00:06<00:00, 158.28it/s]
预训练:  79%|███████▉  | 293/370 [00:06<00:00, 160.23it/s]
预训练:  84%|████████▍ | 311/370 [00:06<00:00, 163.53it/s]
预训练:  89%|████████▉ | 329/370 [00:07<00:00, 168.24it/s]
预训练:  94%|█████████▍| 347/370 [00:07<00:00, 169.69it/s]
预训练:  99%|█████████▊| 365/370 [00:07<00:00, 169.24it/s]
预训练: 100%|██████████| 370/370 [00:07<00:00, 48.77it/s] 
Epoch 20/500: Train=0.000935  Val=0.000719  LR=1.50e-04

预训练:   0%|          | 0/370 [00:00<?, ?it/s]
预训练:   0%|          | 1/370 [00:05<31:21,  5.10s/it]
预训练:   5%|▍         | 17/370 [00:05<01:17,  4.55it/s]
预训练:   9%|▉         | 34/370 [00:05<00:31, 10.73it/s]
预训练:  14%|█▍        | 51/370 [00:05<00:16, 18.80it/s]
预训练:  19%|█▊        | 69/370 [00:05<00:10, 29.57it/s]
预训练:  23%|██▎       | 86/370 [00:05<00:06, 41.84it/s]
预训练:  28%|██▊       | 104/370 [00:05<00:04, 56.95it/s]
预训练:  33%|███▎      | 121/370 [00:05<00:03, 72.09it/s]
预训练:  37%|███▋      | 138/370 [00:05<00:02, 87.74it/s]
预训练:  42%|████▏     | 155/370 [00:06<00:02, 103.01it/s]
预训练:  46%|████▋     | 172/370 [00:06<00:01, 117.18it/s]
预训练:  51%|█████▏    | 190/370 [00:06<00:01, 131.15it/s]
预训练:  56%|█████▌    | 207/370 [00:06<00:01, 139.74it/s]
预训练:  61%|██████    | 224/370 [00:06<00:00, 146.47it/s]
预训练:  65%|██████▌   | 241/370 [00:06<00:00, 151.99it/s]
预训练:  70%|███████   | 259/370 [00:06<00:00, 157.14it/s]
预训练:  75%|███████▍  | 276/370 [00:06<00:00, 159.85it/s]
预训练:  79%|███████▉  | 293/370 [00:06<00:00, 160.90it/s]
预训练:  84%|████████▍ | 310/370 [00:06<00:00, 162.58it/s]
预训练:  88%|████████▊ | 327/370 [00:07<00:00, 164.25it/s]
预训练:  93%|█████████▎| 345/370 [00:07<00:00, 165.94it/s]
预训练:  98%|█████████▊| 362/370 [00:07<00:00, 165.88it/s]
预训练: 100%|██████████| 370/370 [00:07<00:00, 48.81it/s] 
Epoch 21/500: Train=0.000947  Val=0.000777  LR=1.50e-04

预训练:   0%|          | 0/370 [00:00<?, ?it/s]
预训练:   0%|          | 1/370 [00:05<31:24,  5.11s/it]
预训练:   3%|▎         | 11/370 [00:05<02:03,  2.91it/s]
预训练:   6%|▌         | 23/370 [00:05<00:47,  7.28it/s]
预训练:  11%|█         | 40/370 [00:05<00:21, 15.51it/s]
预训练:  16%|█▌        | 58/370 [00:05<00:11, 26.53it/s]
预训练:  20%|██        | 75/370 [00:05<00:07, 38.98it/s]
预训练:  25%|██▍       | 91/370 [00:05<00:05, 52.29it/s]
预训练:  29%|██▉       | 107/370 [00:05<00:03, 66.45it/s]
预训练:  33%|███▎      | 123/370 [00:05<00:03, 80.96it/s]
预训练:  38%|███▊      | 139/370 [00:06<00:02, 95.73it/s]
预训练:  42%|████▏     | 157/370 [00:06<00:01, 112.06it/s]
预训练:  47%|████▋     | 174/370 [00:06<00:01, 123.92it/s]
预训练:  51%|█████▏    | 190/370 [00:06<00:01, 132.74it/s]
预训练:  56%|█████▌    | 207/370 [00:06<00:01, 141.65it/s]
预训练:  61%|██████    | 224/370 [00:06<00:00, 148.88it/s]
预训练:  65%|██████▌   | 241/370 [00:06<00:00, 152.61it/s]
预训练:  70%|██████▉   | 258/370 [00:06<00:00, 154.46it/s]
预训练:  74%|███████▍  | 275/370 [00:06<00:00, 157.51it/s]
预训练:  79%|███████▉  | 293/370 [00:06<00:00, 162.09it/s]
预训练:  84%|████████▍ | 310/370 [00:07<00:00, 163.89it/s]
预训练:  89%|████████▊ | 328/370 [00:07<00:00, 165.21it/s]
预训练:  94%|█████████▎| 346/370 [00:07<00:00, 167.07it/s]
预训练:  98%|█████████▊| 363/370 [00:07<00:00, 166.00it/s]
预训练: 100%|██████████| 370/370 [00:07<00:00, 48.07it/s] 
Epoch 22/500: Train=0.000950  Val=0.000769  LR=1.50e-04

预训练:   0%|          | 0/370 [00:00<?, ?it/s]
预训练:   0%|          | 1/370 [00:05<31:31,  5.13s/it]
预训练:   4%|▍         | 14/370 [00:05<01:35,  3.71it/s]
预训练:   8%|▊         | 29/370 [00:05<00:37,  9.14it/s]
预训练:  12%|█▏        | 46/370 [00:05<00:18, 17.23it/s]
预训练:  17%|█▋        | 63/370 [00:05<00:11, 27.48it/s]
预训练:  22%|██▏       | 80/370 [00:05<00:07, 39.85it/s]
预训练:  26%|██▌       | 96/370 [00:05<00:05, 53.05it/s]
预训练:  31%|███       | 114/370 [00:05<00:03, 70.08it/s]
预训练:  35%|███▌      | 131/370 [00:05<00:02, 86.18it/s]
预训练:  40%|████      | 148/370 [00:06<00:02, 100.82it/s]
预训练:  45%|████▍     | 165/370 [00:06<00:01, 114.39it/s]
预训练:  49%|████▉     | 182/370 [00:06<00:01, 125.13it/s]
预训练:  54%|█████▍    | 200/370 [00:06<00:01, 137.84it/s]
预训练:  59%|█████▊    | 217/370 [00:06<00:01, 144.63it/s]
预训练:  63%|██████▎   | 234/370 [00:06<00:00, 150.59it/s]
预训练:  68%|██████▊   | 251/370 [00:06<00:00, 153.81it/s]
预训练:  72%|███████▏  | 268/370 [00:06<00:00, 157.89it/s]
预训练:  77%|███████▋  | 286/370 [00:06<00:00, 162.51it/s]
预训练:  82%|████████▏ | 303/370 [00:06<00:00, 161.42it/s]
预训练:  87%|████████▋ | 321/370 [00:07<00:00, 165.80it/s]
预训练:  91%|█████████▏| 338/370 [00:07<00:00, 166.53it/s]
预训练:  96%|█████████▌| 355/370 [00:07<00:00, 167.06it/s]
预训练: 100%|██████████| 370/370 [00:07<00:00, 48.35it/s] 
Epoch 23/500: Train=0.000946  Val=0.000722  LR=1.50e-04

预训练:   0%|          | 0/370 [00:00<?, ?it/s]
预训练:   0%|          | 1/370 [00:05<31:29,  5.12s/it]
预训练:   4%|▍         | 16/370 [00:05<01:23,  4.25it/s]
预训练:   8%|▊         | 30/370 [00:05<00:36,  9.31it/s]
预训练:  12%|█▏        | 46/370 [00:05<00:19, 16.90it/s]
预训练:  17%|█▋        | 63/370 [00:05<00:11, 27.12it/s]
预训练:  22%|██▏       | 81/370 [00:05<00:07, 40.44it/s]
预训练:  27%|██▋       | 99/370 [00:05<00:04, 55.74it/s]
预训练:  31%|███▏      | 116/370 [00:05<00:03, 71.23it/s]
预训练:  36%|███▌      | 133/370 [00:05<00:02, 86.33it/s]
预训练:  41%|████      | 150/370 [00:06<00:02, 101.03it/s]
预训练:  45%|████▌     | 167/370 [00:06<00:01, 114.27it/s]
预训练:  50%|████▉     | 184/370 [00:06<00:01, 125.00it/s]
预训练:  55%|█████▍    | 202/370 [00:06<00:01, 137.04it/s]
预训练:  59%|█████▉    | 220/370 [00:06<00:01, 146.90it/s]
预训练:  64%|██████▍   | 238/370 [00:06<00:00, 154.89it/s]
预训练:  69%|██████▉   | 256/370 [00:06<00:00, 161.34it/s]
预训练:  74%|███████▍  | 274/370 [00:06<00:00, 162.47it/s]
预训练:  79%|███████▉  | 292/370 [00:06<00:00, 162.82it/s]
预训练:  84%|████████▍ | 310/370 [00:06<00:00, 165.33it/s]
预训练:  88%|████████▊ | 327/370 [00:07<00:00, 165.71it/s]
预训练:  93%|█████████▎| 344/370 [00:07<00:00, 163.20it/s]
预训练:  98%|█████████▊| 361/370 [00:07<00:00, 161.44it/s]
预训练: 100%|██████████| 370/370 [00:07<00:00, 48.43it/s] 
Epoch 24/500: Train=0.000922  Val=0.000826  LR=1.50e-04

预训练:   0%|          | 0/370 [00:00<?, ?it/s]
预训练:   0%|          | 1/370 [00:05<31:36,  5.14s/it]
预训练:   4%|▍         | 15/370 [00:05<01:29,  3.97it/s]
预训练:   9%|▉         | 33/370 [00:05<00:32, 10.50it/s]
预训练:  13%|█▎        | 49/370 [00:05<00:17, 18.00it/s]
预训练:  18%|█▊        | 66/370 [00:05<00:10, 28.06it/s]
预训练:  22%|██▏       | 83/370 [00:05<00:07, 40.23it/s]
预训练:  28%|██▊       | 102/370 [00:05<00:04, 56.35it/s]
预训练:  32%|███▏      | 119/370 [00:05<00:03, 71.61it/s]
预训练:  37%|███▋      | 137/370 [00:05<00:02, 88.85it/s]
预训练:  42%|████▏     | 154/370 [00:06<00:02, 103.45it/s]
预训练:  46%|████▌     | 171/370 [00:06<00:01, 117.18it/s]
预训练:  51%|█████     | 189/370 [00:06<00:01, 131.05it/s]
预训练:  56%|█████▌    | 206/370 [00:06<00:01, 137.41it/s]
预训练:  61%|██████    | 224/370 [00:06<00:00, 148.32it/s]
预训练:  65%|██████▌   | 242/370 [00:06<00:00, 155.14it/s]
预训练:  70%|███████   | 260/370 [00:06<00:00, 157.22it/s]
预训练:  75%|███████▌  | 278/370 [00:06<00:00, 161.28it/s]
预训练:  80%|███████▉  | 295/370 [00:06<00:00, 162.36it/s]
预训练:  84%|████████▍ | 312/370 [00:07<00:00, 164.06it/s]
预训练:  89%|████████▉ | 329/370 [00:07<00:00, 165.30it/s]
预训练:  94%|█████████▎| 346/370 [00:07<00:00, 165.70it/s]
预训练:  98%|█████████▊| 364/370 [00:07<00:00, 168.89it/s]
预训练: 100%|██████████| 370/370 [00:07<00:00, 48.49it/s] 
Epoch 25/500: Train=0.000933  Val=0.000727  LR=1.50e-04

预训练:   0%|          | 0/370 [00:00<?, ?it/s]
预训练:   0%|          | 1/370 [00:05<31:23,  5.10s/it]
预训练:   4%|▍         | 15/370 [00:05<01:28,  4.00it/s]
预训练:   8%|▊         | 30/370 [00:05<00:36,  9.44it/s]
预训练:  13%|█▎        | 47/370 [00:05<00:18, 17.56it/s]
预训练:  18%|█▊        | 66/370 [00:05<00:10, 29.05it/s]
预训练:  22%|██▏       | 83/370 [00:05<00:06, 41.31it/s]
预训练:  27%|██▋       | 101/370 [00:05<00:04, 56.38it/s]
预训练:  32%|███▏      | 119/370 [00:05<00:03, 72.71it/s]
预训练:  37%|███▋      | 137/370 [00:05<00:02, 89.64it/s]
预训练:  42%|████▏     | 155/370 [00:06<00:02, 106.15it/s]
预训练:  47%|████▋     | 173/370 [00:06<00:01, 119.91it/s]
预训练:  51%|█████▏    | 190/370 [00:06<00:01, 130.76it/s]
预训练:  56%|█████▌    | 207/370 [00:06<00:01, 139.69it/s]
预训练:  61%|██████    | 225/370 [00:06<00:00, 149.73it/s]
预训练:  66%|██████▌   | 243/370 [00:06<00:00, 156.19it/s]
预训练:  71%|███████   | 261/370 [00:06<00:00, 162.31it/s]
预训练:  75%|███████▌  | 279/370 [00:06<00:00, 164.51it/s]
预训练:  80%|████████  | 297/370 [00:06<00:00, 164.70it/s]
预训练:  85%|████████▌ | 315/370 [00:06<00:00, 164.38it/s]
预训练:  90%|████████▉ | 332/370 [00:07<00:00, 163.20it/s]
预训练:  95%|█████████▍| 350/370 [00:07<00:00, 165.16it/s]
预训练:  99%|█████████▉| 367/370 [00:07<00:00, 164.66it/s]
预训练: 100%|██████████| 370/370 [00:07<00:00, 48.78it/s] 
Epoch 26/500: Train=0.000915  Val=0.000703  LR=1.50e-04

预训练:   0%|          | 0/370 [00:00<?, ?it/s]
预训练:   0%|          | 1/370 [00:05<31:24,  5.11s/it]
预训练:   4%|▍         | 15/370 [00:05<01:28,  4.00it/s]
预训练:   9%|▊         | 32/370 [00:05<00:33, 10.19it/s]
预训练:  13%|█▎        | 49/370 [00:05<00:17, 18.27it/s]
预训练:  18%|█▊        | 66/370 [00:05<00:10, 28.40it/s]
预训练:  22%|██▏       | 83/370 [00:05<00:07, 40.66it/s]
预训练:  27%|██▋       | 100/370 [00:05<00:04, 54.82it/s]
预训练:  32%|███▏      | 118/370 [00:05<00:03, 71.40it/s]
预训练:  36%|███▋      | 135/370 [00:05<00:02, 87.15it/s]
预训练:  41%|████      | 152/370 [00:06<00:02, 101.92it/s]
预训练:  46%|████▌     | 169/370 [00:06<00:01, 115.25it/s]
预训练:  50%|█████     | 186/370 [00:06<00:01, 126.65it/s]
预训练:  55%|█████▍    | 203/370 [00:06<00:01, 136.60it/s]
预训练:  59%|█████▉    | 220/370 [00:06<00:01, 143.02it/s]
预训练:  64%|██████▍   | 238/370 [00:06<00:00, 150.87it/s]
预训练:  69%|██████▉   | 256/370 [00:06<00:00, 157.10it/s]
预训练:  74%|███████▍  | 274/370 [00:06<00:00, 161.24it/s]
预训练:  79%|███████▊  | 291/370 [00:06<00:00, 163.25it/s]
预训练:  83%|████████▎ | 308/370 [00:06<00:00, 164.71it/s]
预训练:  88%|████████▊ | 325/370 [00:07<00:00, 164.34it/s]
预训练:  93%|█████████▎| 343/370 [00:07<00:00, 168.89it/s]
预训练:  98%|█████████▊| 361/370 [00:07<00:00, 167.24it/s]
预训练: 100%|██████████| 370/370 [00:07<00:00, 48.59it/s] 
Epoch 27/500: Train=0.000910  Val=0.000712  LR=1.50e-04

预训练:   0%|          | 0/370 [00:00<?, ?it/s]
预训练:   0%|          | 1/370 [00:05<31:27,  5.12s/it]
预训练:   4%|▍         | 16/370 [00:05<01:23,  4.26it/s]
预训练:   8%|▊         | 30/370 [00:05<00:36,  9.32it/s]
预训练:  13%|█▎        | 47/370 [00:05<00:18, 17.44it/s]
预训练:  17%|█▋        | 63/370 [00:05<00:11, 27.03it/s]
预训练:  21%|██▏       | 79/370 [00:05<00:07, 38.56it/s]
预训练:  26%|██▌       | 96/370 [00:05<00:05, 53.04it/s]
预训练:  31%|███       | 113/370 [00:05<00:03, 68.74it/s]
预训练:  35%|███▌      | 131/370 [00:05<00:02, 86.56it/s]
预训练:  40%|████      | 148/370 [00:06<00:02, 102.26it/s]
预训练:  45%|████▍     | 165/370 [00:06<00:01, 116.12it/s]
预训练:  49%|████▉     | 182/370 [00:06<00:01, 128.30it/s]
预训练:  54%|█████▍    | 199/370 [00:06<00:01, 135.95it/s]
预训练:  58%|█████▊    | 216/370 [00:06<00:01, 142.89it/s]
预训练:  63%|██████▎   | 234/370 [00:06<00:00, 151.98it/s]
预训练:  68%|██████▊   | 252/370 [00:06<00:00, 157.52it/s]
预训练:  73%|███████▎  | 269/370 [00:06<00:00, 160.55it/s]
预训练:  77%|███████▋  | 286/370 [00:06<00:00, 160.50it/s]
预训练:  82%|████████▏ | 303/370 [00:06<00:00, 162.29it/s]
预训练:  86%|████████▋ | 320/370 [00:07<00:00, 164.51it/s]
预训练:  91%|█████████ | 337/370 [00:07<00:00, 164.67it/s]
预训练:  96%|█████████▌| 354/370 [00:07<00:00, 163.84it/s]
预训练: 100%|██████████| 370/370 [00:07<00:00, 48.37it/s] 
Epoch 28/500: Train=0.000916  Val=0.000783  LR=1.50e-04

预训练:   0%|          | 0/370 [00:00<?, ?it/s]
预训练:   0%|          | 1/370 [00:05<31:28,  5.12s/it]
预训练:   5%|▍         | 17/370 [00:05<01:17,  4.53it/s]
预训练:   9%|▉         | 35/370 [00:05<00:30, 11.07it/s]
预训练:  14%|█▍        | 51/370 [00:05<00:17, 18.60it/s]
预训练:  19%|█▊        | 69/370 [00:05<00:10, 29.37it/s]
预训练:  23%|██▎       | 86/370 [00:05<00:06, 41.47it/s]
预训练:  28%|██▊       | 103/370 [00:05<00:04, 55.66it/s]
预训练:  33%|███▎      | 121/370 [00:05<00:03, 72.04it/s]
预训练:  37%|███▋      | 138/370 [00:05<00:02, 87.77it/s]
预训练:  42%|████▏     | 155/370 [00:06<00:02, 102.44it/s]
预训练:  46%|████▋     | 172/370 [00:06<00:01, 115.66it/s]
预训练:  51%|█████     | 189/370 [00:06<00:01, 127.55it/s]
预训练:  56%|█████▌    | 207/370 [00:06<00:01, 139.42it/s]
预训练:  61%|██████    | 224/370 [00:06<00:01, 144.71it/s]
预训练:  65%|██████▌   | 241/370 [00:06<00:00, 151.04it/s]
预训练:  70%|██████▉   | 258/370 [00:06<00:00, 154.14it/s]
预训练:  74%|███████▍  | 275/370 [00:06<00:00, 155.96it/s]
预训练:  79%|███████▉  | 293/370 [00:06<00:00, 160.02it/s]
预训练:  84%|████████▍ | 310/370 [00:06<00:00, 162.40it/s]
预训练:  89%|████████▊ | 328/370 [00:07<00:00, 164.62it/s]
预训练:  93%|█████████▎| 345/370 [00:07<00:00, 164.53it/s]
预训练:  98%|█████████▊| 363/370 [00:07<00:00, 167.07it/s]
预训练: 100%|██████████| 370/370 [00:07<00:00, 48.60it/s] 
Epoch 29/500: Train=0.000919  Val=0.000752  LR=1.50e-04

预训练:   0%|          | 0/370 [00:00<?, ?it/s]
预训练:   0%|          | 1/370 [00:05<31:30,  5.12s/it]
预训练:   3%|▎         | 12/370 [00:05<01:52,  3.17it/s]
预训练:   7%|▋         | 26/370 [00:05<00:41,  8.27it/s]
预训练:  12%|█▏        | 43/370 [00:05<00:19, 16.42it/s]
预训练:  16%|█▋        | 61/370 [00:05<00:11, 27.35it/s]
预训练:  21%|██        | 77/370 [00:05<00:07, 38.88it/s]
预训练:  26%|██▌       | 95/370 [00:05<00:05, 54.35it/s]
预训练:  31%|███       | 113/370 [00:05<00:03, 71.00it/s]
预训练:  35%|███▌      | 131/370 [00:05<00:02, 87.81it/s]
预训练:  40%|████      | 149/370 [00:06<00:02, 104.62it/s]
预训练:  45%|████▍     | 166/370 [00:06<00:01, 116.87it/s]
预训练:  50%|████▉     | 184/370 [00:06<00:01, 130.10it/s]
预训练:  55%|█████▍    | 202/370 [00:06<00:01, 140.57it/s]
预训练:  59%|█████▉    | 219/370 [00:06<00:01, 146.61it/s]
预训练:  64%|██████▍   | 237/370 [00:06<00:00, 153.05it/s]
预训练:  69%|██████▊   | 254/370 [00:06<00:00, 156.39it/s]
预训练:  73%|███████▎  | 271/370 [00:06<00:00, 159.29it/s]
预训练:  78%|███████▊  | 288/370 [00:06<00:00, 160.51it/s]
预训练:  82%|████████▏ | 305/370 [00:06<00:00, 160.02it/s]
预训练:  87%|████████▋ | 323/370 [00:07<00:00, 163.86it/s]
预训练:  92%|█████████▏| 341/370 [00:07<00:00, 167.06it/s]
预训练:  97%|█████████▋| 359/370 [00:07<00:00, 168.85it/s]
预训练: 100%|██████████| 370/370 [00:07<00:00, 48.45it/s] 
Epoch 30/500: Train=0.000907  Val=0.000709  LR=1.50e-04

预训练:   0%|          | 0/370 [00:00<?, ?it/s]
预训练:   0%|          | 1/370 [00:05<31:17,  5.09s/it]
预训练:   4%|▍         | 16/370 [00:05<01:22,  4.28it/s]
预训练:   9%|▊         | 32/370 [00:05<00:33, 10.12it/s]
预训练:  13%|█▎        | 48/370 [00:05<00:18, 17.72it/s]
预训练:  18%|█▊        | 65/370 [00:05<00:10, 27.90it/s]
预训练:  22%|██▏       | 82/370 [00:05<00:07, 40.15it/s]
预训练:  27%|██▋       | 99/370 [00:05<00:04, 54.42it/s]
预训练:  31%|███▏      | 116/370 [00:05<00:03, 69.82it/s]
预训练:  36%|███▌      | 133/370 [00:05<00:02, 85.67it/s]
预训练:  41%|████      | 151/370 [00:06<00:02, 102.59it/s]
预训练:  45%|████▌     | 168/370 [00:06<00:01, 116.26it/s]
预训练:  50%|█████     | 186/370 [00:06<00:01, 128.86it/s]
预训练:  55%|█████▌    | 205/370 [00:06<00:01, 142.76it/s]
预训练:  60%|██████    | 223/370 [00:06<00:00, 149.27it/s]
预训练:  65%|██████▌   | 241/370 [00:06<00:00, 154.14it/s]
预训练:  70%|███████   | 259/370 [00:06<00:00, 160.70it/s]
预训练:  75%|███████▌  | 278/370 [00:06<00:00, 166.53it/s]
预训练:  80%|████████  | 296/370 [00:06<00:00, 167.96it/s]
预训练:  85%|████████▍ | 314/370 [00:06<00:00, 168.98it/s]
预训练:  90%|████████▉ | 332/370 [00:07<00:00, 168.75it/s]
预训练:  95%|█████████▍| 350/370 [00:07<00:00, 170.51it/s]
预训练:  99%|█████████▉| 368/370 [00:07<00:00, 168.86it/s]
预训练: 100%|██████████| 370/370 [00:07<00:00, 48.88it/s] 
Epoch 31/500: Train=0.000900  Val=0.000675  LR=1.50e-04

预训练:   0%|          | 0/370 [00:00<?, ?it/s]
预训练:   0%|          | 1/370 [00:05<31:23,  5.10s/it]
预训练:   4%|▍         | 15/370 [00:05<01:28,  4.00it/s]
预训练:   8%|▊         | 30/370 [00:05<00:35,  9.44it/s]
预训练:  12%|█▏        | 46/370 [00:05<00:18, 17.06it/s]
预训练:  17%|█▋        | 63/370 [00:05<00:11, 27.36it/s]
预训练:  22%|██▏       | 80/370 [00:05<00:07, 39.78it/s]
预训练:  26%|██▌       | 97/370 [00:05<00:05, 54.14it/s]
预训练:  31%|███       | 113/370 [00:05<00:03, 68.44it/s]
预训练:  35%|███▌      | 130/370 [00:05<00:02, 84.46it/s]
预训练:  40%|███▉      | 147/370 [00:06<00:02, 99.98it/s]
预训练:  45%|████▍     | 165/370 [00:06<00:01, 116.60it/s]
预训练:  49%|████▉     | 182/370 [00:06<00:01, 128.64it/s]
预训练:  54%|█████▍    | 199/370 [00:06<00:01, 136.85it/s]
预训练:  58%|█████▊    | 216/370 [00:06<00:01, 144.68it/s]
预训练:  63%|██████▎   | 233/370 [00:06<00:00, 149.87it/s]
预训练:  68%|██████▊   | 251/370 [00:06<00:00, 155.59it/s]
预训练:  72%|███████▏  | 268/370 [00:06<00:00, 156.98it/s]
预训练:  77%|███████▋  | 285/370 [00:06<00:00, 160.20it/s]
预训练:  82%|████████▏ | 303/370 [00:06<00:00, 164.92it/s]
预训练:  86%|████████▋ | 320/370 [00:07<00:00, 165.43it/s]
预训练:  91%|█████████▏| 338/370 [00:07<00:00, 167.72it/s]
预训练:  96%|█████████▌| 355/370 [00:07<00:00, 166.93it/s]
预训练: 100%|██████████| 370/370 [00:07<00:00, 48.42it/s] 
Epoch 32/500: Train=0.000886  Val=0.000682  LR=1.50e-04

预训练:   0%|          | 0/370 [00:00<?, ?it/s]
预训练:   0%|          | 1/370 [00:05<31:21,  5.10s/it]
预训练:   4%|▍         | 16/370 [00:05<01:22,  4.27it/s]
预训练:   9%|▊         | 32/370 [00:05<00:33, 10.09it/s]
预训练:  13%|█▎        | 49/370 [00:05<00:17, 18.17it/s]
预训练:  18%|█▊        | 66/370 [00:05<00:10, 28.29it/s]
预训练:  23%|██▎       | 84/370 [00:05<00:06, 41.39it/s]
预训练:  27%|██▋       | 101/370 [00:05<00:04, 55.51it/s]
预训练:  32%|███▏      | 117/370 [00:05<00:03, 69.66it/s]
预训练:  36%|███▋      | 135/370 [00:05<00:02, 86.92it/s]
预训练:  41%|████      | 152/370 [00:06<00:02, 100.61it/s]
预训练:  46%|████▌     | 169/370 [00:06<00:01, 114.30it/s]
预训练:  50%|█████     | 186/370 [00:06<00:01, 125.33it/s]
预训练:  55%|█████▍    | 203/370 [00:06<00:01, 136.20it/s]
预训练:  59%|█████▉    | 220/370 [00:06<00:01, 144.17it/s]
预训练:  64%|██████▍   | 238/370 [00:06<00:00, 151.35it/s]
预训练:  69%|██████▉   | 255/370 [00:06<00:00, 154.76it/s]
预训练:  74%|███████▎  | 272/370 [00:06<00:00, 158.13it/s]
预训练:  78%|███████▊  | 289/370 [00:06<00:00, 160.59it/s]
预训练:  83%|████████▎ | 307/370 [00:06<00:00, 164.28it/s]
预训练:  88%|████████▊ | 325/370 [00:07<00:00, 166.89it/s]
预训练:  92%|█████████▏| 342/370 [00:07<00:00, 166.82it/s]
预训练:  97%|█████████▋| 360/370 [00:07<00:00, 170.16it/s]
预训练: 100%|██████████| 370/370 [00:07<00:00, 48.68it/s] 
Epoch 33/500: Train=0.000889  Val=0.000695  LR=1.50e-04

预训练:   0%|          | 0/370 [00:00<?, ?it/s]
预训练:   0%|          | 1/370 [00:05<31:40,  5.15s/it]
预训练:   4%|▍         | 16/370 [00:05<01:23,  4.23it/s]
预训练:   9%|▉         | 34/370 [00:05<00:31, 10.74it/s]
预训练:  14%|█▍        | 52/370 [00:05<00:16, 19.20it/s]
预训练:  19%|█▉        | 70/370 [00:05<00:10, 29.87it/s]
预训练:  24%|██▎       | 87/370 [00:05<00:06, 41.95it/s]
预训练:  28%|██▊       | 104/370 [00:05<00:04, 56.00it/s]
预训练:  33%|███▎      | 121/370 [00:05<00:03, 71.21it/s]
预训练:  37%|███▋      | 138/370 [00:05<00:02, 86.80it/s]
预训练:  42%|████▏     | 156/370 [00:06<00:02, 104.05it/s]
预训练:  47%|████▋     | 173/370 [00:06<00:01, 116.00it/s]
预训练:  52%|█████▏    | 191/370 [00:06<00:01, 130.62it/s]
预训练:  56%|█████▋    | 209/370 [00:06<00:01, 141.60it/s]
预训练:  61%|██████▏   | 227/370 [00:06<00:00, 149.73it/s]
预训练:  66%|██████▌   | 245/370 [00:06<00:00, 156.15it/s]
预训练:  71%|███████   | 263/370 [00:06<00:00, 161.36it/s]
预训练:  76%|███████▌  | 281/370 [00:06<00:00, 162.93it/s]
预训练:  81%|████████  | 299/370 [00:06<00:00, 165.86it/s]
预训练:  86%|████████▌ | 317/370 [00:07<00:00, 165.39it/s]
预训练:  91%|█████████ | 335/370 [00:07<00:00, 166.69it/s]
预训练:  95%|█████████▌| 352/370 [00:07<00:00, 167.16it/s]
预训练: 100%|█████████▉| 369/370 [00:07<00:00, 163.73it/s]
预训练: 100%|██████████| 370/370 [00:07<00:00, 48.59it/s] 
Epoch 34/500: Train=0.000886  Val=0.000676  LR=1.50e-04

预训练:   0%|          | 0/370 [00:00<?, ?it/s]
预训练:   0%|          | 1/370 [00:05<31:29,  5.12s/it]
预训练:   4%|▍         | 16/370 [00:05<01:23,  4.25it/s]
预训练:   9%|▊         | 32/370 [00:05<00:33, 10.04it/s]
预训练:  14%|█▎        | 50/370 [00:05<00:17, 18.61it/s]
预训练:  18%|█▊        | 67/370 [00:05<00:10, 28.71it/s]
预训练:  23%|██▎       | 84/370 [00:05<00:06, 40.95it/s]
预训练:  27%|██▋       | 101/370 [00:05<00:04, 55.18it/s]
预训练:  32%|███▏      | 118/370 [00:05<00:03, 70.46it/s]
预训练:  36%|███▋      | 135/370 [00:05<00:02, 86.29it/s]
预训练:  41%|████▏     | 153/370 [00:06<00:02, 103.69it/s]
预训练:  46%|████▌     | 170/370 [00:06<00:01, 116.22it/s]
预训练:  51%|█████     | 188/370 [00:06<00:01, 129.66it/s]
预训练:  56%|█████▌    | 206/370 [00:06<00:01, 140.29it/s]
预训练:  60%|██████    | 223/370 [00:06<00:01, 145.31it/s]
预训练:  65%|██████▍   | 240/370 [00:06<00:00, 148.71it/s]
预训练:  69%|██████▉   | 257/370 [00:06<00:00, 153.22it/s]
预训练:  74%|███████▍  | 274/370 [00:06<00:00, 155.87it/s]
预训练:  79%|███████▊  | 291/370 [00:06<00:00, 156.32it/s]
预训练:  84%|████████▎ | 309/370 [00:06<00:00, 161.64it/s]
预训练:  88%|████████▊ | 326/370 [00:07<00:00, 163.56it/s]
预训练:  93%|█████████▎| 343/370 [00:07<00:00, 163.06it/s]
预训练:  97%|█████████▋| 360/370 [00:07<00:00, 162.70it/s]
预训练: 100%|██████████| 370/370 [00:07<00:00, 48.31it/s] 
Epoch 35/500: Train=0.000874  Val=0.000680  LR=1.50e-04

预训练:   0%|          | 0/370 [00:00<?, ?it/s]
预训练:   0%|          | 1/370 [00:05<31:18,  5.09s/it]
预训练:   5%|▍         | 17/370 [00:05<01:17,  4.56it/s]
预训练:  10%|▉         | 36/370 [00:05<00:29, 11.50it/s]
预训练:  15%|█▍        | 54/370 [00:05<00:15, 20.04it/s]
预训练:  19%|█▉        | 72/370 [00:05<00:09, 30.86it/s]
预训练:  24%|██▍       | 90/370 [00:05<00:06, 43.77it/s]
预训练:  29%|██▉       | 107/370 [00:05<00:04, 57.75it/s]
预训练:  34%|███▎      | 124/370 [00:05<00:03, 72.63it/s]
预训练:  38%|███▊      | 141/370 [00:05<00:02, 88.05it/s]
预训练:  43%|████▎     | 158/370 [00:06<00:02, 103.25it/s]
预训练:  48%|████▊     | 176/370 [00:06<00:01, 119.22it/s]
预训练:  52%|█████▏    | 193/370 [00:06<00:01, 130.67it/s]
预训练:  57%|█████▋    | 211/370 [00:06<00:01, 141.16it/s]
预训练:  62%|██████▏   | 228/370 [00:06<00:00, 147.87it/s]
预训练:  66%|██████▌   | 245/370 [00:06<00:00, 153.09it/s]
预训练:  71%|███████   | 263/370 [00:06<00:00, 160.54it/s]
预训练:  76%|███████▌  | 281/370 [00:06<00:00, 161.92it/s]
预训练:  81%|████████  | 299/370 [00:06<00:00, 166.57it/s]
预训练:  86%|████████▌ | 317/370 [00:06<00:00, 167.07it/s]
预训练:  91%|█████████ | 335/370 [00:07<00:00, 167.42it/s]
预训练:  95%|█████████▌| 353/370 [00:07<00:00, 166.72it/s]
预训练: 100%|██████████| 370/370 [00:07<00:00, 49.17it/s] 
Epoch 36/500: Train=0.000885  Val=0.000671  LR=1.50e-04

预训练:   0%|          | 0/370 [00:00<?, ?it/s]
预训练:   0%|          | 1/370 [00:05<31:45,  5.16s/it]
预训练:   4%|▍         | 15/370 [00:05<01:29,  3.95it/s]
预训练:   8%|▊         | 30/370 [00:05<00:36,  9.36it/s]
预训练:  13%|█▎        | 48/370 [00:05<00:17, 17.90it/s]
预训练:  18%|█▊        | 67/370 [00:05<00:10, 29.31it/s]
预训练:  23%|██▎       | 85/370 [00:05<00:06, 42.30it/s]
预训练:  28%|██▊       | 102/370 [00:05<00:04, 56.31it/s]
预训练:  32%|███▏      | 120/370 [00:05<00:03, 73.01it/s]
预训练:  37%|███▋      | 138/370 [00:05<00:02, 89.66it/s]
预训练:  42%|████▏     | 156/370 [00:06<00:02, 105.72it/s]
预训练:  47%|████▋     | 174/370 [00:06<00:01, 119.53it/s]
预训练:  52%|█████▏    | 192/370 [00:06<00:01, 131.81it/s]
预训练:  57%|█████▋    | 210/370 [00:06<00:01, 142.16it/s]
预训练:  62%|██████▏   | 228/370 [00:06<00:00, 149.93it/s]
预训练:  66%|██████▋   | 246/370 [00:06<00:00, 156.67it/s]
预训练:  71%|███████▏  | 264/370 [00:06<00:00, 159.55it/s]
预训练:  76%|███████▌  | 282/370 [00:06<00:00, 160.33it/s]
预训练:  81%|████████  | 299/370 [00:06<00:00, 162.56it/s]
预训练:  86%|████████▌ | 317/370 [00:07<00:00, 167.02it/s]
预训练:  91%|█████████ | 335/370 [00:07<00:00, 167.86it/s]
预训练:  95%|█████████▌| 353/370 [00:07<00:00, 167.50it/s]
预训练: 100%|██████████| 370/370 [00:07<00:00, 48.52it/s] 
Epoch 37/500: Train=0.000869  Val=0.000655  LR=1.50e-04

预训练:   0%|          | 0/370 [00:00<?, ?it/s]
预训练:   0%|          | 1/370 [00:05<31:52,  5.18s/it]
预训练:   4%|▍         | 16/370 [00:05<01:24,  4.21it/s]
预训练:   9%|▊         | 32/370 [00:05<00:33,  9.95it/s]
预训练:  13%|█▎        | 49/370 [00:05<00:17, 17.96it/s]
预训练:  18%|█▊        | 67/370 [00:05<00:10, 28.71it/s]
预训练:  23%|██▎       | 84/370 [00:05<00:06, 40.91it/s]
预训练:  27%|██▋       | 101/370 [00:05<00:04, 54.83it/s]
预训练:  32%|███▏      | 118/370 [00:05<00:03, 70.04it/s]
预训练:  37%|███▋      | 136/370 [00:06<00:02, 87.49it/s]
预训练:  42%|████▏     | 154/370 [00:06<00:02, 103.61it/s]
预训练:  46%|████▋     | 172/370 [00:06<00:01, 118.42it/s]
预训练:  51%|█████     | 189/370 [00:06<00:01, 129.59it/s]
预训练:  56%|█████▌    | 206/370 [00:06<00:01, 138.13it/s]
预训练:  61%|██████    | 224/370 [00:06<00:00, 146.64it/s]
预训练:  65%|██████▌   | 242/370 [00:06<00:00, 154.28it/s]
预训练:  70%|███████   | 259/370 [00:06<00:00, 157.72it/s]
预训练:  75%|███████▍  | 276/370 [00:06<00:00, 160.26it/s]
预训练:  79%|███████▉  | 293/370 [00:06<00:00, 159.40it/s]
预训练:  84%|████████▍ | 310/370 [00:07<00:00, 160.59it/s]
预训练:  88%|████████▊ | 327/370 [00:07<00:00, 161.44it/s]
预训练:  93%|█████████▎| 345/370 [00:07<00:00, 163.95it/s]
预训练:  98%|█████████▊| 363/370 [00:07<00:00, 167.13it/s]
预训练: 100%|██████████| 370/370 [00:07<00:00, 48.21it/s] 
Epoch 38/500: Train=0.000853  Val=0.000714  LR=1.50e-04

预训练:   0%|          | 0/370 [00:00<?, ?it/s]
预训练:   0%|          | 1/370 [00:05<31:51,  5.18s/it]
预训练:   4%|▍         | 16/370 [00:05<01:24,  4.21it/s]
预训练:   9%|▉         | 33/370 [00:05<00:32, 10.30it/s]
预训练:  14%|█▎        | 50/370 [00:05<00:17, 18.26it/s]
预训练:  18%|█▊        | 67/370 [00:05<00:10, 28.25it/s]
预训练:  22%|██▏       | 83/370 [00:05<00:07, 39.58it/s]
预训练:  27%|██▋       | 101/370 [00:05<00:04, 54.88it/s]
预训练:  32%|███▏      | 118/370 [00:05<00:03, 69.89it/s]
预训练:  36%|███▋      | 135/370 [00:06<00:02, 85.32it/s]
预训练:  41%|████      | 152/370 [00:06<00:02, 100.20it/s]
预训练:  46%|████▌     | 169/370 [00:06<00:01, 113.56it/s]
预训练:  50%|█████     | 186/370 [00:06<00:01, 124.14it/s]
预训练:  55%|█████▍    | 203/370 [00:06<00:01, 133.94it/s]
预训练:  59%|█████▉    | 220/370 [00:06<00:01, 142.77it/s]
预训练:  64%|██████▍   | 238/370 [00:06<00:00, 151.89it/s]
预训练:  69%|██████▉   | 256/370 [00:06<00:00, 157.87it/s]
预训练:  74%|███████▍  | 273/370 [00:06<00:00, 160.81it/s]
预训练:  79%|███████▊  | 291/370 [00:06<00:00, 163.95it/s]
预训练:  83%|████████▎ | 308/370 [00:07<00:00, 163.80it/s]
预训练:  88%|████████▊ | 325/370 [00:07<00:00, 163.24it/s]
预训练:  92%|█████████▏| 342/370 [00:07<00:00, 163.77it/s]
预训练:  97%|█████████▋| 359/370 [00:07<00:00, 164.15it/s]
预训练: 100%|██████████| 370/370 [00:07<00:00, 48.01it/s] 
Epoch 39/500: Train=0.000855  Val=0.000645  LR=1.50e-04

预训练:   0%|          | 0/370 [00:00<?, ?it/s]
预训练:   0%|          | 1/370 [00:05<31:44,  5.16s/it]
预训练:   4%|▍         | 15/370 [00:05<01:29,  3.95it/s]
预训练:   9%|▉         | 33/370 [00:05<00:32, 10.45it/s]
预训练:  13%|█▎        | 49/370 [00:05<00:17, 17.93it/s]
预训练:  18%|█▊        | 66/370 [00:05<00:10, 28.00it/s]
预训练:  23%|██▎       | 84/370 [00:05<00:06, 41.02it/s]
预训练:  27%|██▋       | 100/370 [00:05<00:04, 54.10it/s]
预训练:  32%|███▏      | 118/370 [00:05<00:03, 70.52it/s]
预训练:  36%|███▋      | 135/370 [00:05<00:02, 86.28it/s]
预训练:  41%|████      | 152/370 [00:06<00:02, 101.52it/s]
预训练:  46%|████▌     | 170/370 [00:06<00:01, 116.77it/s]
预训练:  51%|█████     | 188/370 [00:06<00:01, 130.05it/s]
预训练:  56%|█████▌    | 206/370 [00:06<00:01, 141.58it/s]
预训练:  61%|██████    | 224/370 [00:06<00:01, 145.12it/s]
预训练:  65%|██████▌   | 241/370 [00:06<00:00, 147.01it/s]
预训练:  70%|██████▉   | 258/370 [00:06<00:00, 152.71it/s]
预训练:  75%|███████▍  | 276/370 [00:06<00:00, 157.61it/s]
预训练:  79%|███████▉  | 293/370 [00:06<00:00, 160.16it/s]
预训练:  84%|████████▍ | 311/370 [00:07<00:00, 164.39it/s]
预训练:  89%|████████▊ | 328/370 [00:07<00:00, 164.11it/s]
预训练:  94%|█████████▎| 346/370 [00:07<00:00, 166.77it/s]
预训练:  98%|█████████▊| 363/370 [00:07<00:00, 166.26it/s]
预训练: 100%|██████████| 370/370 [00:07<00:00, 48.23it/s] 
Epoch 40/500: Train=0.000846  Val=0.000624  LR=1.50e-04

预训练:   0%|          | 0/370 [00:00<?, ?it/s]
预训练:   0%|          | 1/370 [00:05<31:46,  5.17s/it]
预训练:   4%|▍         | 14/370 [00:05<01:36,  3.68it/s]
预训练:   8%|▊         | 29/370 [00:05<00:37,  9.09it/s]
预训练:  12%|█▏        | 46/370 [00:05<00:18, 17.13it/s]
预训练:  17%|█▋        | 63/370 [00:05<00:11, 27.33it/s]
预训练:  22%|██▏       | 80/370 [00:05<00:07, 39.68it/s]
预训练:  26%|██▌       | 97/370 [00:05<00:05, 53.77it/s]
预训练:  31%|███       | 114/370 [00:05<00:03, 69.16it/s]
预训练:  35%|███▌      | 131/370 [00:05<00:02, 85.04it/s]
预训练:  40%|████      | 148/370 [00:06<00:02, 100.54it/s]
预训练:  45%|████▍     | 165/370 [00:06<00:01, 114.41it/s]
预训练:  49%|████▉     | 182/370 [00:06<00:01, 126.59it/s]
预训练:  54%|█████▍    | 199/370 [00:06<00:01, 135.28it/s]
预训练:  58%|█████▊    | 216/370 [00:06<00:01, 143.48it/s]
预训练:  63%|██████▎   | 233/370 [00:06<00:00, 149.78it/s]
预训练:  68%|██████▊   | 250/370 [00:06<00:00, 154.50it/s]
预训练:  72%|███████▏  | 267/370 [00:06<00:00, 157.97it/s]
预训练:  77%|███████▋  | 284/370 [00:06<00:00, 160.49it/s]
预训练:  81%|████████▏ | 301/370 [00:07<00:00, 157.33it/s]
预训练:  86%|████████▌ | 318/370 [00:07<00:00, 158.24it/s]
预训练:  91%|█████████ | 336/370 [00:07<00:00, 163.51it/s]
预训练:  95%|█████████▌| 353/370 [00:07<00:00, 163.03it/s]
预训练: 100%|██████████| 370/370 [00:07<00:00, 163.16it/s]
预训练: 100%|██████████| 370/370 [00:07<00:00, 47.97it/s] 
Epoch 41/500: Train=0.000837  Val=0.000633  LR=1.50e-04

预训练:   0%|          | 0/370 [00:00<?, ?it/s]
预训练:   0%|          | 1/370 [00:05<31:52,  5.18s/it]
预训练:   4%|▍         | 16/370 [00:05<01:24,  4.20it/s]
预训练:   9%|▉         | 33/370 [00:05<00:32, 10.31it/s]
预训练:  14%|█▎        | 50/370 [00:05<00:17, 18.29it/s]
预训练:  18%|█▊        | 67/370 [00:05<00:10, 28.36it/s]
预训练:  23%|██▎       | 84/370 [00:05<00:07, 40.51it/s]
预训练:  28%|██▊       | 102/370 [00:05<00:04, 55.79it/s]
预训练:  32%|███▏      | 119/370 [00:05<00:03, 71.09it/s]
预训练:  37%|███▋      | 136/370 [00:06<00:02, 86.00it/s]
预训练:  41%|████▏     | 153/370 [00:06<00:02, 100.87it/s]
预训练:  46%|████▌     | 170/370 [00:06<00:01, 114.34it/s]
预训练:  51%|█████     | 187/370 [00:06<00:01, 126.75it/s]
预训练:  55%|█████▌    | 204/370 [00:06<00:01, 135.70it/s]
预训练:  60%|██████    | 222/370 [00:06<00:01, 145.60it/s]
预训练:  65%|██████▍   | 240/370 [00:06<00:00, 152.34it/s]
预训练:  69%|██████▉   | 257/370 [00:06<00:00, 155.88it/s]
预训练:  74%|███████▍  | 274/370 [00:06<00:00, 159.81it/s]
预训练:  79%|███████▉  | 292/370 [00:06<00:00, 163.87it/s]
预训练:  84%|████████▎ | 309/370 [00:07<00:00, 162.37it/s]
预训练:  88%|████████▊ | 326/370 [00:07<00:00, 161.32it/s]
预训练:  93%|█████████▎| 343/370 [00:07<00:00, 161.95it/s]
预训练:  97%|█████████▋| 360/370 [00:07<00:00, 163.80it/s]
预训练: 100%|██████████| 370/370 [00:07<00:00, 48.12it/s] 
Epoch 42/500: Train=0.000830  Val=0.000619  LR=1.50e-04

预训练:   0%|          | 0/370 [00:00<?, ?it/s]
预训练:   0%|          | 1/370 [00:05<32:18,  5.25s/it]
预训练:   4%|▍         | 16/370 [00:05<01:25,  4.15it/s]
预训练:   9%|▊         | 32/370 [00:05<00:34,  9.83it/s]
预训练:  14%|█▎        | 50/370 [00:05<00:17, 18.19it/s]
预训练:  18%|█▊        | 67/370 [00:05<00:10, 28.16it/s]
预训练:  23%|██▎       | 85/370 [00:05<00:06, 41.13it/s]
预训练:  28%|██▊       | 102/370 [00:05<00:04, 54.96it/s]
预训练:  32%|███▏      | 120/370 [00:05<00:03, 71.37it/s]
预训练:  37%|███▋      | 137/370 [00:06<00:02, 87.04it/s]
预训练:  42%|████▏     | 154/370 [00:06<00:02, 101.72it/s]
预训练:  46%|████▌     | 171/370 [00:06<00:01, 114.97it/s]
预训练:  51%|█████     | 188/370 [00:06<00:01, 127.43it/s]
预训练:  56%|█████▌    | 206/370 [00:06<00:01, 139.44it/s]
预训练:  60%|██████    | 223/370 [00:06<00:01, 145.46it/s]
预训练:  65%|██████▍   | 240/370 [00:06<00:00, 151.21it/s]
预训练:  69%|██████▉   | 257/370 [00:06<00:00, 155.53it/s]
预训练:  74%|███████▍  | 274/370 [00:06<00:00, 157.38it/s]
预训练:  79%|███████▊  | 291/370 [00:07<00:00, 158.71it/s]
预训练:  84%|████████▎ | 309/370 [00:07<00:00, 161.11it/s]
预训练:  88%|████████▊ | 326/370 [00:07<00:00, 163.18it/s]
预训练:  93%|█████████▎| 343/370 [00:07<00:00, 164.41it/s]
预训练:  97%|█████████▋| 360/370 [00:07<00:00, 160.44it/s]
预训练: 100%|██████████| 370/370 [00:07<00:00, 47.68it/s] 
Epoch 43/500: Train=0.000821  Val=0.000618  LR=1.50e-04

预训练:   0%|          | 0/370 [00:00<?, ?it/s]
预训练:   0%|          | 1/370 [00:05<31:57,  5.20s/it]
预训练:   4%|▍         | 15/370 [00:05<01:30,  3.93it/s]
预训练:   9%|▊         | 32/370 [00:05<00:33, 10.03it/s]
预训练:  14%|█▎        | 50/370 [00:05<00:17, 18.47it/s]
预训练:  18%|█▊        | 66/370 [00:05<00:10, 27.81it/s]
预训练:  23%|██▎       | 84/370 [00:05<00:07, 40.80it/s]
预训练:  27%|██▋       | 100/370 [00:05<00:05, 53.79it/s]
预训练:  32%|███▏      | 117/370 [00:05<00:03, 69.50it/s]
预训练:  36%|███▌      | 134/370 [00:06<00:02, 85.22it/s]
预训练:  41%|████      | 152/370 [00:06<00:02, 102.35it/s]
预训练:  46%|████▌     | 169/370 [00:06<00:01, 116.29it/s]
预训练:  51%|█████     | 187/370 [00:06<00:01, 129.30it/s]
预训练:  55%|█████▌    | 204/370 [00:06<00:01, 137.26it/s]
预训练:  60%|██████    | 222/370 [00:06<00:01, 145.61it/s]
预训练:  65%|██████▍   | 239/370 [00:06<00:00, 152.06it/s]
预训练:  69%|██████▉   | 256/370 [00:06<00:00, 156.56it/s]
预训练:  74%|███████▍  | 273/370 [00:06<00:00, 158.99it/s]
预训练:  78%|███████▊  | 290/370 [00:06<00:00, 161.67it/s]
预训练:  83%|████████▎ | 307/370 [00:07<00:00, 163.13it/s]
预训练:  88%|████████▊ | 325/370 [00:07<00:00, 166.10it/s]
预训练:  92%|█████████▏| 342/370 [00:07<00:00, 162.51it/s]
预训练:  97%|█████████▋| 359/370 [00:07<00:00, 162.79it/s]
预训练: 100%|██████████| 370/370 [00:07<00:00, 48.00it/s] 
Epoch 44/500: Train=0.000814  Val=0.000594  LR=1.50e-04

预训练:   0%|          | 0/370 [00:00<?, ?it/s]
预训练:   0%|          | 1/370 [00:05<32:09,  5.23s/it]
预训练:   4%|▍         | 16/370 [00:05<01:24,  4.17it/s]
预训练:   8%|▊         | 30/370 [00:05<00:37,  9.13it/s]
预训练:  13%|█▎        | 47/370 [00:05<00:18, 17.10it/s]
预训练:  17%|█▋        | 64/370 [00:05<00:11, 27.12it/s]
预训练:  22%|██▏       | 81/370 [00:05<00:07, 39.24it/s]
预训练:  26%|██▋       | 98/370 [00:05<00:05, 53.41it/s]
预训练:  31%|███       | 115/370 [00:05<00:03, 68.97it/s]
预训练:  36%|███▌      | 132/370 [00:06<00:02, 84.97it/s]
预训练:  41%|████      | 150/370 [00:06<00:02, 102.25it/s]
预训练:  45%|████▌     | 167/370 [00:06<00:01, 115.01it/s]
预训练:  50%|█████     | 185/370 [00:06<00:01, 127.89it/s]
预训练:  55%|█████▍    | 202/370 [00:06<00:01, 137.79it/s]
预训练:  59%|█████▉    | 219/370 [00:06<00:01, 144.40it/s]
预训练:  64%|██████▍   | 236/370 [00:06<00:00, 150.82it/s]
预训练:  69%|██████▊   | 254/370 [00:06<00:00, 156.69it/s]
预训练:  74%|███████▎  | 272/370 [00:06<00:00, 161.40it/s]
预训练:  78%|███████▊  | 290/370 [00:06<00:00, 166.20it/s]
预训练:  83%|████████▎ | 308/370 [00:07<00:00, 164.95it/s]
预训练:  88%|████████▊ | 325/370 [00:07<00:00, 164.98it/s]
预训练:  93%|█████████▎| 343/370 [00:07<00:00, 167.37it/s]
预训练:  98%|█████████▊| 361/370 [00:07<00:00, 169.55it/s]
预训练: 100%|██████████| 370/370 [00:07<00:00, 47.85it/s] 
Epoch 45/500: Train=0.000798  Val=0.000689  LR=1.50e-04

预训练:   0%|          | 0/370 [00:00<?, ?it/s]
预训练:   0%|          | 1/370 [00:05<32:10,  5.23s/it]
预训练:   3%|▎         | 11/370 [00:05<02:06,  2.84it/s]
预训练:   6%|▌         | 23/370 [00:05<00:48,  7.11it/s]
预训练:  11%|█         | 40/370 [00:05<00:21, 15.15it/s]
预训练:  16%|█▌        | 58/370 [00:05<00:12, 25.99it/s]
预训练:  20%|██        | 75/370 [00:05<00:07, 38.38it/s]
预训练:  25%|██▍       | 91/370 [00:05<00:05, 51.52it/s]
预训练:  29%|██▉       | 108/370 [00:05<00:03, 67.04it/s]
预训练:  34%|███▍      | 126/370 [00:06<00:02, 84.37it/s]
预训练:  39%|███▊      | 143/370 [00:06<00:02, 100.22it/s]
预训练:  44%|████▎     | 161/370 [00:06<00:01, 116.42it/s]
预训练:  49%|████▊     | 180/370 [00:06<00:01, 132.69it/s]
预训练:  54%|█████▎    | 198/370 [00:06<00:01, 141.88it/s]
预训练:  58%|█████▊    | 216/370 [00:06<00:01, 148.24it/s]
预训练:  63%|██████▎   | 233/370 [00:06<00:00, 153.58it/s]
预训练:  68%|██████▊   | 250/370 [00:06<00:00, 154.68it/s]
预训练:  72%|███████▏  | 267/370 [00:06<00:00, 158.48it/s]
预训练:  77%|███████▋  | 284/370 [00:06<00:00, 160.83it/s]
预训练:  82%|████████▏ | 302/370 [00:07<00:00, 163.97it/s]
预训练:  86%|████████▌ | 319/370 [00:07<00:00, 163.36it/s]
预训练:  91%|█████████ | 336/370 [00:07<00:00, 163.85it/s]
预训练:  96%|█████████▌| 354/370 [00:07<00:00, 165.18it/s]
预训练: 100%|██████████| 370/370 [00:07<00:00, 47.55it/s] 
Epoch 46/500: Train=0.000788  Val=0.000636  LR=1.50e-04

预训练:   0%|          | 0/370 [00:00<?, ?it/s]
预训练:   0%|          | 1/370 [00:05<31:55,  5.19s/it]
预训练:   4%|▍         | 15/370 [00:05<01:30,  3.93it/s]
预训练:   8%|▊         | 30/370 [00:05<00:36,  9.30it/s]
预训练:  13%|█▎        | 47/370 [00:05<00:18, 17.28it/s]
预训练:  17%|█▋        | 64/370 [00:05<00:11, 27.40it/s]
预训练:  22%|██▏       | 82/370 [00:05<00:07, 40.40it/s]
预训练:  27%|██▋       | 99/370 [00:05<00:04, 54.54it/s]
预训练:  31%|███▏      | 116/370 [00:05<00:03, 70.10it/s]
预训练:  36%|███▌      | 134/370 [00:06<00:02, 87.62it/s]
预训练:  41%|████      | 151/370 [00:06<00:02, 102.95it/s]
预训练:  45%|████▌     | 168/370 [00:06<00:01, 115.63it/s]
预训练:  50%|█████     | 186/370 [00:06<00:01, 129.50it/s]
预训练:  55%|█████▍    | 203/370 [00:06<00:01, 138.76it/s]
预训练:  59%|█████▉    | 220/370 [00:06<00:01, 143.86it/s]
预训练:  64%|██████▍   | 237/370 [00:06<00:00, 148.83it/s]
预训练:  69%|██████▊   | 254/370 [00:06<00:00, 153.77it/s]
预训练:  73%|███████▎  | 271/370 [00:06<00:00, 154.84it/s]
预训练:  78%|███████▊  | 288/370 [00:06<00:00, 157.77it/s]
预训练:  83%|████████▎ | 306/370 [00:07<00:00, 161.79it/s]
预训练:  88%|████████▊ | 324/370 [00:07<00:00, 164.18it/s]
预训练:  92%|█████████▏| 341/370 [00:07<00:00, 163.51it/s]
预训练:  97%|█████████▋| 358/370 [00:07<00:00, 160.75it/s]
预训练: 100%|██████████| 370/370 [00:07<00:00, 47.84it/s] 
Epoch 47/500: Train=0.000791  Val=0.000648  LR=1.50e-04

预训练:   0%|          | 0/370 [00:00<?, ?it/s]
预训练:   0%|          | 1/370 [00:05<33:24,  5.43s/it]
预训练:   4%|▍         | 15/370 [00:05<01:34,  3.76it/s]
预训练:   8%|▊         | 31/370 [00:05<00:36,  9.27it/s]
预训练:  13%|█▎        | 47/370 [00:05<00:19, 16.50it/s]
预训练:  17%|█▋        | 64/370 [00:05<00:11, 26.26it/s]
预训练:  22%|██▏       | 81/370 [00:05<00:07, 38.19it/s]
预训练:  26%|██▋       | 98/370 [00:06<00:05, 51.73it/s]
预训练:  31%|███       | 115/370 [00:06<00:03, 66.78it/s]
预训练:  35%|███▌      | 131/370 [00:06<00:02, 81.14it/s]
预训练:  40%|████      | 148/370 [00:06<00:02, 96.65it/s]
预训练:  45%|████▍     | 165/370 [00:06<00:01, 111.05it/s]
预训练:  49%|████▉     | 183/370 [00:06<00:01, 124.93it/s]
预训练:  54%|█████▍    | 200/370 [00:06<00:01, 133.25it/s]
预训练:  59%|█████▊    | 217/370 [00:06<00:01, 141.82it/s]
预训练:  63%|██████▎   | 234/370 [00:06<00:00, 147.71it/s]
预训练:  68%|██████▊   | 251/370 [00:06<00:00, 150.10it/s]
预训练:  73%|███████▎  | 269/370 [00:07<00:00, 154.92it/s]
预训练:  77%|███████▋  | 286/370 [00:07<00:00, 156.50it/s]
预训练:  82%|████████▏ | 303/370 [00:07<00:00, 157.20it/s]
预训练:  87%|████████▋ | 321/370 [00:07<00:00, 161.81it/s]
预训练:  91%|█████████▏| 338/370 [00:07<00:00, 163.68it/s]
预训练:  96%|█████████▌| 355/370 [00:07<00:00, 163.15it/s]
预训练: 100%|██████████| 370/370 [00:08<00:00, 46.24it/s] 
Epoch 48/500: Train=0.000763  Val=0.000562  LR=1.50e-04

预训练:   0%|          | 0/370 [00:00<?, ?it/s]
预训练:   0%|          | 1/370 [00:05<32:53,  5.35s/it]
预训练:   4%|▍         | 16/370 [00:05<01:26,  4.08it/s]
预训练:   9%|▉         | 33/370 [00:05<00:33, 10.02it/s]
预训练:  13%|█▎        | 49/370 [00:05<00:18, 17.31it/s]
预训练:  18%|█▊        | 66/370 [00:05<00:11, 27.14it/s]
预训练:  22%|██▏       | 83/370 [00:05<00:07, 39.22it/s]
预训练:  27%|██▋       | 100/370 [00:05<00:05, 53.26it/s]
预训练:  32%|███▏      | 117/370 [00:06<00:03, 68.56it/s]
预训练:  36%|███▋      | 135/370 [00:06<00:02, 85.93it/s]
预训练:  41%|████▏     | 153/370 [00:06<00:02, 102.00it/s]
预训练:  46%|████▌     | 170/370 [00:06<00:01, 116.06it/s]
预训练:  51%|█████     | 187/370 [00:06<00:01, 126.34it/s]
预训练:  55%|█████▌    | 204/370 [00:06<00:01, 135.95it/s]
预训练:  60%|█████▉    | 221/370 [00:06<00:01, 143.21it/s]
预训练:  64%|██████▍   | 238/370 [00:06<00:00, 145.31it/s]
预训练:  69%|██████▉   | 255/370 [00:06<00:00, 149.93it/s]
预训练:  74%|███████▍  | 273/370 [00:07<00:00, 155.62it/s]
预训练:  78%|███████▊  | 290/370 [00:07<00:00, 156.57it/s]
预训练:  83%|████████▎ | 308/370 [00:07<00:00, 162.24it/s]
预训练:  88%|████████▊ | 325/370 [00:07<00:00, 162.60it/s]
预训练:  93%|█████████▎| 343/370 [00:07<00:00, 164.75it/s]
预训练:  97%|█████████▋| 360/370 [00:07<00:00, 165.31it/s]
预训练: 100%|██████████| 370/370 [00:07<00:00, 47.07it/s] 
Epoch 49/500: Train=0.000746  Val=0.000587  LR=1.50e-04

预训练:   0%|          | 0/370 [00:00<?, ?it/s]
预训练:   0%|          | 1/370 [00:05<32:13,  5.24s/it]
预训练:   5%|▍         | 17/370 [00:05<01:19,  4.43it/s]
预训练:   9%|▉         | 34/370 [00:05<00:32, 10.46it/s]
预训练:  14%|█▎        | 50/370 [00:05<00:17, 17.86it/s]
预训练:  18%|█▊        | 66/370 [00:05<00:11, 27.21it/s]
预训练:  22%|██▏       | 82/370 [00:05<00:07, 38.61it/s]
预训练:  27%|██▋       | 99/370 [00:05<00:05, 52.76it/s]
预训练:  31%|███       | 115/370 [00:05<00:03, 64.76it/s]
预训练:  35%|███▌      | 131/370 [00:06<00:03, 79.04it/s]
预训练:  40%|████      | 148/370 [00:06<00:02, 95.38it/s]
预训练:  45%|████▍     | 165/370 [00:06<00:01, 109.37it/s]
预训练:  49%|████▉     | 183/370 [00:06<00:01, 124.97it/s]
预训练:  54%|█████▍    | 201/370 [00:06<00:01, 137.66it/s]
预训练:  59%|█████▉    | 219/370 [00:06<00:01, 147.39it/s]
预训练:  64%|██████▍   | 236/370 [00:06<00:00, 152.61it/s]
预训练:  69%|██████▊   | 254/370 [00:06<00:00, 157.96it/s]
预训练:  73%|███████▎  | 271/370 [00:06<00:00, 160.88it/s]
预训练:  78%|███████▊  | 289/370 [00:07<00:00, 164.18it/s]
预训练:  83%|████████▎ | 306/370 [00:07<00:00, 164.90it/s]
预训练:  87%|████████▋ | 323/370 [00:07<00:00, 164.47it/s]
预训练:  92%|█████████▏| 341/370 [00:07<00:00, 167.04it/s]
预训练:  97%|█████████▋| 358/370 [00:07<00:00, 164.55it/s]
预训练: 100%|██████████| 370/370 [00:07<00:00, 47.57it/s] 
Epoch 50/500: Train=0.000735  Val=0.000533  LR=1.50e-04

预训练:   0%|          | 0/370 [00:00<?, ?it/s]
预训练:   0%|          | 1/370 [00:05<32:27,  5.28s/it]
预训练:   3%|▎         | 11/370 [00:05<02:07,  2.81it/s]
预训练:   7%|▋         | 27/370 [00:05<00:40,  8.50it/s]
预训练:  12%|█▏        | 45/370 [00:05<00:19, 16.89it/s]
预训练:  17%|█▋        | 62/370 [00:05<00:11, 26.87it/s]
预训练:  22%|██▏       | 80/370 [00:05<00:07, 39.85it/s]
预训练:  26%|██▌       | 97/370 [00:05<00:05, 53.85it/s]
预训练:  31%|███       | 115/370 [00:06<00:03, 70.09it/s]
预训练:  36%|███▌      | 132/370 [00:06<00:02, 85.88it/s]
预训练:  40%|████      | 149/370 [00:06<00:02, 100.16it/s]
预训练:  45%|████▍     | 166/370 [00:06<00:01, 113.68it/s]
预训练:  49%|████▉     | 183/370 [00:06<00:01, 125.32it/s]
预训练:  54%|█████▍    | 200/370 [00:06<00:01, 134.87it/s]
预训练:  59%|█████▊    | 217/370 [00:06<00:01, 142.04it/s]
预训练:  63%|██████▎   | 234/370 [00:06<00:00, 148.28it/s]
预训练:  68%|██████▊   | 251/370 [00:06<00:00, 152.55it/s]
预训练:  72%|███████▏  | 268/370 [00:06<00:00, 154.40it/s]
预训练:  77%|███████▋  | 285/370 [00:07<00:00, 155.72it/s]
预训练:  82%|████████▏ | 302/370 [00:07<00:00, 156.65it/s]
预训练:  86%|████████▌ | 319/370 [00:07<00:00, 159.53it/s]
预训练:  91%|█████████ | 336/370 [00:07<00:00, 160.24it/s]
预训练:  95%|█████████▌| 353/370 [00:07<00:00, 162.11it/s]
预训练: 100%|██████████| 370/370 [00:07<00:00, 163.93it/s]
预训练: 100%|██████████| 370/370 [00:07<00:00, 47.14it/s] 
Epoch 51/500: Train=0.000700  Val=0.000521  LR=1.50e-04

预训练:   0%|          | 0/370 [00:00<?, ?it/s]
预训练:   0%|          | 1/370 [00:05<32:28,  5.28s/it]
预训练:   4%|▍         | 15/370 [00:05<01:31,  3.87it/s]
预训练:   8%|▊         | 29/370 [00:05<00:38,  8.80it/s]
预训练:  12%|█▏        | 46/370 [00:05<00:19, 16.71it/s]
预训练:  17%|█▋        | 63/370 [00:05<00:11, 26.70it/s]
预训练:  22%|██▏       | 81/370 [00:05<00:07, 39.78it/s]
预训练:  26%|██▋       | 98/370 [00:05<00:05, 53.88it/s]
预训练:  31%|███▏      | 116/370 [00:05<00:03, 70.54it/s]
预训练:  36%|███▌      | 133/370 [00:06<00:02, 86.23it/s]
预训练:  41%|████      | 151/370 [00:06<00:02, 102.79it/s]
预训练:  45%|████▌     | 168/370 [00:06<00:01, 116.68it/s]
预训练:  50%|█████     | 185/370 [00:06<00:01, 128.62it/s]
预训练:  55%|█████▍    | 202/370 [00:06<00:01, 138.47it/s]
预训练:  59%|█████▉    | 220/370 [00:06<00:01, 146.97it/s]
预训练:  64%|██████▍   | 237/370 [00:06<00:00, 152.32it/s]
预训练:  69%|██████▊   | 254/370 [00:06<00:00, 156.11it/s]
预训练:  73%|███████▎  | 271/370 [00:06<00:00, 156.93it/s]
预训练:  78%|███████▊  | 288/370 [00:07<00:00, 157.51it/s]
预训练:  82%|████████▏ | 305/370 [00:07<00:00, 159.64it/s]
预训练:  87%|████████▋ | 322/370 [00:07<00:00, 160.77it/s]
预训练:  92%|█████████▏| 339/370 [00:07<00:00, 163.43it/s]
预训练:  96%|█████████▌| 356/370 [00:07<00:00, 163.44it/s]
预训练: 100%|██████████| 370/370 [00:07<00:00, 47.45it/s] 
Epoch 52/500: Train=0.000671  Val=0.000516  LR=1.50e-04

预训练:   0%|          | 0/370 [00:00<?, ?it/s]
预训练:   0%|          | 1/370 [00:05<32:34,  5.30s/it]
预训练:   4%|▍         | 16/370 [00:05<01:25,  4.12it/s]
预训练:   9%|▉         | 34/370 [00:05<00:32, 10.45it/s]
预训练:  14%|█▍        | 52/370 [00:05<00:16, 18.72it/s]
预训练:  19%|█▊        | 69/370 [00:05<00:10, 28.58it/s]
预训练:  24%|██▎       | 87/370 [00:05<00:06, 41.31it/s]
预训练:  28%|██▊       | 105/370 [00:05<00:04, 56.07it/s]
预训练:  33%|███▎      | 123/370 [00:06<00:03, 72.40it/s]
预训练:  38%|███▊      | 140/370 [00:06<00:02, 81.84it/s]
预训练:  42%|████▏     | 156/370 [00:06<00:02, 89.27it/s]
预训练:  46%|████▌     | 170/370 [00:06<00:02, 95.09it/s]
预训练:  50%|████▉     | 184/370 [00:06<00:01, 99.63it/s]
预训练:  53%|█████▎    | 197/370 [00:06<00:01, 102.92it/s]
预训练:  57%|█████▋    | 210/370 [00:06<00:01, 105.78it/s]
预训练:  60%|██████    | 223/370 [00:06<00:01, 109.02it/s]
预训练:  64%|██████▎   | 235/370 [00:06<00:01, 111.24it/s]
预训练:  67%|██████▋   | 247/370 [00:07<00:01, 112.97it/s]
预训练:  70%|███████   | 260/370 [00:07<00:00, 115.42it/s]
预训练:  74%|███████▍  | 273/370 [00:07<00:00, 117.19it/s]
预训练:  77%|███████▋  | 286/370 [00:07<00:00, 118.45it/s]
预训练:  81%|████████  | 299/370 [00:07<00:00, 119.35it/s]
预训练:  84%|████████▍ | 312/370 [00:07<00:00, 120.32it/s]
预训练:  88%|████████▊ | 325/370 [00:07<00:00, 121.01it/s]
预训练:  91%|█████████▏| 338/370 [00:07<00:00, 121.49it/s]
预训练:  95%|█████████▍| 351/370 [00:07<00:00, 122.18it/s]
预训练:  98%|█████████▊| 364/370 [00:08<00:00, 121.97it/s]
预训练: 100%|██████████| 370/370 [00:08<00:00, 43.55it/s] 
Epoch 53/500: Train=0.000646  Val=0.000429  LR=1.50e-04

预训练:   0%|          | 0/370 [00:00<?, ?it/s]
预训练:   0%|          | 1/370 [00:05<31:56,  5.19s/it]
预训练:   4%|▎         | 13/370 [00:05<01:45,  3.40it/s]
预训练:   7%|▋         | 25/370 [00:05<00:44,  7.69it/s]
预训练:  10%|█         | 37/370 [00:05<00:25, 13.28it/s]
预训练:  13%|█▎        | 49/370 [00:05<00:15, 20.34it/s]
预训练:  16%|█▋        | 61/370 [00:05<00:10, 28.82it/s]
预训练:  20%|█▉        | 73/370 [00:05<00:07, 38.69it/s]
预训练:  23%|██▎       | 85/370 [00:05<00:05, 49.47it/s]
预训练:  26%|██▌       | 97/370 [00:06<00:04, 60.64it/s]
预训练:  29%|██▉       | 109/370 [00:06<00:03, 71.72it/s]
预训练:  33%|███▎      | 121/370 [00:06<00:03, 81.20it/s]
预训练:  36%|███▌      | 133/370 [00:06<00:02, 89.29it/s]
预训练:  39%|███▉      | 145/370 [00:06<00:02, 96.35it/s]
预训练:  42%|████▏     | 157/370 [00:06<00:02, 100.90it/s]
预训练:  46%|████▌     | 169/370 [00:06<00:01, 105.15it/s]
预训练:  49%|████▉     | 181/370 [00:06<00:01, 108.34it/s]
预训练:  52%|█████▏    | 193/370 [00:06<00:01, 110.36it/s]
预训练:  55%|█████▌    | 205/370 [00:06<00:01, 112.14it/s]
预训练:  59%|█████▊    | 217/370 [00:07<00:01, 113.04it/s]
预训练:  62%|██████▏   | 229/370 [00:07<00:01, 114.38it/s]
预训练:  65%|██████▌   | 241/370 [00:07<00:01, 114.36it/s]
预训练:  68%|██████▊   | 253/370 [00:07<00:01, 115.99it/s]
预训练:  72%|███████▏  | 265/370 [00:07<00:00, 115.81it/s]
预训练:  75%|███████▍  | 277/370 [00:07<00:00, 116.02it/s]
预训练:  78%|███████▊  | 289/370 [00:07<00:00, 115.83it/s]
预训练:  81%|████████▏ | 301/370 [00:07<00:00, 115.69it/s]
预训练:  85%|████████▍ | 313/370 [00:07<00:00, 116.27it/s]
预训练:  88%|████████▊ | 325/370 [00:07<00:00, 116.68it/s]
预训练:  91%|█████████ | 337/370 [00:08<00:00, 115.62it/s]
预训练:  94%|█████████▍| 349/370 [00:08<00:00, 115.21it/s]
预训练:  98%|█████████▊| 361/370 [00:08<00:00, 115.27it/s]
预训练: 100%|██████████| 370/370 [00:08<00:00, 42.27it/s] 
Epoch 54/500: Train=0.000614  Val=0.000416  LR=1.50e-04

预训练:   0%|          | 0/370 [00:00<?, ?it/s]
预训练:   0%|          | 1/370 [00:05<32:09,  5.23s/it]
预训练:   4%|▎         | 13/370 [00:05<01:45,  3.37it/s]
预训练:   7%|▋         | 25/370 [00:05<00:45,  7.63it/s]
预训练:  10%|█         | 37/370 [00:05<00:25, 13.17it/s]
预训练:  13%|█▎        | 49/370 [00:05<00:15, 20.23it/s]
预训练:  16%|█▋        | 61/370 [00:05<00:10, 28.74it/s]
预训练:  20%|█▉        | 73/370 [00:05<00:07, 38.71it/s]
预训练:  23%|██▎       | 85/370 [00:05<00:05, 49.49it/s]
预训练:  26%|██▌       | 97/370 [00:06<00:04, 60.57it/s]
预训练:  29%|██▉       | 109/370 [00:06<00:03, 71.38it/s]
预训练:  33%|███▎      | 121/370 [00:06<00:03, 80.57it/s]
预训练:  36%|███▌      | 133/370 [00:06<00:02, 89.16it/s]
预训练:  39%|███▉      | 145/370 [00:06<00:02, 95.78it/s]
预训练:  42%|████▏     | 157/370 [00:06<00:02, 101.49it/s]
预训练:  46%|████▌     | 169/370 [00:06<00:01, 105.05it/s]
预训练:  49%|████▉     | 181/370 [00:06<00:01, 107.67it/s]
预训练:  52%|█████▏    | 193/370 [00:06<00:01, 110.18it/s]
预训练:  55%|█████▌    | 205/370 [00:06<00:01, 112.01it/s]
预训练:  59%|█████▊    | 217/370 [00:07<00:01, 113.97it/s]
预训练:  62%|██████▏   | 229/370 [00:07<00:01, 114.72it/s]
预训练:  65%|██████▌   | 241/370 [00:07<00:01, 116.26it/s]
预训练:  68%|██████▊   | 253/370 [00:07<00:01, 116.33it/s]
预训练:  72%|███████▏  | 265/370 [00:07<00:00, 116.38it/s]
预训练:  75%|███████▍  | 277/370 [00:07<00:00, 117.26it/s]
预训练:  78%|███████▊  | 290/370 [00:07<00:00, 118.57it/s]
预训练:  82%|████████▏ | 302/370 [00:07<00:00, 118.64it/s]
预训练:  85%|████████▍ | 314/370 [00:07<00:00, 118.61it/s]
预训练:  88%|████████▊ | 326/370 [00:08<00:00, 118.41it/s]
预训练:  91%|█████████▏| 338/370 [00:08<00:00, 118.88it/s]
预训练:  95%|█████████▍| 350/370 [00:08<00:00, 117.81it/s]
预训练:  98%|█████████▊| 362/370 [00:08<00:00, 117.42it/s]
预训练: 100%|██████████| 370/370 [00:08<00:00, 42.17it/s] 
Epoch 55/500: Train=0.000574  Val=0.000395  LR=1.50e-04

预训练:   0%|          | 0/370 [00:00<?, ?it/s]
预训练:   0%|          | 1/370 [00:05<31:20,  5.10s/it]
预训练:   3%|▎         | 11/370 [00:05<02:03,  2.91it/s]
预训练:   6%|▌         | 22/370 [00:05<00:50,  6.92it/s]
预训练:   9%|▉         | 35/370 [00:05<00:25, 13.13it/s]
预训练:  13%|█▎        | 47/370 [00:05<00:15, 20.25it/s]
预训练:  16%|█▌        | 59/370 [00:05<00:10, 28.98it/s]
预训练:  19%|█▉        | 71/370 [00:05<00:07, 39.01it/s]
预训练:  22%|██▏       | 83/370 [00:05<00:05, 50.08it/s]
预训练:  26%|██▌       | 95/370 [00:05<00:04, 61.31it/s]
预训练:  29%|██▉       | 108/370 [00:06<00:03, 73.17it/s]
预训练:  33%|███▎      | 121/370 [00:06<00:02, 83.69it/s]
预训练:  36%|███▌      | 134/370 [00:06<00:02, 92.55it/s]
预训练:  39%|███▉      | 146/370 [00:06<00:02, 99.20it/s]
预训练:  43%|████▎     | 158/370 [00:06<00:02, 103.75it/s]
预训练:  46%|████▌     | 171/370 [00:06<00:01, 108.44it/s]
预训练:  49%|████▉     | 183/370 [00:06<00:01, 110.98it/s]
预训练:  53%|█████▎    | 195/370 [00:06<00:01, 113.32it/s]
预训练:  56%|█████▌    | 207/370 [00:06<00:01, 114.89it/s]
预训练:  59%|█████▉    | 219/370 [00:06<00:01, 115.37it/s]
预训练:  62%|██████▏   | 231/370 [00:07<00:01, 116.71it/s]
预训练:  66%|██████▌   | 243/370 [00:07<00:01, 117.33it/s]
预训练:  69%|██████▉   | 256/370 [00:07<00:00, 118.62it/s]
预训练:  72%|███████▏  | 268/370 [00:07<00:00, 118.33it/s]
预训练:  76%|███████▌  | 280/370 [00:07<00:00, 117.78it/s]
预训练:  79%|███████▉  | 292/370 [00:07<00:00, 117.40it/s]
预训练:  82%|████████▏ | 304/370 [00:07<00:00, 117.82it/s]
预训练:  85%|████████▌ | 316/370 [00:07<00:00, 118.11it/s]
预训练:  89%|████████▊ | 328/370 [00:07<00:00, 117.97it/s]
预训练:  92%|█████████▏| 340/370 [00:07<00:00, 117.88it/s]
预训练:  95%|█████████▌| 353/370 [00:08<00:00, 117.97it/s]
预训练:  99%|█████████▉| 366/370 [00:08<00:00, 118.71it/s]
预训练: 100%|██████████| 370/370 [00:08<00:00, 42.88it/s] 
Epoch 56/500: Train=0.000548  Val=0.000497  LR=1.50e-04

预训练:   0%|          | 0/370 [00:00<?, ?it/s]
预训练:   0%|          | 1/370 [00:05<31:44,  5.16s/it]
预训练:   5%|▌         | 19/370 [00:05<01:09,  5.03it/s]
预训练:  10%|█         | 37/370 [00:05<00:28, 11.49it/s]
预训练:  15%|█▍        | 54/370 [00:05<00:16, 19.40it/s]
预训练:  19%|█▉        | 72/370 [00:05<00:09, 29.99it/s]
预训练:  24%|██▍       | 89/370 [00:05<00:06, 42.05it/s]
预训练:  29%|██▊       | 106/370 [00:05<00:04, 55.95it/s]
预训练:  33%|███▎      | 123/370 [00:05<00:03, 70.44it/s]
预训练:  38%|███▊      | 141/370 [00:06<00:02, 87.17it/s]
预训练:  43%|████▎     | 158/370 [00:06<00:02, 101.36it/s]
预训练:  47%|████▋     | 175/370 [00:06<00:01, 114.86it/s]
预训练:  52%|█████▏    | 193/370 [00:06<00:01, 128.67it/s]
预训练:  57%|█████▋    | 210/370 [00:06<00:01, 137.07it/s]
预训练:  61%|██████▏   | 227/370 [00:06<00:01, 141.52it/s]
预训练:  66%|██████▌   | 244/370 [00:06<00:00, 147.82it/s]
预训练:  71%|███████   | 261/370 [00:06<00:00, 150.97it/s]
预训练:  75%|███████▌  | 278/370 [00:06<00:00, 155.78it/s]
预训练:  80%|████████  | 297/370 [00:06<00:00, 162.67it/s]
预训练:  85%|████████▍ | 314/370 [00:07<00:00, 161.99it/s]
预训练:  90%|████████▉ | 332/370 [00:07<00:00, 166.18it/s]
预训练:  95%|█████████▍| 350/370 [00:07<00:00, 168.22it/s]
预训练:  99%|█████████▉| 368/370 [00:07<00:00, 169.18it/s]
预训练: 100%|██████████| 370/370 [00:07<00:00, 48.38it/s] 
Epoch 57/500: Train=0.000532  Val=0.000348  LR=1.50e-04

