============================================================
LSTM-Koopman training (temporal baseline)
============================================================
  Config:  C:\Users\Windows\Desktop\论文4\code-projectv2\configs\platform2.yaml
  Output:  C:\Users\Windows\Desktop\论文4\code-projectv2\results\platform2\Models\lstm_koopman
CUDA device: NVIDIA GeForce RTX 5060 Ti
PyTorch CUDA version: 12.8
Using device: cuda
Random seed set to: 42
  State normalised: mean=[0.34522914 0.42333238], std=[3.49778075 3.20666994]
  Control normalised: mean=[0.01455778 0.09308788], std=[27.88254513 28.23064632]
Dataset [train]:
  Total points: 24150
  Valid samples: 23660
  Trajectories: 49
  State normalised (using training-set statistics)
  Control normalised (using training-set statistics)
Dataset [val]:
  Total points: 10351
  Valid samples: 10141
  Trajectories: 21
  State normalised (using training-set statistics)
  Control normalised (using training-set statistics)
Dataset [test]:
  Total points: 500
  Valid samples: 490
  Trajectories: 1
  Train: 23660 / Val: 10141 / Test: 490
Total parameters: 13,440

============================================================
端到端训练 MLP-Koopman
============================================================

Epoch 1:   0%|          | 0/370 [00:00<?, ?it/s]
Epoch 1:   0%|          | 1/370 [00:05<31:23,  5.11s/it]
Epoch 1:   9%|▉         | 35/370 [00:05<00:35,  9.45it/s]
Epoch 1:  20%|██        | 74/370 [00:05<00:12, 23.66it/s]
Epoch 1:  30%|██▉       | 110/370 [00:05<00:06, 40.72it/s]
Epoch 1:  40%|███▉      | 147/370 [00:05<00:03, 62.91it/s]
Epoch 1:  49%|████▉     | 182/370 [00:05<00:02, 88.16it/s]
Epoch 1:  59%|█████▉    | 218/370 [00:05<00:01, 118.37it/s]
Epoch 1:  69%|██████▉   | 256/370 [00:05<00:00, 154.01it/s]
Epoch 1:  79%|███████▉  | 293/370 [00:05<00:00, 188.47it/s]
Epoch 1:  89%|████████▉ | 330/370 [00:06<00:00, 222.08it/s]
Epoch 1:  99%|█████████▉| 366/370 [00:06<00:00, 250.79it/s]
Epoch 1: 100%|██████████| 370/370 [00:06<00:00, 57.79it/s] 
Epoch 1/500: Train=0.001641  Val=0.001190  LR=3.00e-04

Epoch 2:   0%|          | 0/370 [00:00<?, ?it/s]
Epoch 2:   0%|          | 1/370 [00:05<31:10,  5.07s/it]
Epoch 2:   9%|▊         | 32/370 [00:05<00:38,  8.68it/s]
Epoch 2:  18%|█▊        | 65/370 [00:05<00:14, 20.78it/s]
Epoch 2:  28%|██▊       | 102/370 [00:05<00:06, 38.58it/s]
Epoch 2:  38%|███▊      | 139/370 [00:05<00:03, 60.97it/s]
Epoch 2:  48%|████▊     | 178/370 [00:05<00:02, 89.86it/s]
Epoch 2:  58%|█████▊    | 216/370 [00:05<00:01, 122.17it/s]
Epoch 2:  68%|██████▊   | 252/370 [00:05<00:00, 154.05it/s]
Epoch 2:  78%|███████▊  | 287/370 [00:05<00:00, 185.80it/s]
Epoch 2:  88%|████████▊ | 324/370 [00:05<00:00, 220.22it/s]
Epoch 2:  98%|█████████▊| 362/370 [00:06<00:00, 253.62it/s]
Epoch 2: 100%|██████████| 370/370 [00:06<00:00, 57.98it/s] 
Epoch 2/500: Train=0.001145  Val=0.001103  LR=3.00e-04

Epoch 3:   0%|          | 0/370 [00:00<?, ?it/s]
Epoch 3:   0%|          | 1/370 [00:07<44:48,  7.29s/it]
Epoch 3:   6%|▌         | 22/370 [00:07<01:23,  4.17it/s]
Epoch 3:  13%|█▎        | 48/370 [00:07<00:29, 11.01it/s]
Epoch 3:  20%|██        | 75/370 [00:07<00:14, 20.53it/s]
Epoch 3:  27%|██▋       | 101/370 [00:07<00:08, 32.43it/s]
Epoch 3:  34%|███▍      | 126/370 [00:07<00:05, 46.85it/s]
Epoch 3:  41%|████      | 151/370 [00:07<00:03, 64.28it/s]
Epoch 3:  48%|████▊     | 178/370 [00:07<00:02, 86.51it/s]
Epoch 3:  55%|█████▌    | 205/370 [00:08<00:01, 110.78it/s]
Epoch 3:  63%|██████▎   | 232/370 [00:08<00:01, 136.44it/s]
Epoch 3:  70%|███████   | 259/370 [00:08<00:00, 160.84it/s]
Epoch 3:  77%|███████▋  | 286/370 [00:08<00:00, 183.80it/s]
Epoch 3:  85%|████████▍ | 313/370 [00:08<00:00, 200.02it/s]
Epoch 3:  92%|█████████▏| 339/370 [00:08<00:00, 214.18it/s]
Epoch 3:  99%|█████████▉| 366/370 [00:08<00:00, 228.03it/s]
Epoch 3: 100%|██████████| 370/370 [00:09<00:00, 40.67it/s] 
Epoch 3/500: Train=0.001079  Val=0.001041  LR=3.00e-04

Epoch 4:   0%|          | 0/370 [00:00<?, ?it/s]
Epoch 4:   0%|          | 1/370 [00:07<47:49,  7.78s/it]
Epoch 4:   6%|▌         | 22/370 [00:07<01:28,  3.91it/s]
Epoch 4:  13%|█▎        | 48/370 [00:07<00:31, 10.33it/s]
Epoch 4:  20%|██        | 75/370 [00:08<00:15, 19.30it/s]
Epoch 4:  28%|██▊       | 102/370 [00:08<00:08, 31.06it/s]
Epoch 4:  35%|███▍      | 128/370 [00:08<00:05, 45.44it/s]
Epoch 4:  42%|████▏     | 154/370 [00:08<00:03, 63.13it/s]
Epoch 4:  49%|████▊     | 180/370 [00:08<00:02, 83.78it/s]
Epoch 4:  56%|█████▌    | 206/370 [00:08<00:01, 106.12it/s]
Epoch 4:  63%|██████▎   | 232/370 [00:08<00:01, 129.99it/s]
Epoch 4:  70%|██████▉   | 258/370 [00:08<00:00, 153.13it/s]
Epoch 4:  77%|███████▋  | 284/370 [00:08<00:00, 174.25it/s]
Epoch 4:  84%|████████▍ | 310/370 [00:09<00:00, 190.66it/s]
Epoch 4:  91%|█████████ | 335/370 [00:09<00:00, 204.50it/s]
Epoch 4:  98%|█████████▊| 361/370 [00:09<00:00, 217.60it/s]
Epoch 4: 100%|██████████| 370/370 [00:09<00:00, 38.50it/s] 
Epoch 4/500: Train=0.001029  Val=0.001003  LR=3.00e-04

Epoch 5:   0%|          | 0/370 [00:00<?, ?it/s]
Epoch 5:   0%|          | 1/370 [00:07<48:05,  7.82s/it]
Epoch 5:   6%|▌         | 23/370 [00:07<01:25,  4.07it/s]
Epoch 5:  13%|█▎        | 47/370 [00:08<00:32,  9.96it/s]
Epoch 5:  19%|█▉        | 72/370 [00:08<00:16, 18.22it/s]
Epoch 5:  26%|██▋       | 98/370 [00:08<00:09, 29.54it/s]
Epoch 5:  34%|███▎      | 124/370 [00:08<00:05, 43.97it/s]
Epoch 5:  40%|████      | 149/370 [00:08<00:03, 60.76it/s]
Epoch 5:  47%|████▋     | 174/370 [00:08<00:02, 80.60it/s]
Epoch 5:  54%|█████▍    | 200/370 [00:08<00:01, 103.84it/s]
Epoch 5:  61%|██████    | 226/370 [00:08<00:01, 127.52it/s]
Epoch 5:  69%|██████▊   | 254/370 [00:08<00:00, 154.43it/s]
Epoch 5:  76%|███████▌  | 280/370 [00:08<00:00, 174.69it/s]
Epoch 5:  83%|████████▎ | 306/370 [00:09<00:00, 192.19it/s]
Epoch 5:  90%|████████▉ | 332/370 [00:09<00:00, 207.32it/s]
Epoch 5:  97%|█████████▋| 359/370 [00:09<00:00, 222.21it/s]
Epoch 5: 100%|██████████| 370/370 [00:09<00:00, 38.19it/s] 
Epoch 5/500: Train=0.000997  Val=0.000979  LR=3.00e-04

Epoch 6:   0%|          | 0/370 [00:00<?, ?it/s]
Epoch 6:   0%|          | 1/370 [00:07<47:10,  7.67s/it]
Epoch 6:   8%|▊         | 28/370 [00:07<01:07,  5.06it/s]
Epoch 6:  15%|█▍        | 54/370 [00:07<00:27, 11.54it/s]
Epoch 6:  21%|██▏       | 79/370 [00:07<00:14, 19.89it/s]
Epoch 6:  28%|██▊       | 105/370 [00:08<00:08, 31.28it/s]
Epoch 6:  36%|███▌      | 132/370 [00:08<00:05, 46.35it/s]
Epoch 6:  43%|████▎     | 160/370 [00:08<00:03, 65.56it/s]
Epoch 6:  50%|█████     | 185/370 [00:08<00:02, 85.00it/s]
Epoch 6:  57%|█████▋    | 210/370 [00:08<00:01, 106.65it/s]
Epoch 6:  64%|██████▎   | 235/370 [00:08<00:01, 129.28it/s]
Epoch 6:  71%|███████   | 261/370 [00:08<00:00, 152.50it/s]
Epoch 6:  78%|███████▊  | 287/370 [00:08<00:00, 173.70it/s]
Epoch 6:  85%|████████▍ | 313/370 [00:08<00:00, 189.87it/s]
Epoch 6:  92%|█████████▏| 339/370 [00:09<00:00, 204.36it/s]
Epoch 6:  99%|█████████▉| 367/370 [00:09<00:00, 223.61it/s]
Epoch 6: 100%|██████████| 370/370 [00:09<00:00, 39.33it/s] 
Epoch 6/500: Train=0.000979  Val=0.000960  LR=3.00e-04

