============================================================
LSTM-Koopman training (temporal baseline)
============================================================
  Config:  C:\Users\Windows\Desktop\论文4\code-projectv2\configs\platform2.yaml
  Output:  C:\Users\Windows\Desktop\论文4\code-projectv2\results\platform2\Models\lstm_koopman
CUDA device: NVIDIA GeForce RTX 5060 Ti
PyTorch CUDA version: 12.8
Using device: cuda
Random seed set to: 42
  State normalised: mean=[0.34522914 0.42333238], std=[3.49778075 3.20666994]
  Control normalised: mean=[0.01455778 0.09308788], std=[27.88254513 28.23064632]
Dataset [train]:
  Total points: 24150
  Valid samples: 23660
  Trajectories: 49
  State normalised (using training-set statistics)
  Control normalised (using training-set statistics)
Dataset [val]:
  Total points: 10351
  Valid samples: 10141
  Trajectories: 21
  State normalised (using training-set statistics)
  Control normalised (using training-set statistics)
Dataset [test]:
  Total points: 500
  Valid samples: 490
  Trajectories: 1
  Train: 23660 / Val: 10141 / Test: 490
Total parameters: 13,440

============================================================
端到端训练 MLP-Koopman
============================================================

Epoch 1:   0%|          | 0/93 [00:00<?, ?it/s]
Epoch 1: 100%|██████████| 93/93 [00:00<00:00, 183.79it/s]
Epoch 1/500: Train=0.002499  Val=0.001845  LR=3.00e-04

Epoch 2:   0%|          | 0/93 [00:00<?, ?it/s]
Epoch 2: 100%|██████████| 93/93 [00:00<00:00, 259.05it/s]
Epoch 2/500: Train=0.001553  Val=0.001340  LR=3.00e-04

Epoch 3:   0%|          | 0/93 [00:00<?, ?it/s]
Epoch 3: 100%|██████████| 93/93 [00:00<00:00, 261.24it/s]
Epoch 3/500: Train=0.001250  Val=0.001179  LR=3.00e-04

Epoch 4:   0%|          | 0/93 [00:00<?, ?it/s]
Epoch 4: 100%|██████████| 93/93 [00:00<00:00, 257.61it/s]
Epoch 4/500: Train=0.001153  Val=0.001126  LR=3.00e-04

Epoch 5:   0%|          | 0/93 [00:00<?, ?it/s]
Epoch 5: 100%|██████████| 93/93 [00:00<00:00, 260.50it/s]
Epoch 5/500: Train=0.001109  Val=0.001089  LR=3.00e-04

Epoch 6:   0%|          | 0/93 [00:00<?, ?it/s]
Epoch 6: 100%|██████████| 93/93 [00:00<00:00, 229.63it/s]
Epoch 6/500: Train=0.001077  Val=0.001061  LR=3.00e-04

Epoch 7:   0%|          | 0/93 [00:00<?, ?it/s]
Epoch 7: 100%|██████████| 93/93 [00:00<00:00, 254.35it/s]
Epoch 7/500: Train=0.001051  Val=0.001034  LR=3.00e-04

Epoch 8:   0%|          | 0/93 [00:00<?, ?it/s]
Epoch 8: 100%|██████████| 93/93 [00:00<00:00, 261.38it/s]
Epoch 8/500: Train=0.001028  Val=0.001018  LR=3.00e-04

Epoch 9:   0%|          | 0/93 [00:00<?, ?it/s]
Epoch 9: 100%|██████████| 93/93 [00:00<00:00, 264.20it/s]
Epoch 9/500: Train=0.001011  Val=0.001000  LR=3.00e-04

Epoch 10:   0%|          | 0/93 [00:00<?, ?it/s]
Epoch 10: 100%|██████████| 93/93 [00:00<00:00, 262.71it/s]
Epoch 10/500: Train=0.000997  Val=0.000984  LR=3.00e-04

Epoch 11:   0%|          | 0/93 [00:00<?, ?it/s]
Epoch 11: 100%|██████████| 93/93 [00:00<00:00, 256.20it/s]
Epoch 11/500: Train=0.000986  Val=0.000971  LR=3.00e-04

Epoch 12:   0%|          | 0/93 [00:00<?, ?it/s]
Epoch 12: 100%|██████████| 93/93 [00:00<00:00, 250.68it/s]
Epoch 12/500: Train=0.000976  Val=0.000977  LR=3.00e-04

Epoch 13:   0%|          | 0/93 [00:00<?, ?it/s]
Epoch 13: 100%|██████████| 93/93 [00:00<00:00, 252.03it/s]
Epoch 13/500: Train=0.000967  Val=0.000953  LR=3.00e-04

Epoch 14:   0%|          | 0/93 [00:00<?, ?it/s]
Epoch 14: 100%|██████████| 93/93 [00:00<00:00, 256.91it/s]
Epoch 14/500: Train=0.000957  Val=0.000946  LR=3.00e-04

Epoch 15:   0%|          | 0/93 [00:00<?, ?it/s]
Epoch 15: 100%|██████████| 93/93 [00:00<00:00, 259.78it/s]
Epoch 15/500: Train=0.000951  Val=0.000934  LR=3.00e-04

Epoch 16:   0%|          | 0/93 [00:00<?, ?it/s]
Epoch 16: 100%|██████████| 93/93 [00:00<00:00, 256.91it/s]
Epoch 16/500: Train=0.000947  Val=0.000926  LR=3.00e-04

Epoch 17:   0%|          | 0/93 [00:00<?, ?it/s]
Epoch 17: 100%|██████████| 93/93 [00:00<00:00, 256.20it/s]
Epoch 17/500: Train=0.000941  Val=0.000922  LR=3.00e-04

Epoch 18:   0%|          | 0/93 [00:00<?, ?it/s]
Epoch 18: 100%|██████████| 93/93 [00:00<00:00, 253.67it/s]
Epoch 18/500: Train=0.000936  Val=0.000914  LR=3.00e-04

Epoch 19:   0%|          | 0/93 [00:00<?, ?it/s]
Epoch 19: 100%|██████████| 93/93 [00:00<00:00, 249.33it/s]
Epoch 19/500: Train=0.000928  Val=0.000906  LR=3.00e-04

Epoch 20:   0%|          | 0/93 [00:00<?, ?it/s]
Epoch 20: 100%|██████████| 93/93 [00:00<00:00, 231.64it/s]
Epoch 20/500: Train=0.000920  Val=0.000904  LR=3.00e-04

Epoch 21:   0%|          | 0/93 [00:00<?, ?it/s]
Epoch 21: 100%|██████████| 93/93 [00:00<00:00, 259.78it/s]
Epoch 21/500: Train=0.000918  Val=0.000904  LR=3.00e-04

Epoch 22:   0%|          | 0/93 [00:00<?, ?it/s]
Epoch 22: 100%|██████████| 93/93 [00:00<00:00, 255.49it/s]
Epoch 22/500: Train=0.000911  Val=0.000889  LR=3.00e-04

Epoch 23:   0%|          | 0/93 [00:00<?, ?it/s]
Epoch 23: 100%|██████████| 93/93 [00:00<00:00, 255.09it/s]
Epoch 23/500: Train=0.000909  Val=0.000882  LR=3.00e-04

Epoch 24:   0%|          | 0/93 [00:00<?, ?it/s]
Epoch 24: 100%|██████████| 93/93 [00:00<00:00, 253.41it/s]
Epoch 24/500: Train=0.000904  Val=0.000873  LR=3.00e-04

Epoch 25:   0%|          | 0/93 [00:00<?, ?it/s]
Epoch 25: 100%|██████████| 93/93 [00:00<00:00, 256.20it/s]
Epoch 25/500: Train=0.000899  Val=0.000869  LR=3.00e-04

Epoch 26:   0%|          | 0/93 [00:00<?, ?it/s]
Epoch 26: 100%|██████████| 93/93 [00:00<00:00, 256.90it/s]
Epoch 26/500: Train=0.000889  Val=0.000866  LR=3.00e-04

Epoch 27:   0%|          | 0/93 [00:00<?, ?it/s]
Epoch 27: 100%|██████████| 93/93 [00:00<00:00, 260.50it/s]
Epoch 27/500: Train=0.000888  Val=0.000863  LR=3.00e-04

Epoch 28:   0%|          | 0/93 [00:00<?, ?it/s]
Epoch 28: 100%|██████████| 93/93 [00:00<00:00, 253.40it/s]
Epoch 28/500: Train=0.000883  Val=0.000865  LR=3.00e-04

Epoch 29:   0%|          | 0/93 [00:00<?, ?it/s]
Epoch 29: 100%|██████████| 93/93 [00:00<00:00, 257.61it/s]
Epoch 29/500: Train=0.000872  Val=0.000839  LR=3.00e-04

Epoch 30:   0%|          | 0/93 [00:00<?, ?it/s]
Epoch 30: 100%|██████████| 93/93 [00:00<00:00, 262.23it/s]
Epoch 30/500: Train=0.000873  Val=0.000837  LR=3.00e-04

Epoch 31:   0%|          | 0/93 [00:00<?, ?it/s]
Epoch 31: 100%|██████████| 93/93 [00:00<00:00, 258.34it/s]
Epoch 31/500: Train=0.000866  Val=0.000830  LR=3.00e-04

Epoch 32:   0%|          | 0/93 [00:00<?, ?it/s]
Epoch 32: 100%|██████████| 93/93 [00:00<00:00, 256.38it/s]
Epoch 32/500: Train=0.000863  Val=0.000822  LR=3.00e-04

Epoch 33:   0%|          | 0/93 [00:00<?, ?it/s]
Epoch 33: 100%|██████████| 93/93 [00:00<00:00, 259.78it/s]
Epoch 33/500: Train=0.000858  Val=0.000826  LR=3.00e-04

Epoch 34:   0%|          | 0/93 [00:00<?, ?it/s]
Epoch 34: 100%|██████████| 93/93 [00:00<00:00, 229.63it/s]
Epoch 34/500: Train=0.000855  Val=0.000813  LR=3.00e-04

Epoch 35:   0%|          | 0/93 [00:00<?, ?it/s]
Epoch 35: 100%|██████████| 93/93 [00:00<00:00, 261.97it/s]
Epoch 35/500: Train=0.000850  Val=0.000808  LR=3.00e-04

Epoch 36:   0%|          | 0/93 [00:00<?, ?it/s]
Epoch 36: 100%|██████████| 93/93 [00:00<00:00, 256.90it/s]
Epoch 36/500: Train=0.000846  Val=0.000801  LR=3.00e-04

Epoch 37:   0%|          | 0/93 [00:00<?, ?it/s]
Epoch 37: 100%|██████████| 93/93 [00:00<00:00, 254.79it/s]
Epoch 37/500: Train=0.000838  Val=0.000795  LR=3.00e-04

Epoch 38:   0%|          | 0/93 [00:00<?, ?it/s]
Epoch 38: 100%|██████████| 93/93 [00:00<00:00, 254.10it/s]
Epoch 38/500: Train=0.000837  Val=0.000785  LR=3.00e-04

Epoch 39:   0%|          | 0/93 [00:00<?, ?it/s]
Epoch 39: 100%|██████████| 93/93 [00:00<00:00, 258.34it/s]
Epoch 39/500: Train=0.000833  Val=0.000784  LR=3.00e-04

Epoch 40:   0%|          | 0/93 [00:00<?, ?it/s]
Epoch 40: 100%|██████████| 93/93 [00:00<00:00, 255.49it/s]
Epoch 40/500: Train=0.000833  Val=0.000794  LR=3.00e-04

Epoch 41:   0%|          | 0/93 [00:00<?, ?it/s]
Epoch 41: 100%|██████████| 93/93 [00:00<00:00, 260.79it/s]
Epoch 41/500: Train=0.000831  Val=0.000775  LR=3.00e-04

Epoch 42:   0%|          | 0/93 [00:00<?, ?it/s]
Epoch 42: 100%|██████████| 93/93 [00:00<00:00, 252.72it/s]
Epoch 42/500: Train=0.000826  Val=0.000779  LR=3.00e-04

Epoch 43:   0%|          | 0/93 [00:00<?, ?it/s]
Epoch 43: 100%|██████████| 93/93 [00:00<00:00, 255.49it/s]
Epoch 43/500: Train=0.000817  Val=0.000767  LR=3.00e-04

Epoch 44:   0%|          | 0/93 [00:00<?, ?it/s]
Epoch 44: 100%|██████████| 93/93 [00:00<00:00, 260.40it/s]
Epoch 44/500: Train=0.000820  Val=0.000768  LR=3.00e-04

Epoch 45:   0%|          | 0/93 [00:00<?, ?it/s]
Epoch 45: 100%|██████████| 93/93 [00:00<00:00, 257.62it/s]
Epoch 45/500: Train=0.000814  Val=0.000758  LR=3.00e-04

Epoch 46:   0%|          | 0/93 [00:00<?, ?it/s]
Epoch 46: 100%|██████████| 93/93 [00:00<00:00, 259.78it/s]
Epoch 46/500: Train=0.000807  Val=0.000754  LR=3.00e-04

Epoch 47:   0%|          | 0/93 [00:00<?, ?it/s]
Epoch 47: 100%|██████████| 93/93 [00:00<00:00, 242.19it/s]
Epoch 47/500: Train=0.000812  Val=0.000749  LR=3.00e-04

Epoch 48:   0%|          | 0/93 [00:00<?, ?it/s]
Epoch 48: 100%|██████████| 93/93 [00:00<00:00, 250.00it/s]
Epoch 48/500: Train=0.000806  Val=0.000752  LR=3.00e-04

Epoch 49:   0%|          | 0/93 [00:00<?, ?it/s]
Epoch 49: 100%|██████████| 93/93 [00:00<00:00, 257.62it/s]
Epoch 49/500: Train=0.000805  Val=0.000746  LR=3.00e-04

Epoch 50:   0%|          | 0/93 [00:00<?, ?it/s]
Epoch 50: 100%|██████████| 93/93 [00:00<00:00, 251.35it/s]
Epoch 50/500: Train=0.000800  Val=0.000740  LR=3.00e-04

Epoch 51:   0%|          | 0/93 [00:00<?, ?it/s]
Epoch 51: 100%|██████████| 93/93 [00:00<00:00, 250.67it/s]
Epoch 51/500: Train=0.000795  Val=0.000738  LR=3.00e-04

Epoch 52:   0%|          | 0/93 [00:00<?, ?it/s]
Epoch 52: 100%|██████████| 93/93 [00:00<00:00, 257.62it/s]
Epoch 52/500: Train=0.000796  Val=0.000736  LR=3.00e-04

Epoch 53:   0%|          | 0/93 [00:00<?, ?it/s]
Epoch 53: 100%|██████████| 93/93 [00:00<00:00, 252.28it/s]
Epoch 53/500: Train=0.000792  Val=0.000735  LR=3.00e-04

Epoch 54:   0%|          | 0/93 [00:00<?, ?it/s]
Epoch 54: 100%|██████████| 93/93 [00:00<00:00, 243.45it/s]
Epoch 54/500: Train=0.000787  Val=0.000727  LR=3.00e-04

Epoch 55:   0%|          | 0/93 [00:00<?, ?it/s]
Epoch 55: 100%|██████████| 93/93 [00:00<00:00, 224.64it/s]
Epoch 55/500: Train=0.000785  Val=0.000725  LR=3.00e-04

Epoch 56:   0%|          | 0/93 [00:00<?, ?it/s]
Epoch 56: 100%|██████████| 93/93 [00:00<00:00, 252.52it/s]
Epoch 56/500: Train=0.000787  Val=0.000726  LR=3.00e-04

Epoch 57:   0%|          | 0/93 [00:00<?, ?it/s]
Epoch 57: 100%|██████████| 93/93 [00:00<00:00, 247.58it/s]
Epoch 57/500: Train=0.000784  Val=0.000716  LR=3.00e-04

Epoch 58:   0%|          | 0/93 [00:00<?, ?it/s]
Epoch 58: 100%|██████████| 93/93 [00:00<00:00, 251.35it/s]
Epoch 58/500: Train=0.000779  Val=0.000717  LR=3.00e-04

Epoch 59:   0%|          | 0/93 [00:00<?, ?it/s]
Epoch 59: 100%|██████████| 93/93 [00:00<00:00, 248.66it/s]
Epoch 59/500: Train=0.000775  Val=0.000712  LR=3.00e-04

Epoch 60:   0%|          | 0/93 [00:00<?, ?it/s]
Epoch 60: 100%|██████████| 93/93 [00:00<00:00, 247.35it/s]
Epoch 60/500: Train=0.000770  Val=0.000709  LR=3.00e-04

Epoch 61:   0%|          | 0/93 [00:00<?, ?it/s]
Epoch 61: 100%|██████████| 93/93 [00:00<00:00, 227.38it/s]
Epoch 61/500: Train=0.000765  Val=0.000719  LR=3.00e-04

Epoch 62:   0%|          | 0/93 [00:00<?, ?it/s]
Epoch 62: 100%|██████████| 93/93 [00:00<00:00, 267.24it/s]
Epoch 62/500: Train=0.000772  Val=0.000707  LR=3.00e-04

Epoch 63:   0%|          | 0/93 [00:00<?, ?it/s]
Epoch 63: 100%|██████████| 93/93 [00:00<00:00, 253.35it/s]
Epoch 63/500: Train=0.000763  Val=0.000701  LR=3.00e-04

Epoch 64:   0%|          | 0/93 [00:00<?, ?it/s]
Epoch 64: 100%|██████████| 93/93 [00:00<00:00, 256.84it/s]
Epoch 64/500: Train=0.000762  Val=0.000696  LR=3.00e-04

Epoch 65:   0%|          | 0/93 [00:00<?, ?it/s]
Epoch 65: 100%|██████████| 93/93 [00:00<00:00, 256.91it/s]
Epoch 65/500: Train=0.000758  Val=0.000692  LR=3.00e-04

Epoch 66:   0%|          | 0/93 [00:00<?, ?it/s]
Epoch 66: 100%|██████████| 93/93 [00:00<00:00, 256.20it/s]
Epoch 66/500: Train=0.000757  Val=0.000700  LR=3.00e-04

Epoch 67:   0%|          | 0/93 [00:00<?, ?it/s]
Epoch 67: 100%|██████████| 93/93 [00:00<00:00, 249.33it/s]
Epoch 67/500: Train=0.000756  Val=0.000689  LR=3.00e-04

Epoch 68:   0%|          | 0/93 [00:00<?, ?it/s]
Epoch 68: 100%|██████████| 93/93 [00:00<00:00, 249.33it/s]
Epoch 68/500: Train=0.000753  Val=0.000692  LR=3.00e-04

Epoch 69:   0%|          | 0/93 [00:00<?, ?it/s]
Epoch 69: 100%|██████████| 93/93 [00:00<00:00, 227.38it/s]
Epoch 69/500: Train=0.000755  Val=0.000683  LR=3.00e-04

Epoch 70:   0%|          | 0/93 [00:00<?, ?it/s]
Epoch 70: 100%|██████████| 93/93 [00:00<00:00, 256.35it/s]
Epoch 70/500: Train=0.000747  Val=0.000683  LR=3.00e-04

Epoch 71:   0%|          | 0/93 [00:00<?, ?it/s]
Epoch 71: 100%|██████████| 93/93 [00:00<00:00, 256.45it/s]
Epoch 71/500: Train=0.000747  Val=0.000684  LR=3.00e-04

Epoch 72:   0%|          | 0/93 [00:00<?, ?it/s]
Epoch 72: 100%|██████████| 93/93 [00:00<00:00, 265.71it/s]
Epoch 72/500: Train=0.000747  Val=0.000675  LR=3.00e-04

Epoch 73:   0%|          | 0/93 [00:00<?, ?it/s]
Epoch 73: 100%|██████████| 93/93 [00:00<00:00, 259.78it/s]
Epoch 73/500: Train=0.000742  Val=0.000670  LR=3.00e-04

Epoch 74:   0%|          | 0/93 [00:00<?, ?it/s]
Epoch 74: 100%|██████████| 93/93 [00:00<00:00, 253.41it/s]
Epoch 74/500: Train=0.000732  Val=0.000674  LR=3.00e-04

Epoch 75:   0%|          | 0/93 [00:00<?, ?it/s]
Epoch 75: 100%|██████████| 93/93 [00:00<00:00, 235.03it/s]
Epoch 75/500: Train=0.000736  Val=0.000667  LR=3.00e-04

Epoch 76:   0%|          | 0/93 [00:00<?, ?it/s]
Epoch 76: 100%|██████████| 93/93 [00:00<00:00, 254.12it/s]
Epoch 76/500: Train=0.000739  Val=0.000665  LR=3.00e-04

Epoch 77:   0%|          | 0/93 [00:00<?, ?it/s]
Epoch 77: 100%|██████████| 93/93 [00:00<00:00, 249.33it/s]
Epoch 77/500: Train=0.000731  Val=0.000664  LR=3.00e-04

Epoch 78:   0%|          | 0/93 [00:00<?, ?it/s]
Epoch 78: 100%|██████████| 93/93 [00:00<00:00, 249.33it/s]
Epoch 78/500: Train=0.000732  Val=0.000660  LR=3.00e-04

Epoch 79:   0%|          | 0/93 [00:00<?, ?it/s]
Epoch 79: 100%|██████████| 93/93 [00:00<00:00, 243.03it/s]
Epoch 79/500: Train=0.000726  Val=0.000660  LR=3.00e-04

Epoch 80:   0%|          | 0/93 [00:00<?, ?it/s]
Epoch 80: 100%|██████████| 93/93 [00:00<00:00, 252.03it/s]
Epoch 80/500: Train=0.000722  Val=0.000666  LR=3.00e-04

Epoch 81:   0%|          | 0/93 [00:00<?, ?it/s]
Epoch 81: 100%|██████████| 93/93 [00:00<00:00, 254.09it/s]
Epoch 81/500: Train=0.000728  Val=0.000653  LR=3.00e-04

Epoch 82:   0%|          | 0/93 [00:00<?, ?it/s]
Epoch 82: 100%|██████████| 93/93 [00:00<00:00, 252.29it/s]
Epoch 82/500: Train=0.000721  Val=0.000648  LR=3.00e-04

Epoch 83:   0%|          | 0/93 [00:00<?, ?it/s]
Epoch 83: 100%|██████████| 93/93 [00:00<00:00, 215.78it/s]
Epoch 83/500: Train=0.000721  Val=0.000641  LR=3.00e-04

Epoch 84:   0%|          | 0/93 [00:00<?, ?it/s]
Epoch 84: 100%|██████████| 93/93 [00:00<00:00, 243.45it/s]
Epoch 84/500: Train=0.000714  Val=0.000639  LR=3.00e-04

Epoch 85:   0%|          | 0/93 [00:00<?, ?it/s]
Epoch 85: 100%|██████████| 93/93 [00:00<00:00, 251.36it/s]
Epoch 85/500: Train=0.000713  Val=0.000637  LR=3.00e-04

Epoch 86:   0%|          | 0/93 [00:00<?, ?it/s]
Epoch 86: 100%|██████████| 93/93 [00:00<00:00, 255.49it/s]
Epoch 86/500: Train=0.000707  Val=0.000651  LR=3.00e-04

Epoch 87:   0%|          | 0/93 [00:00<?, ?it/s]
Epoch 87: 100%|██████████| 93/93 [00:00<00:00, 251.36it/s]
Epoch 87/500: Train=0.000707  Val=0.000636  LR=3.00e-04

Epoch 88:   0%|          | 0/93 [00:00<?, ?it/s]
Epoch 88: 100%|██████████| 93/93 [00:00<00:00, 251.36it/s]
Epoch 88/500: Train=0.000699  Val=0.000628  LR=3.00e-04

Epoch 89:   0%|          | 0/93 [00:00<?, ?it/s]
Epoch 89: 100%|██████████| 93/93 [00:00<00:00, 219.34it/s]
Epoch 89/500: Train=0.000708  Val=0.000628  LR=3.00e-04

Epoch 90:   0%|          | 0/93 [00:00<?, ?it/s]
Epoch 90: 100%|██████████| 93/93 [00:00<00:00, 254.10it/s]
Epoch 90/500: Train=0.000700  Val=0.000625  LR=3.00e-04

Epoch 91:   0%|          | 0/93 [00:00<?, ?it/s]
Epoch 91: 100%|██████████| 93/93 [00:00<00:00, 253.53it/s]
Epoch 91/500: Train=0.000692  Val=0.000623  LR=3.00e-04

Epoch 92:   0%|          | 0/93 [00:00<?, ?it/s]
Epoch 92: 100%|██████████| 93/93 [00:00<00:00, 249.33it/s]
Epoch 92/500: Train=0.000696  Val=0.000626  LR=3.00e-04

Epoch 93:   0%|          | 0/93 [00:00<?, ?it/s]
Epoch 93: 100%|██████████| 93/93 [00:00<00:00, 243.44it/s]
Epoch 93/500: Train=0.000696  Val=0.000616  LR=3.00e-04

Epoch 94:   0%|          | 0/93 [00:00<?, ?it/s]
Epoch 94: 100%|██████████| 93/93 [00:00<00:00, 248.00it/s]
Epoch 94/500: Train=0.000694  Val=0.000618  LR=3.00e-04

Epoch 95:   0%|          | 0/93 [00:00<?, ?it/s]
Epoch 95: 100%|██████████| 93/93 [00:00<00:00, 246.68it/s]
Epoch 95/500: Train=0.000691  Val=0.000614  LR=3.00e-04

Epoch 96:   0%|          | 0/93 [00:00<?, ?it/s]
Epoch 96: 100%|██████████| 93/93 [00:00<00:00, 252.03it/s]
Epoch 96/500: Train=0.000693  Val=0.000616  LR=3.00e-04

Epoch 97:   0%|          | 0/93 [00:00<?, ?it/s]
Epoch 97: 100%|██████████| 93/93 [00:00<00:00, 224.63it/s]
Epoch 97/500: Train=0.000684  Val=0.000608  LR=3.00e-04

Epoch 98:   0%|          | 0/93 [00:00<?, ?it/s]
Epoch 98: 100%|██████████| 93/93 [00:00<00:00, 258.71it/s]
Epoch 98/500: Train=0.000684  Val=0.000613  LR=3.00e-04

Epoch 99:   0%|          | 0/93 [00:00<?, ?it/s]
Epoch 99: 100%|██████████| 93/93 [00:00<00:00, 246.68it/s]
Epoch 99/500: Train=0.000683  Val=0.000613  LR=3.00e-04

Epoch 100:   0%|          | 0/93 [00:00<?, ?it/s]
Epoch 100: 100%|██████████| 93/93 [00:00<00:00, 250.00it/s]
Epoch 100/500: Train=0.000682  Val=0.000602  LR=3.00e-04

Epoch 101:   0%|          | 0/93 [00:00<?, ?it/s]
Epoch 101: 100%|██████████| 93/93 [00:00<00:00, 249.33it/s]
Epoch 101/500: Train=0.000678  Val=0.000608  LR=3.00e-04

Epoch 102:   0%|          | 0/93 [00:00<?, ?it/s]
Epoch 102: 100%|██████████| 93/93 [00:00<00:00, 250.00it/s]
Epoch 102/500: Train=0.000681  Val=0.000611  LR=3.00e-04

Epoch 103:   0%|          | 0/93 [00:00<?, ?it/s]
Epoch 103: 100%|██████████| 93/93 [00:00<00:00, 220.90it/s]
Epoch 103/500: Train=0.000673  Val=0.000604  LR=3.00e-04

Epoch 104:   0%|          | 0/93 [00:00<?, ?it/s]
Epoch 104: 100%|██████████| 93/93 [00:00<00:00, 249.33it/s]
Epoch 104/500: Train=0.000677  Val=0.000598  LR=3.00e-04

Epoch 105:   0%|          | 0/93 [00:00<?, ?it/s]
Epoch 105: 100%|██████████| 93/93 [00:00<00:00, 244.09it/s]
Epoch 105/500: Train=0.000679  Val=0.000592  LR=3.00e-04

Epoch 106:   0%|          | 0/93 [00:00<?, ?it/s]
Epoch 106: 100%|██████████| 93/93 [00:00<00:00, 248.66it/s]
Epoch 106/500: Train=0.000672  Val=0.000609  LR=3.00e-04

Epoch 107:   0%|          | 0/93 [00:00<?, ?it/s]
Epoch 107: 100%|██████████| 93/93 [00:00<00:00, 248.00it/s]
Epoch 107/500: Train=0.000670  Val=0.000599  LR=3.00e-04

Epoch 108:   0%|          | 0/93 [00:00<?, ?it/s]
Epoch 108: 100%|██████████| 93/93 [00:00<00:00, 255.50it/s]
Epoch 108/500: Train=0.000668  Val=0.000584  LR=3.00e-04

Epoch 109:   0%|          | 0/93 [00:00<?, ?it/s]
Epoch 109: 100%|██████████| 93/93 [00:00<00:00, 242.42it/s]
Epoch 109/500: Train=0.000669  Val=0.000586  LR=3.00e-04

Epoch 110:   0%|          | 0/93 [00:00<?, ?it/s]
Epoch 110: 100%|██████████| 93/93 [00:00<00:00, 250.67it/s]
Epoch 110/500: Train=0.000663  Val=0.000591  LR=3.00e-04

Epoch 111:   0%|          | 0/93 [00:00<?, ?it/s]
Epoch 111: 100%|██████████| 93/93 [00:00<00:00, 218.31it/s]
Epoch 111/500: Train=0.000665  Val=0.000581  LR=3.00e-04

Epoch 112:   0%|          | 0/93 [00:00<?, ?it/s]
Epoch 112: 100%|██████████| 93/93 [00:00<00:00, 249.34it/s]
Epoch 112/500: Train=0.000664  Val=0.000586  LR=3.00e-04

Epoch 113:   0%|          | 0/93 [00:00<?, ?it/s]
Epoch 113: 100%|██████████| 93/93 [00:00<00:00, 246.03it/s]
Epoch 113/500: Train=0.000661  Val=0.000578  LR=3.00e-04

Epoch 114:   0%|          | 0/93 [00:00<?, ?it/s]
Epoch 114: 100%|██████████| 93/93 [00:00<00:00, 247.85it/s]
Epoch 114/500: Train=0.000659  Val=0.000575  LR=3.00e-04

Epoch 115:   0%|          | 0/93 [00:00<?, ?it/s]
Epoch 115: 100%|██████████| 93/93 [00:00<00:00, 240.93it/s]
Epoch 115/500: Train=0.000657  Val=0.000586  LR=3.00e-04

Epoch 116:   0%|          | 0/93 [00:00<?, ?it/s]
Epoch 116: 100%|██████████| 93/93 [00:00<00:00, 242.19it/s]
Epoch 116/500: Train=0.000658  Val=0.000589  LR=3.00e-04

Epoch 117:   0%|          | 0/93 [00:00<?, ?it/s]
Epoch 117: 100%|██████████| 93/93 [00:00<00:00, 213.79it/s]
Epoch 117/500: Train=0.000650  Val=0.000576  LR=3.00e-04

Epoch 118:   0%|          | 0/93 [00:00<?, ?it/s]
Epoch 118: 100%|██████████| 93/93 [00:00<00:00, 246.03it/s]
Epoch 118/500: Train=0.000651  Val=0.000578  LR=3.00e-04

Epoch 119:   0%|          | 0/93 [00:00<?, ?it/s]
Epoch 119: 100%|██████████| 93/93 [00:00<00:00, 253.41it/s]
Epoch 119/500: Train=0.000651  Val=0.000576  LR=3.00e-04

Epoch 120:   0%|          | 0/93 [00:00<?, ?it/s]
Epoch 120: 100%|██████████| 93/93 [00:00<00:00, 250.93it/s]
Epoch 120/500: Train=0.000651  Val=0.000568  LR=3.00e-04

Epoch 121:   0%|          | 0/93 [00:00<?, ?it/s]
Epoch 121: 100%|██████████| 93/93 [00:00<00:00, 257.62it/s]
Epoch 121/500: Train=0.000650  Val=0.000564  LR=3.00e-04

Epoch 122:   0%|          | 0/93 [00:00<?, ?it/s]
Epoch 122: 100%|██████████| 93/93 [00:00<00:00, 251.35it/s]
Epoch 122/500: Train=0.000650  Val=0.000561  LR=3.00e-04

Epoch 123:   0%|          | 0/93 [00:00<?, ?it/s]
Epoch 123: 100%|██████████| 93/93 [00:00<00:00, 248.00it/s]
Epoch 123/500: Train=0.000645  Val=0.000566  LR=3.00e-04

Epoch 124:   0%|          | 0/93 [00:00<?, ?it/s]
Epoch 124: 100%|██████████| 93/93 [00:00<00:00, 246.68it/s]
Epoch 124/500: Train=0.000648  Val=0.000572  LR=3.00e-04

Epoch 125:   0%|          | 0/93 [00:00<?, ?it/s]
Epoch 125: 100%|██████████| 93/93 [00:00<00:00, 222.49it/s]
Epoch 125/500: Train=0.000646  Val=0.000569  LR=3.00e-04

Epoch 126:   0%|          | 0/93 [00:00<?, ?it/s]
Epoch 126: 100%|██████████| 93/93 [00:00<00:00, 251.35it/s]
Epoch 126/500: Train=0.000646  Val=0.000559  LR=3.00e-04

Epoch 127:   0%|          | 0/93 [00:00<?, ?it/s]
Epoch 127: 100%|██████████| 93/93 [00:00<00:00, 251.35it/s]
Epoch 127/500: Train=0.000641  Val=0.000556  LR=3.00e-04

Epoch 128:   0%|          | 0/93 [00:00<?, ?it/s]
Epoch 128: 100%|██████████| 93/93 [00:00<00:00, 248.67it/s]
Epoch 128/500: Train=0.000644  Val=0.000555  LR=3.00e-04

Epoch 129:   0%|          | 0/93 [00:00<?, ?it/s]
Epoch 129: 100%|██████████| 93/93 [00:00<00:00, 245.38it/s]
Epoch 129/500: Train=0.000638  Val=0.000564  LR=3.00e-04

Epoch 130:   0%|          | 0/93 [00:00<?, ?it/s]
Epoch 130: 100%|██████████| 93/93 [00:00<00:00, 253.41it/s]
Epoch 130/500: Train=0.000637  Val=0.000548  LR=3.00e-04

Epoch 131:   0%|          | 0/93 [00:00<?, ?it/s]
Epoch 131: 100%|██████████| 93/93 [00:00<00:00, 223.22it/s]
Epoch 131/500: Train=0.000631  Val=0.000550  LR=3.00e-04

Epoch 132:   0%|          | 0/93 [00:00<?, ?it/s]
Epoch 132: 100%|██████████| 93/93 [00:00<00:00, 248.67it/s]
Epoch 132/500: Train=0.000636  Val=0.000548  LR=3.00e-04

Epoch 133:   0%|          | 0/93 [00:00<?, ?it/s]
Epoch 133: 100%|██████████| 93/93 [00:00<00:00, 246.68it/s]
Epoch 133/500: Train=0.000633  Val=0.000554  LR=3.00e-04

Epoch 134:   0%|          | 0/93 [00:00<?, ?it/s]
Epoch 134: 100%|██████████| 93/93 [00:00<00:00, 248.00it/s]
Epoch 134/500: Train=0.000633  Val=0.000552  LR=3.00e-04

Epoch 135:   0%|          | 0/93 [00:00<?, ?it/s]
Epoch 135: 100%|██████████| 93/93 [00:00<00:00, 252.72it/s]
Epoch 135/500: Train=0.000632  Val=0.000550  LR=3.00e-04

Epoch 136:   0%|          | 0/93 [00:00<?, ?it/s]
Epoch 136: 100%|██████████| 93/93 [00:00<00:00, 246.03it/s]
Epoch 136/500: Train=0.000630  Val=0.000558  LR=3.00e-04

Epoch 137:   0%|          | 0/93 [00:00<?, ?it/s]
Epoch 137: 100%|██████████| 93/93 [00:00<00:00, 252.33it/s]
Epoch 137/500: Train=0.000629  Val=0.000543  LR=3.00e-04

Epoch 138:   0%|          | 0/93 [00:00<?, ?it/s]
Epoch 138: 100%|██████████| 93/93 [00:00<00:00, 250.68it/s]
Epoch 138/500: Train=0.000625  Val=0.000554  LR=3.00e-04

Epoch 139:   0%|          | 0/93 [00:00<?, ?it/s]
Epoch 139: 100%|██████████| 93/93 [00:00<00:00, 248.66it/s]
Epoch 139/500: Train=0.000634  Val=0.000547  LR=3.00e-04

Epoch 140:   0%|          | 0/93 [00:00<?, ?it/s]
Epoch 140: 100%|██████████| 93/93 [00:00<00:00, 252.03it/s]
Epoch 140/500: Train=0.000624  Val=0.000539  LR=3.00e-04

Epoch 141:   0%|          | 0/93 [00:00<?, ?it/s]
Epoch 141: 100%|██████████| 93/93 [00:00<00:00, 247.34it/s]
Epoch 141/500: Train=0.000635  Val=0.000536  LR=3.00e-04

Epoch 142:   0%|          | 0/93 [00:00<?, ?it/s]
Epoch 142: 100%|██████████| 93/93 [00:00<00:00, 249.58it/s]
Epoch 142/500: Train=0.000627  Val=0.000539  LR=3.00e-04

Epoch 143:   0%|          | 0/93 [00:00<?, ?it/s]
Epoch 143: 100%|██████████| 93/93 [00:00<00:00, 249.33it/s]
Epoch 143/500: Train=0.000624  Val=0.000546  LR=3.00e-04

Epoch 144:   0%|          | 0/93 [00:00<?, ?it/s]
Epoch 144: 100%|██████████| 93/93 [00:00<00:00, 248.67it/s]
Epoch 144/500: Train=0.000624  Val=0.000544  LR=3.00e-04

Epoch 145:   0%|          | 0/93 [00:00<?, ?it/s]
Epoch 145: 100%|██████████| 93/93 [00:00<00:00, 240.31it/s]
Epoch 145/500: Train=0.000621  Val=0.000539  LR=3.00e-04

Epoch 146:   0%|          | 0/93 [00:00<?, ?it/s]
Epoch 146: 100%|██████████| 93/93 [00:00<00:00, 232.50it/s]
Epoch 146/500: Train=0.000620  Val=0.000532  LR=3.00e-04

Epoch 147:   0%|          | 0/93 [00:00<?, ?it/s]
Epoch 147: 100%|██████████| 93/93 [00:00<00:00, 246.03it/s]
Epoch 147/500: Train=0.000615  Val=0.000535  LR=3.00e-04

Epoch 148:   0%|          | 0/93 [00:00<?, ?it/s]
Epoch 148: 100%|██████████| 93/93 [00:00<00:00, 256.20it/s]
Epoch 148/500: Train=0.000616  Val=0.000526  LR=3.00e-04

Epoch 149:   0%|          | 0/93 [00:00<?, ?it/s]
Epoch 149: 100%|██████████| 93/93 [00:00<00:00, 251.34it/s]
Epoch 149/500: Train=0.000617  Val=0.000530  LR=3.00e-04

Epoch 150:   0%|          | 0/93 [00:00<?, ?it/s]
Epoch 150: 100%|██████████| 93/93 [00:00<00:00, 256.20it/s]
Epoch 150/500: Train=0.000613  Val=0.000528  LR=3.00e-04

Epoch 151:   0%|          | 0/93 [00:00<?, ?it/s]
Epoch 151: 100%|██████████| 93/93 [00:00<00:00, 248.00it/s]
Epoch 151/500: Train=0.000607  Val=0.000518  LR=3.00e-04

Epoch 152:   0%|          | 0/93 [00:00<?, ?it/s]
Epoch 152: 100%|██████████| 93/93 [00:00<00:00, 213.79it/s]
Epoch 152/500: Train=0.000612  Val=0.000534  LR=3.00e-04

Epoch 153:   0%|          | 0/93 [00:00<?, ?it/s]
Epoch 153: 100%|██████████| 93/93 [00:00<00:00, 245.38it/s]
Epoch 153/500: Train=0.000610  Val=0.000529  LR=3.00e-04

Epoch 154:   0%|          | 0/93 [00:00<?, ?it/s]
Epoch 154: 100%|██████████| 93/93 [00:00<00:00, 246.03it/s]
Epoch 154/500: Train=0.000604  Val=0.000521  LR=3.00e-04

Epoch 155:   0%|          | 0/93 [00:00<?, ?it/s]
Epoch 155: 100%|██████████| 93/93 [00:00<00:00, 250.67it/s]
Epoch 155/500: Train=0.000602  Val=0.000525  LR=3.00e-04

Epoch 156:   0%|          | 0/93 [00:00<?, ?it/s]
Epoch 156: 100%|██████████| 93/93 [00:00<00:00, 258.34it/s]
Epoch 156/500: Train=0.000606  Val=0.000514  LR=3.00e-04

Epoch 157:   0%|          | 0/93 [00:00<?, ?it/s]
Epoch 157: 100%|██████████| 93/93 [00:00<00:00, 256.20it/s]
Epoch 157/500: Train=0.000596  Val=0.000506  LR=3.00e-04

Epoch 158:   0%|          | 0/93 [00:00<?, ?it/s]
Epoch 158: 100%|██████████| 93/93 [00:00<00:00, 252.98it/s]
Epoch 158/500: Train=0.000602  Val=0.000505  LR=3.00e-04

Epoch 159:   0%|          | 0/93 [00:00<?, ?it/s]
Epoch 159: 100%|██████████| 93/93 [00:00<00:00, 247.34it/s]
Epoch 159/500: Train=0.000602  Val=0.000516  LR=3.00e-04

Epoch 160:   0%|          | 0/93 [00:00<?, ?it/s]
Epoch 160: 100%|██████████| 93/93 [00:00<00:00, 247.34it/s]
Epoch 160/500: Train=0.000590  Val=0.000497  LR=3.00e-04

Epoch 161:   0%|          | 0/93 [00:00<?, ?it/s]
Epoch 161: 100%|██████████| 93/93 [00:00<00:00, 256.20it/s]
Epoch 161/500: Train=0.000591  Val=0.000505  LR=3.00e-04

Epoch 162:   0%|          | 0/93 [00:00<?, ?it/s]
Epoch 162: 100%|██████████| 93/93 [00:00<00:00, 253.40it/s]
Epoch 162/500: Train=0.000587  Val=0.000499  LR=3.00e-04

Epoch 163:   0%|          | 0/93 [00:00<?, ?it/s]
Epoch 163: 100%|██████████| 93/93 [00:00<00:00, 260.50it/s]
Epoch 163/500: Train=0.000586  Val=0.000491  LR=3.00e-04

Epoch 164:   0%|          | 0/93 [00:00<?, ?it/s]
Epoch 164: 100%|██████████| 93/93 [00:00<00:00, 257.62it/s]
Epoch 164/500: Train=0.000588  Val=0.000488  LR=3.00e-04

Epoch 165:   0%|          | 0/93 [00:00<?, ?it/s]
Epoch 165: 100%|██████████| 93/93 [00:00<00:00, 258.33it/s]
Epoch 165/500: Train=0.000581  Val=0.000483  LR=3.00e-04

Epoch 166:   0%|          | 0/93 [00:00<?, ?it/s]
Epoch 166: 100%|██████████| 93/93 [00:00<00:00, 232.49it/s]
Epoch 166/500: Train=0.000579  Val=0.000488  LR=3.00e-04

Epoch 167:   0%|          | 0/93 [00:00<?, ?it/s]
Epoch 167: 100%|██████████| 93/93 [00:00<00:00, 256.18it/s]
Epoch 167/500: Train=0.000571  Val=0.000486  LR=3.00e-04

Epoch 168:   0%|          | 0/93 [00:00<?, ?it/s]
Epoch 168: 100%|██████████| 93/93 [00:00<00:00, 257.62it/s]
Epoch 168/500: Train=0.000570  Val=0.000472  LR=3.00e-04

Epoch 169:   0%|          | 0/93 [00:00<?, ?it/s]
Epoch 169: 100%|██████████| 93/93 [00:00<00:00, 253.41it/s]
Epoch 169/500: Train=0.000572  Val=0.000473  LR=3.00e-04

Epoch 170:   0%|          | 0/93 [00:00<?, ?it/s]
Epoch 170: 100%|██████████| 93/93 [00:00<00:00, 256.20it/s]
Epoch 170/500: Train=0.000561  Val=0.000467  LR=3.00e-04

Epoch 171:   0%|          | 0/93 [00:00<?, ?it/s]
Epoch 171: 100%|██████████| 93/93 [00:00<00:00, 254.10it/s]
Epoch 171/500: Train=0.000561  Val=0.000465  LR=3.00e-04

Epoch 172:   0%|          | 0/93 [00:00<?, ?it/s]
Epoch 172: 100%|██████████| 93/93 [00:00<00:00, 258.31it/s]
Epoch 172/500: Train=0.000559  Val=0.000485  LR=3.00e-04

Epoch 173:   0%|          | 0/93 [00:00<?, ?it/s]
Epoch 173: 100%|██████████| 93/93 [00:00<00:00, 254.10it/s]
Epoch 173/500: Train=0.000553  Val=0.000466  LR=3.00e-04

Epoch 174:   0%|          | 0/93 [00:00<?, ?it/s]
Epoch 174: 100%|██████████| 93/93 [00:00<00:00, 257.62it/s]
Epoch 174/500: Train=0.000549  Val=0.000470  LR=3.00e-04

Epoch 175:   0%|          | 0/93 [00:00<?, ?it/s]
Epoch 175: 100%|██████████| 93/93 [00:00<00:00, 250.00it/s]
Epoch 175/500: Train=0.000550  Val=0.000449  LR=3.00e-04

Epoch 176:   0%|          | 0/93 [00:00<?, ?it/s]
Epoch 176: 100%|██████████| 93/93 [00:00<00:00, 254.40it/s]
Epoch 176/500: Train=0.000545  Val=0.000446  LR=3.00e-04

Epoch 177:   0%|          | 0/93 [00:00<?, ?it/s]
Epoch 177: 100%|██████████| 93/93 [00:00<00:00, 254.80it/s]
Epoch 177/500: Train=0.000539  Val=0.000451  LR=3.00e-04

Epoch 178:   0%|          | 0/93 [00:00<?, ?it/s]
Epoch 178: 100%|██████████| 93/93 [00:00<00:00, 255.50it/s]
Epoch 178/500: Train=0.000537  Val=0.000434  LR=3.00e-04

Epoch 179:   0%|          | 0/93 [00:00<?, ?it/s]
Epoch 179: 100%|██████████| 93/93 [00:00<00:00, 247.34it/s]
Epoch 179/500: Train=0.000530  Val=0.000450  LR=3.00e-04

Epoch 180:   0%|          | 0/93 [00:00<?, ?it/s]
Epoch 180: 100%|██████████| 93/93 [00:00<00:00, 223.55it/s]
Epoch 180/500: Train=0.000533  Val=0.000428  LR=3.00e-04

Epoch 181:   0%|          | 0/93 [00:00<?, ?it/s]
Epoch 181: 100%|██████████| 93/93 [00:00<00:00, 255.49it/s]
Epoch 181/500: Train=0.000523  Val=0.000422  LR=3.00e-04

Epoch 182:   0%|          | 0/93 [00:00<?, ?it/s]
Epoch 182: 100%|██████████| 93/93 [00:00<00:00, 248.00it/s]
Epoch 182/500: Train=0.000517  Val=0.000415  LR=3.00e-04

Epoch 183:   0%|          | 0/93 [00:00<?, ?it/s]
Epoch 183: 100%|██████████| 93/93 [00:00<00:00, 254.79it/s]
Epoch 183/500: Train=0.000516  Val=0.000417  LR=3.00e-04

Epoch 184:   0%|          | 0/93 [00:00<?, ?it/s]
Epoch 184: 100%|██████████| 93/93 [00:00<00:00, 255.06it/s]
Epoch 184/500: Train=0.000512  Val=0.000423  LR=3.00e-04

Epoch 185:   0%|          | 0/93 [00:00<?, ?it/s]
Epoch 185: 100%|██████████| 93/93 [00:00<00:00, 248.64it/s]
Epoch 185/500: Train=0.000504  Val=0.000419  LR=3.00e-04

Epoch 186:   0%|          | 0/93 [00:00<?, ?it/s]
Epoch 186: 100%|██████████| 93/93 [00:00<00:00, 254.80it/s]
Epoch 186/500: Train=0.000507  Val=0.000402  LR=3.00e-04

Epoch 187:   0%|          | 0/93 [00:00<?, ?it/s]
Epoch 187: 100%|██████████| 93/93 [00:00<00:00, 238.13it/s]
Epoch 187/500: Train=0.000502  Val=0.000403  LR=3.00e-04

Epoch 188:   0%|          | 0/93 [00:00<?, ?it/s]
Epoch 188: 100%|██████████| 93/93 [00:00<00:00, 254.10it/s]
Epoch 188/500: Train=0.000500  Val=0.000392  LR=3.00e-04

Epoch 189:   0%|          | 0/93 [00:00<?, ?it/s]
Epoch 189: 100%|██████████| 93/93 [00:00<00:00, 248.66it/s]
Epoch 189/500: Train=0.000489  Val=0.000393  LR=3.00e-04

Epoch 190:   0%|          | 0/93 [00:00<?, ?it/s]
Epoch 190: 100%|██████████| 93/93 [00:00<00:00, 244.09it/s]
Epoch 190/500: Train=0.000486  Val=0.000381  LR=3.00e-04

Epoch 191:   0%|          | 0/93 [00:00<?, ?it/s]
Epoch 191: 100%|██████████| 93/93 [00:00<00:00, 250.00it/s]
Epoch 191/500: Train=0.000481  Val=0.000388  LR=3.00e-04

Epoch 192:   0%|          | 0/93 [00:00<?, ?it/s]
Epoch 192: 100%|██████████| 93/93 [00:00<00:00, 247.59it/s]
Epoch 192/500: Train=0.000477  Val=0.000369  LR=3.00e-04

Epoch 193:   0%|          | 0/93 [00:00<?, ?it/s]
Epoch 193: 100%|██████████| 93/93 [00:00<00:00, 246.03it/s]
Epoch 193/500: Train=0.000473  Val=0.000370  LR=3.00e-04

Epoch 194:   0%|          | 0/93 [00:00<?, ?it/s]
Epoch 194: 100%|██████████| 93/93 [00:00<00:00, 221.95it/s]
Epoch 194/500: Train=0.000472  Val=0.000369  LR=3.00e-04

Epoch 195:   0%|          | 0/93 [00:00<?, ?it/s]
Epoch 195: 100%|██████████| 93/93 [00:00<00:00, 251.36it/s]
Epoch 195/500: Train=0.000465  Val=0.000364  LR=3.00e-04

Epoch 196:   0%|          | 0/93 [00:00<?, ?it/s]
Epoch 196: 100%|██████████| 93/93 [00:00<00:00, 248.66it/s]
Epoch 196/500: Train=0.000458  Val=0.000364  LR=3.00e-04

Epoch 197:   0%|          | 0/93 [00:00<?, ?it/s]
Epoch 197: 100%|██████████| 93/93 [00:00<00:00, 258.34it/s]
Epoch 197/500: Train=0.000458  Val=0.000352  LR=3.00e-04

Epoch 198:   0%|          | 0/93 [00:00<?, ?it/s]
Epoch 198: 100%|██████████| 93/93 [00:00<00:00, 254.79it/s]
Epoch 198/500: Train=0.000457  Val=0.000359  LR=3.00e-04

Epoch 199:   0%|          | 0/93 [00:00<?, ?it/s]
Epoch 199: 100%|██████████| 93/93 [00:00<00:00, 253.41it/s]
Epoch 199/500: Train=0.000446  Val=0.000343  LR=3.00e-04

Epoch 200:   0%|          | 0/93 [00:00<?, ?it/s]
Epoch 200: 100%|██████████| 93/93 [00:00<00:00, 256.91it/s]
Epoch 200/500: Train=0.000446  Val=0.000374  LR=3.00e-04

Epoch 201:   0%|          | 0/93 [00:00<?, ?it/s]
Epoch 201: 100%|██████████| 93/93 [00:00<00:00, 255.49it/s]
Epoch 201/500: Train=0.000445  Val=0.000337  LR=3.00e-04

Epoch 202:   0%|          | 0/93 [00:00<?, ?it/s]
Epoch 202: 100%|██████████| 93/93 [00:00<00:00, 250.00it/s]
Epoch 202/500: Train=0.000442  Val=0.000336  LR=3.00e-04

Epoch 203:   0%|          | 0/93 [00:00<?, ?it/s]
Epoch 203: 100%|██████████| 93/93 [00:00<00:00, 256.19it/s]
Epoch 203/500: Train=0.000441  Val=0.000337  LR=3.00e-04

Epoch 204:   0%|          | 0/93 [00:00<?, ?it/s]
Epoch 204: 100%|██████████| 93/93 [00:00<00:00, 250.66it/s]
Epoch 204/500: Train=0.000439  Val=0.000332  LR=3.00e-04

Epoch 205:   0%|          | 0/93 [00:00<?, ?it/s]
Epoch 205: 100%|██████████| 93/93 [00:00<00:00, 252.03it/s]
Epoch 205/500: Train=0.000432  Val=0.000330  LR=3.00e-04

Epoch 206:   0%|          | 0/93 [00:00<?, ?it/s]
Epoch 206: 100%|██████████| 93/93 [00:00<00:00, 248.11it/s]
Epoch 206/500: Train=0.000430  Val=0.000320  LR=3.00e-04

Epoch 207:   0%|          | 0/93 [00:00<?, ?it/s]
Epoch 207: 100%|██████████| 93/93 [00:00<00:00, 257.00it/s]
Epoch 207/500: Train=0.000425  Val=0.000325  LR=3.00e-04

Epoch 208:   0%|          | 0/93 [00:00<?, ?it/s]
Epoch 208: 100%|██████████| 93/93 [00:00<00:00, 234.85it/s]
Epoch 208/500: Train=0.000420  Val=0.000316  LR=3.00e-04

Epoch 209:   0%|          | 0/93 [00:00<?, ?it/s]
Epoch 209: 100%|██████████| 93/93 [00:00<00:00, 255.49it/s]
Epoch 209/500: Train=0.000420  Val=0.000314  LR=3.00e-04

Epoch 210:   0%|          | 0/93 [00:00<?, ?it/s]
Epoch 210: 100%|██████████| 93/93 [00:00<00:00, 258.45it/s]
Epoch 210/500: Train=0.000415  Val=0.000317  LR=3.00e-04

Epoch 211:   0%|          | 0/93 [00:00<?, ?it/s]
Epoch 211: 100%|██████████| 93/93 [00:00<00:00, 253.59it/s]
Epoch 211/500: Train=0.000410  Val=0.000313  LR=3.00e-04

Epoch 212:   0%|          | 0/93 [00:00<?, ?it/s]
Epoch 212: 100%|██████████| 93/93 [00:00<00:00, 254.10it/s]
Epoch 212/500: Train=0.000409  Val=0.000319  LR=3.00e-04

Epoch 213:   0%|          | 0/93 [00:00<?, ?it/s]
Epoch 213: 100%|██████████| 93/93 [00:00<00:00, 246.69it/s]
Epoch 213/500: Train=0.000405  Val=0.000302  LR=3.00e-04

Epoch 214:   0%|          | 0/93 [00:00<?, ?it/s]
Epoch 214: 100%|██████████| 93/93 [00:00<00:00, 216.28it/s]
Epoch 214/500: Train=0.000400  Val=0.000300  LR=3.00e-04

Epoch 215:   0%|          | 0/93 [00:00<?, ?it/s]
Epoch 215: 100%|██████████| 93/93 [00:00<00:00, 249.33it/s]
Epoch 215/500: Train=0.000397  Val=0.000295  LR=3.00e-04

Epoch 216:   0%|          | 0/93 [00:00<?, ?it/s]
Epoch 216: 100%|██████████| 93/93 [00:00<00:00, 252.04it/s]
Epoch 216/500: Train=0.000396  Val=0.000292  LR=3.00e-04

Epoch 217:   0%|          | 0/93 [00:00<?, ?it/s]
Epoch 217: 100%|██████████| 93/93 [00:00<00:00, 254.80it/s]
Epoch 217/500: Train=0.000393  Val=0.000296  LR=3.00e-04

Epoch 218:   0%|          | 0/93 [00:00<?, ?it/s]
Epoch 218: 100%|██████████| 93/93 [00:00<00:00, 253.41it/s]
Epoch 218/500: Train=0.000395  Val=0.000287  LR=3.00e-04

Epoch 219:   0%|          | 0/93 [00:00<?, ?it/s]
Epoch 219: 100%|██████████| 93/93 [00:00<00:00, 252.96it/s]
Epoch 219/500: Train=0.000384  Val=0.000288  LR=3.00e-04

Epoch 220:   0%|          | 0/93 [00:00<?, ?it/s]
Epoch 220: 100%|██████████| 93/93 [00:00<00:00, 251.35it/s]
Epoch 220/500: Train=0.000384  Val=0.000286  LR=3.00e-04

Epoch 221:   0%|          | 0/93 [00:00<?, ?it/s]
Epoch 221: 100%|██████████| 93/93 [00:00<00:00, 250.94it/s]
Epoch 221/500: Train=0.000381  Val=0.000287  LR=3.00e-04

Epoch 222:   0%|          | 0/93 [00:00<?, ?it/s]
Epoch 222: 100%|██████████| 93/93 [00:00<00:00, 224.10it/s]
Epoch 222/500: Train=0.000377  Val=0.000280  LR=3.00e-04

Epoch 223:   0%|          | 0/93 [00:00<?, ?it/s]
Epoch 223: 100%|██████████| 93/93 [00:00<00:00, 248.01it/s]
Epoch 223/500: Train=0.000376  Val=0.000286  LR=3.00e-04

Epoch 224:   0%|          | 0/93 [00:00<?, ?it/s]
Epoch 224: 100%|██████████| 93/93 [00:00<00:00, 247.34it/s]
Epoch 224/500: Train=0.000373  Val=0.000279  LR=3.00e-04

Epoch 225:   0%|          | 0/93 [00:00<?, ?it/s]
Epoch 225: 100%|██████████| 93/93 [00:00<00:00, 249.33it/s]
Epoch 225/500: Train=0.000367  Val=0.000280  LR=3.00e-04

Epoch 226:   0%|          | 0/93 [00:00<?, ?it/s]
Epoch 226: 100%|██████████| 93/93 [00:00<00:00, 241.80it/s]
Epoch 226/500: Train=0.000368  Val=0.000268  LR=3.00e-04

Epoch 227:   0%|          | 0/93 [00:00<?, ?it/s]
Epoch 227: 100%|██████████| 93/93 [00:00<00:00, 246.03it/s]
Epoch 227/500: Train=0.000360  Val=0.000270  LR=3.00e-04

Epoch 228:   0%|          | 0/93 [00:00<?, ?it/s]
Epoch 228: 100%|██████████| 93/93 [00:00<00:00, 219.47it/s]
Epoch 228/500: Train=0.000359  Val=0.000264  LR=3.00e-04

Epoch 229:   0%|          | 0/93 [00:00<?, ?it/s]
Epoch 229: 100%|██████████| 93/93 [00:00<00:00, 249.33it/s]
Epoch 229/500: Train=0.000362  Val=0.000267  LR=3.00e-04

Epoch 230:   0%|          | 0/93 [00:00<?, ?it/s]
Epoch 230: 100%|██████████| 93/93 [00:00<00:00, 250.00it/s]
Epoch 230/500: Train=0.000356  Val=0.000259  LR=3.00e-04

Epoch 231:   0%|          | 0/93 [00:00<?, ?it/s]
Epoch 231: 100%|██████████| 93/93 [00:00<00:00, 244.53it/s]
Epoch 231/500: Train=0.000353  Val=0.000269  LR=3.00e-04

Epoch 232:   0%|          | 0/93 [00:00<?, ?it/s]
Epoch 232: 100%|██████████| 93/93 [00:00<00:00, 251.62it/s]
Epoch 232/500: Train=0.000354  Val=0.000262  LR=3.00e-04

Epoch 233:   0%|          | 0/93 [00:00<?, ?it/s]
Epoch 233: 100%|██████████| 93/93 [00:00<00:00, 255.67it/s]
Epoch 233/500: Train=0.000349  Val=0.000262  LR=3.00e-04

Epoch 234:   0%|          | 0/93 [00:00<?, ?it/s]
Epoch 234: 100%|██████████| 93/93 [00:00<00:00, 252.72it/s]
Epoch 234/500: Train=0.000349  Val=0.000270  LR=3.00e-04

Epoch 235:   0%|          | 0/93 [00:00<?, ?it/s]
Epoch 235: 100%|██████████| 93/93 [00:00<00:00, 249.33it/s]
Epoch 235/500: Train=0.000350  Val=0.000259  LR=3.00e-04

Epoch 236:   0%|          | 0/93 [00:00<?, ?it/s]
Epoch 236: 100%|██████████| 93/93 [00:00<00:00, 252.04it/s]
Epoch 236/500: Train=0.000343  Val=0.000250  LR=3.00e-04

Epoch 237:   0%|          | 0/93 [00:00<?, ?it/s]
Epoch 237: 100%|██████████| 93/93 [00:00<00:00, 257.56it/s]
Epoch 237/500: Train=0.000345  Val=0.000251  LR=3.00e-04

Epoch 238:   0%|          | 0/93 [00:00<?, ?it/s]
Epoch 238: 100%|██████████| 93/93 [00:00<00:00, 253.41it/s]
Epoch 238/500: Train=0.000337  Val=0.000257  LR=3.00e-04

Epoch 239:   0%|          | 0/93 [00:00<?, ?it/s]
Epoch 239: 100%|██████████| 93/93 [00:00<00:00, 248.49it/s]
Epoch 239/500: Train=0.000339  Val=0.000248  LR=3.00e-04

Epoch 240:   0%|          | 0/93 [00:00<?, ?it/s]
Epoch 240: 100%|██████████| 93/93 [00:00<00:00, 246.65it/s]
Epoch 240/500: Train=0.000340  Val=0.000256  LR=3.00e-04

Epoch 241:   0%|          | 0/93 [00:00<?, ?it/s]
Epoch 241: 100%|██████████| 93/93 [00:00<00:00, 252.72it/s]
Epoch 241/500: Train=0.000334  Val=0.000253  LR=3.00e-04

Epoch 242:   0%|          | 0/93 [00:00<?, ?it/s]
Epoch 242: 100%|██████████| 93/93 [00:00<00:00, 252.71it/s]
Epoch 242/500: Train=0.000329  Val=0.000244  LR=3.00e-04

Epoch 243:   0%|          | 0/93 [00:00<?, ?it/s]
Epoch 243: 100%|██████████| 93/93 [00:00<00:00, 259.78it/s]
Epoch 243/500: Train=0.000330  Val=0.000247  LR=3.00e-04

Epoch 244:   0%|          | 0/93 [00:00<?, ?it/s]
Epoch 244: 100%|██████████| 93/93 [00:00<00:00, 247.69it/s]
Epoch 244/500: Train=0.000330  Val=0.000247  LR=3.00e-04

Epoch 245:   0%|          | 0/93 [00:00<?, ?it/s]
Epoch 245: 100%|██████████| 93/93 [00:00<00:00, 246.68it/s]
Epoch 245/500: Train=0.000323  Val=0.000240  LR=3.00e-04

Epoch 246:   0%|          | 0/93 [00:00<?, ?it/s]
Epoch 246: 100%|██████████| 93/93 [00:00<00:00, 247.99it/s]
Epoch 246/500: Train=0.000324  Val=0.000242  LR=3.00e-04

Epoch 247:   0%|          | 0/93 [00:00<?, ?it/s]
Epoch 247: 100%|██████████| 93/93 [00:00<00:00, 250.67it/s]
Epoch 247/500: Train=0.000324  Val=0.000249  LR=3.00e-04

Epoch 248:   0%|          | 0/93 [00:00<?, ?it/s]
Epoch 248: 100%|██████████| 93/93 [00:00<00:00, 251.35it/s]
Epoch 248/500: Train=0.000322  Val=0.000246  LR=3.00e-04

Epoch 249:   0%|          | 0/93 [00:00<?, ?it/s]
Epoch 249: 100%|██████████| 93/93 [00:00<00:00, 223.01it/s]
Epoch 249/500: Train=0.000321  Val=0.000238  LR=3.00e-04

Epoch 250:   0%|          | 0/93 [00:00<?, ?it/s]
Epoch 250: 100%|██████████| 93/93 [00:00<00:00, 247.34it/s]
Epoch 250/500: Train=0.000322  Val=0.000255  LR=3.00e-04

Epoch 251:   0%|          | 0/93 [00:00<?, ?it/s]
Epoch 251: 100%|██████████| 93/93 [00:00<00:00, 244.09it/s]
Epoch 251/500: Train=0.000317  Val=0.000239  LR=3.00e-04

Epoch 252:   0%|          | 0/93 [00:00<?, ?it/s]
Epoch 252: 100%|██████████| 93/93 [00:00<00:00, 256.91it/s]
Epoch 252/500: Train=0.000314  Val=0.000239  LR=3.00e-04

Epoch 253:   0%|          | 0/93 [00:00<?, ?it/s]
Epoch 253: 100%|██████████| 93/93 [00:00<00:00, 254.79it/s]
Epoch 253/500: Train=0.000311  Val=0.000232  LR=3.00e-04

Epoch 254:   0%|          | 0/93 [00:00<?, ?it/s]
Epoch 254: 100%|██████████| 93/93 [00:00<00:00, 246.06it/s]
Epoch 254/500: Train=0.000317  Val=0.000245  LR=3.00e-04

Epoch 255:   0%|          | 0/93 [00:00<?, ?it/s]
Epoch 255: 100%|██████████| 93/93 [00:00<00:00, 247.30it/s]
Epoch 255/500: Train=0.000309  Val=0.000232  LR=3.00e-04

Epoch 256:   0%|          | 0/93 [00:00<?, ?it/s]
Epoch 256: 100%|██████████| 93/93 [00:00<00:00, 247.34it/s]
Epoch 256/500: Train=0.000309  Val=0.000235  LR=3.00e-04

Epoch 257:   0%|          | 0/93 [00:00<?, ?it/s]
Epoch 257: 100%|██████████| 93/93 [00:00<00:00, 240.93it/s]
Epoch 257/500: Train=0.000311  Val=0.000236  LR=3.00e-04

Epoch 258:   0%|          | 0/93 [00:00<?, ?it/s]
Epoch 258: 100%|██████████| 93/93 [00:00<00:00, 250.00it/s]
Epoch 258/500: Train=0.000306  Val=0.000233  LR=3.00e-04

Epoch 259:   0%|          | 0/93 [00:00<?, ?it/s]
Epoch 259: 100%|██████████| 93/93 [00:00<00:00, 255.03it/s]
Epoch 259/500: Train=0.000306  Val=0.000228  LR=3.00e-04

Epoch 260:   0%|          | 0/93 [00:00<?, ?it/s]
Epoch 260: 100%|██████████| 93/93 [00:00<00:00, 253.41it/s]
Epoch 260/500: Train=0.000306  Val=0.000229  LR=3.00e-04

Epoch 261:   0%|          | 0/93 [00:00<?, ?it/s]
Epoch 261: 100%|██████████| 93/93 [00:00<00:00, 252.72it/s]
Epoch 261/500: Train=0.000306  Val=0.000236  LR=3.00e-04

Epoch 262:   0%|          | 0/93 [00:00<?, ?it/s]
Epoch 262: 100%|██████████| 93/93 [00:00<00:00, 256.91it/s]
Epoch 262/500: Train=0.000305  Val=0.000234  LR=3.00e-04

Epoch 263:   0%|          | 0/93 [00:00<?, ?it/s]
Epoch 263: 100%|██████████| 93/93 [00:00<00:00, 226.83it/s]
Epoch 263/500: Train=0.000298  Val=0.000232  LR=3.00e-04

Epoch 264:   0%|          | 0/93 [00:00<?, ?it/s]
Epoch 264: 100%|██████████| 93/93 [00:00<00:00, 237.24it/s]
Epoch 264/500: Train=0.000299  Val=0.000230  LR=3.00e-04

Epoch 265:   0%|          | 0/93 [00:00<?, ?it/s]
Epoch 265: 100%|██████████| 93/93 [00:00<00:00, 246.37it/s]
Epoch 265/500: Train=0.000297  Val=0.000228  LR=3.00e-04

Epoch 266:   0%|          | 0/93 [00:00<?, ?it/s]
Epoch 266: 100%|██████████| 93/93 [00:00<00:00, 245.63it/s]
Epoch 266/500: Train=0.000303  Val=0.000232  LR=3.00e-04

Epoch 267:   0%|          | 0/93 [00:00<?, ?it/s]
Epoch 267: 100%|██████████| 93/93 [00:00<00:00, 254.10it/s]
Epoch 267/500: Train=0.000296  Val=0.000235  LR=3.00e-04

Epoch 268:   0%|          | 0/93 [00:00<?, ?it/s]
Epoch 268: 100%|██████████| 93/93 [00:00<00:00, 242.82it/s]
Epoch 268/500: Train=0.000295  Val=0.000232  LR=3.00e-04

Epoch 269:   0%|          | 0/93 [00:00<?, ?it/s]
Epoch 269: 100%|██████████| 93/93 [00:00<00:00, 246.69it/s]
Epoch 269/500: Train=0.000295  Val=0.000231  LR=3.00e-04

Epoch 270:   0%|          | 0/93 [00:00<?, ?it/s]
Epoch 270: 100%|██████████| 93/93 [00:00<00:00, 244.10it/s]
  >>> 学习率降低: 3.00e-04 -> 1.50e-04
Epoch 270/500: Train=0.000292  Val=0.000230  LR=1.50e-04

Epoch 271:   0%|          | 0/93 [00:00<?, ?it/s]
Epoch 271: 100%|██████████| 93/93 [00:00<00:00, 252.72it/s]
Epoch 271/500: Train=0.000290  Val=0.000224  LR=1.50e-04

Epoch 272:   0%|          | 0/93 [00:00<?, ?it/s]
Epoch 272: 100%|██████████| 93/93 [00:00<00:00, 252.04it/s]
Epoch 272/500: Train=0.000290  Val=0.000223  LR=1.50e-04

Epoch 273:   0%|          | 0/93 [00:00<?, ?it/s]
Epoch 273: 100%|██████████| 93/93 [00:00<00:00, 247.34it/s]
Epoch 273/500: Train=0.000290  Val=0.000222  LR=1.50e-04

Epoch 274:   0%|          | 0/93 [00:00<?, ?it/s]
Epoch 274: 100%|██████████| 93/93 [00:00<00:00, 248.66it/s]
Epoch 274/500: Train=0.000287  Val=0.000225  LR=1.50e-04

Epoch 275:   0%|          | 0/93 [00:00<?, ?it/s]
Epoch 275: 100%|██████████| 93/93 [00:00<00:00, 248.67it/s]
Epoch 275/500: Train=0.000288  Val=0.000227  LR=1.50e-04

Epoch 276:   0%|          | 0/93 [00:00<?, ?it/s]
Epoch 276: 100%|██████████| 93/93 [00:00<00:00, 252.03it/s]
Epoch 276/500: Train=0.000286  Val=0.000229  LR=1.50e-04

Epoch 277:   0%|          | 0/93 [00:00<?, ?it/s]
Epoch 277: 100%|██████████| 93/93 [00:00<00:00, 224.33it/s]
Epoch 277/500: Train=0.000286  Val=0.000222  LR=1.50e-04

Epoch 278:   0%|          | 0/93 [00:00<?, ?it/s]
Epoch 278: 100%|██████████| 93/93 [00:00<00:00, 248.00it/s]
Epoch 278/500: Train=0.000286  Val=0.000221  LR=1.50e-04

Epoch 279:   0%|          | 0/93 [00:00<?, ?it/s]
Epoch 279: 100%|██████████| 93/93 [00:00<00:00, 238.47it/s]
Epoch 279/500: Train=0.000284  Val=0.000221  LR=1.50e-04

Epoch 280:   0%|          | 0/93 [00:00<?, ?it/s]
Epoch 280: 100%|██████████| 93/93 [00:00<00:00, 240.93it/s]
Epoch 280/500: Train=0.000290  Val=0.000221  LR=1.50e-04

Epoch 281:   0%|          | 0/93 [00:00<?, ?it/s]
Epoch 281: 100%|██████████| 93/93 [00:00<00:00, 243.46it/s]
Epoch 281/500: Train=0.000284  Val=0.000223  LR=1.50e-04

Epoch 282:   0%|          | 0/93 [00:00<?, ?it/s]
Epoch 282: 100%|██████████| 93/93 [00:00<00:00, 239.07it/s]
Epoch 282/500: Train=0.000287  Val=0.000221  LR=1.50e-04

Epoch 283:   0%|          | 0/93 [00:00<?, ?it/s]
Epoch 283: 100%|██████████| 93/93 [00:00<00:00, 234.26it/s]
Epoch 283/500: Train=0.000285  Val=0.000223  LR=1.50e-04

Epoch 284:   0%|          | 0/93 [00:00<?, ?it/s]
Epoch 284: 100%|██████████| 93/93 [00:00<00:00, 216.78it/s]
Epoch 284/500: Train=0.000283  Val=0.000229  LR=1.50e-04

Epoch 285:   0%|          | 0/93 [00:00<?, ?it/s]
Epoch 285: 100%|██████████| 93/93 [00:00<00:00, 239.69it/s]
Epoch 285/500: Train=0.000283  Val=0.000221  LR=1.50e-04

Epoch 286:   0%|          | 0/93 [00:00<?, ?it/s]
Epoch 286: 100%|██████████| 93/93 [00:00<00:00, 244.09it/s]
Epoch 286/500: Train=0.000285  Val=0.000220  LR=1.50e-04

Epoch 287:   0%|          | 0/93 [00:00<?, ?it/s]
Epoch 287: 100%|██████████| 93/93 [00:00<00:00, 243.46it/s]
Epoch 287/500: Train=0.000282  Val=0.000220  LR=1.50e-04

Epoch 288:   0%|          | 0/93 [00:00<?, ?it/s]
Epoch 288: 100%|██████████| 93/93 [00:00<00:00, 248.95it/s]
Epoch 288/500: Train=0.000284  Val=0.000222  LR=1.50e-04

Epoch 289:   0%|          | 0/93 [00:00<?, ?it/s]
Epoch 289: 100%|██████████| 93/93 [00:00<00:00, 239.69it/s]
Epoch 289/500: Train=0.000283  Val=0.000222  LR=1.50e-04

Epoch 290:   0%|          | 0/93 [00:00<?, ?it/s]
Epoch 290: 100%|██████████| 93/93 [00:00<00:00, 248.66it/s]
Epoch 290/500: Train=0.000281  Val=0.000224  LR=1.50e-04

Epoch 291:   0%|          | 0/93 [00:00<?, ?it/s]
Epoch 291: 100%|██████████| 93/93 [00:00<00:00, 225.73it/s]
Epoch 291/500: Train=0.000282  Val=0.000222  LR=1.50e-04

Epoch 292:   0%|          | 0/93 [00:00<?, ?it/s]
Epoch 292: 100%|██████████| 93/93 [00:00<00:00, 248.22it/s]
Epoch 292/500: Train=0.000282  Val=0.000221  LR=1.50e-04

Epoch 293:   0%|          | 0/93 [00:00<?, ?it/s]
Epoch 293: 100%|██████████| 93/93 [00:00<00:00, 247.35it/s]
Epoch 293/500: Train=0.000281  Val=0.000224  LR=1.50e-04

Epoch 294:   0%|          | 0/93 [00:00<?, ?it/s]
Epoch 294: 100%|██████████| 93/93 [00:00<00:00, 242.82it/s]
Epoch 294/500: Train=0.000281  Val=0.000219  LR=1.50e-04

Epoch 295:   0%|          | 0/93 [00:00<?, ?it/s]
Epoch 295: 100%|██████████| 93/93 [00:00<00:00, 258.33it/s]
Epoch 295/500: Train=0.000280  Val=0.000223  LR=1.50e-04

Epoch 296:   0%|          | 0/93 [00:00<?, ?it/s]
Epoch 296: 100%|██████████| 93/93 [00:00<00:00, 246.68it/s]
Epoch 296/500: Train=0.000282  Val=0.000220  LR=1.50e-04

Epoch 297:   0%|          | 0/93 [00:00<?, ?it/s]
Epoch 297: 100%|██████████| 93/93 [00:00<00:00, 220.38it/s]
Epoch 297/500: Train=0.000279  Val=0.000220  LR=1.50e-04

Epoch 298:   0%|          | 0/93 [00:00<?, ?it/s]
Epoch 298: 100%|██████████| 93/93 [00:00<00:00, 249.33it/s]
Epoch 298/500: Train=0.000278  Val=0.000219  LR=1.50e-04

Epoch 299:   0%|          | 0/93 [00:00<?, ?it/s]
Epoch 299: 100%|██████████| 93/93 [00:00<00:00, 243.68it/s]
Epoch 299/500: Train=0.000276  Val=0.000219  LR=1.50e-04

Epoch 300:   0%|          | 0/93 [00:00<?, ?it/s]
Epoch 300: 100%|██████████| 93/93 [00:00<00:00, 249.87it/s]
Epoch 300/500: Train=0.000279  Val=0.000225  LR=1.50e-04

Epoch 301:   0%|          | 0/93 [00:00<?, ?it/s]
Epoch 301: 100%|██████████| 93/93 [00:00<00:00, 251.35it/s]
Epoch 301/500: Train=0.000277  Val=0.000220  LR=1.50e-04

Epoch 302:   0%|          | 0/93 [00:00<?, ?it/s]
Epoch 302: 100%|██████████| 93/93 [00:00<00:00, 244.74it/s]
Epoch 302/500: Train=0.000278  Val=0.000219  LR=1.50e-04

Epoch 303:   0%|          | 0/93 [00:00<?, ?it/s]
Epoch 303: 100%|██████████| 93/93 [00:00<00:00, 247.34it/s]
Epoch 303/500: Train=0.000278  Val=0.000217  LR=1.50e-04

Epoch 304:   0%|          | 0/93 [00:00<?, ?it/s]
Epoch 304: 100%|██████████| 93/93 [00:00<00:00, 240.31it/s]
Epoch 304/500: Train=0.000276  Val=0.000221  LR=1.50e-04

Epoch 305:   0%|          | 0/93 [00:00<?, ?it/s]
Epoch 305: 100%|██████████| 93/93 [00:00<00:00, 221.95it/s]
Epoch 305/500: Train=0.000277  Val=0.000223  LR=1.50e-04

Epoch 306:   0%|          | 0/93 [00:00<?, ?it/s]
Epoch 306: 100%|██████████| 93/93 [00:00<00:00, 249.33it/s]
Epoch 306/500: Train=0.000276  Val=0.000226  LR=1.50e-04

Epoch 307:   0%|          | 0/93 [00:00<?, ?it/s]
Epoch 307: 100%|██████████| 93/93 [00:00<00:00, 247.35it/s]
Epoch 307/500: Train=0.000276  Val=0.000222  LR=1.50e-04

Epoch 308:   0%|          | 0/93 [00:00<?, ?it/s]
Epoch 308: 100%|██████████| 93/93 [00:00<00:00, 252.04it/s]
Epoch 308/500: Train=0.000277  Val=0.000222  LR=1.50e-04

Epoch 309:   0%|          | 0/93 [00:00<?, ?it/s]
Epoch 309: 100%|██████████| 93/93 [00:00<00:00, 250.00it/s]
Epoch 309/500: Train=0.000275  Val=0.000221  LR=1.50e-04

Epoch 310:   0%|          | 0/93 [00:00<?, ?it/s]
Epoch 310: 100%|██████████| 93/93 [00:00<00:00, 246.23it/s]
Epoch 310/500: Train=0.000276  Val=0.000218  LR=1.50e-04

Epoch 311:   0%|          | 0/93 [00:00<?, ?it/s]
Epoch 311: 100%|██████████| 93/93 [00:00<00:00, 220.73it/s]
Epoch 311/500: Train=0.000275  Val=0.000220  LR=1.50e-04

Epoch 312:   0%|          | 0/93 [00:00<?, ?it/s]
Epoch 312: 100%|██████████| 93/93 [00:00<00:00, 240.31it/s]
Epoch 312/500: Train=0.000276  Val=0.000218  LR=1.50e-04

Epoch 313:   0%|          | 0/93 [00:00<?, ?it/s]
Epoch 313: 100%|██████████| 93/93 [00:00<00:00, 246.68it/s]
Epoch 313/500: Train=0.000274  Val=0.000219  LR=1.50e-04

Epoch 314:   0%|          | 0/93 [00:00<?, ?it/s]
Epoch 314: 100%|██████████| 93/93 [00:00<00:00, 211.36it/s]
Epoch 314/500: Train=0.000276  Val=0.000217  LR=1.50e-04

Epoch 315:   0%|          | 0/93 [00:00<?, ?it/s]
Epoch 315: 100%|██████████| 93/93 [00:00<00:00, 252.72it/s]
Epoch 315/500: Train=0.000273  Val=0.000218  LR=1.50e-04

Epoch 316:   0%|          | 0/93 [00:00<?, ?it/s]
Epoch 316: 100%|██████████| 93/93 [00:00<00:00, 250.00it/s]
Epoch 316/500: Train=0.000274  Val=0.000223  LR=1.50e-04

Epoch 317:   0%|          | 0/93 [00:00<?, ?it/s]
Epoch 317: 100%|██████████| 93/93 [00:00<00:00, 256.20it/s]
Epoch 317/500: Train=0.000276  Val=0.000217  LR=1.50e-04

Epoch 318:   0%|          | 0/93 [00:00<?, ?it/s]
Epoch 318: 100%|██████████| 93/93 [00:00<00:00, 248.67it/s]
Epoch 318/500: Train=0.000274  Val=0.000217  LR=1.50e-04

Epoch 319:   0%|          | 0/93 [00:00<?, ?it/s]
Epoch 319: 100%|██████████| 93/93 [00:00<00:00, 247.34it/s]
Epoch 319/500: Train=0.000271  Val=0.000221  LR=1.50e-04

Epoch 320:   0%|          | 0/93 [00:00<?, ?it/s]
Epoch 320: 100%|██████████| 93/93 [00:00<00:00, 254.77it/s]
Epoch 320/500: Train=0.000273  Val=0.000218  LR=1.50e-04

Epoch 321:   0%|          | 0/93 [00:00<?, ?it/s]
Epoch 321: 100%|██████████| 93/93 [00:00<00:00, 253.40it/s]
Epoch 321/500: Train=0.000273  Val=0.000217  LR=1.50e-04

Epoch 322:   0%|          | 0/93 [00:00<?, ?it/s]
Epoch 322: 100%|██████████| 93/93 [00:00<00:00, 252.71it/s]
Epoch 322/500: Train=0.000272  Val=0.000222  LR=1.50e-04

Epoch 323:   0%|          | 0/93 [00:00<?, ?it/s]
Epoch 323: 100%|██████████| 93/93 [00:00<00:00, 252.71it/s]
Epoch 323/500: Train=0.000272  Val=0.000218  LR=1.50e-04

Epoch 324:   0%|          | 0/93 [00:00<?, ?it/s]
Epoch 324: 100%|██████████| 93/93 [00:00<00:00, 250.68it/s]
Epoch 324/500: Train=0.000271  Val=0.000217  LR=1.50e-04

Epoch 325:   0%|          | 0/93 [00:00<?, ?it/s]
Epoch 325: 100%|██████████| 93/93 [00:00<00:00, 250.27it/s]
Epoch 325/500: Train=0.000273  Val=0.000219  LR=1.50e-04

Epoch 326:   0%|          | 0/93 [00:00<?, ?it/s]
Epoch 326: 100%|██████████| 93/93 [00:00<00:00, 252.01it/s]
Epoch 326/500: Train=0.000270  Val=0.000217  LR=1.50e-04

Epoch 327:   0%|          | 0/93 [00:00<?, ?it/s]
Epoch 327: 100%|██████████| 93/93 [00:00<00:00, 245.37it/s]
Epoch 327/500: Train=0.000271  Val=0.000225  LR=1.50e-04

Epoch 328:   0%|          | 0/93 [00:00<?, ?it/s]
Epoch 328: 100%|██████████| 93/93 [00:00<00:00, 256.90it/s]
Epoch 328/500: Train=0.000269  Val=0.000224  LR=1.50e-04

Epoch 329:   0%|          | 0/93 [00:00<?, ?it/s]
Epoch 329: 100%|██████████| 93/93 [00:00<00:00, 250.65it/s]
Epoch 329/500: Train=0.000269  Val=0.000219  LR=1.50e-04

Epoch 330:   0%|          | 0/93 [00:00<?, ?it/s]
Epoch 330: 100%|██████████| 93/93 [00:00<00:00, 252.02it/s]
Epoch 330/500: Train=0.000267  Val=0.000222  LR=1.50e-04

Epoch 331:   0%|          | 0/93 [00:00<?, ?it/s]
Epoch 331: 100%|██████████| 93/93 [00:00<00:00, 256.89it/s]
Epoch 331/500: Train=0.000272  Val=0.000219  LR=1.50e-04

Epoch 332:   0%|          | 0/93 [00:00<?, ?it/s]
Epoch 332: 100%|██████████| 93/93 [00:00<00:00, 226.73it/s]
Epoch 332/500: Train=0.000271  Val=0.000220  LR=1.50e-04

Epoch 333:   0%|          | 0/93 [00:00<?, ?it/s]
Epoch 333: 100%|██████████| 93/93 [00:00<00:00, 252.03it/s]
Epoch 333/500: Train=0.000270  Val=0.000222  LR=1.50e-04

Epoch 334:   0%|          | 0/93 [00:00<?, ?it/s]
Epoch 334: 100%|██████████| 93/93 [00:00<00:00, 258.19it/s]
Epoch 334/500: Train=0.000268  Val=0.000225  LR=1.50e-04

Epoch 335:   0%|          | 0/93 [00:00<?, ?it/s]
Epoch 335: 100%|██████████| 93/93 [00:00<00:00, 255.49it/s]
  >>> 学习率降低: 1.50e-04 -> 7.50e-05
Epoch 335/500: Train=0.000269  Val=0.000218  LR=7.50e-05

Epoch 336:   0%|          | 0/93 [00:00<?, ?it/s]
Epoch 336: 100%|██████████| 93/93 [00:00<00:00, 254.09it/s]
Epoch 336/500: Train=0.000266  Val=0.000217  LR=7.50e-05

Epoch 337:   0%|          | 0/93 [00:00<?, ?it/s]
Epoch 337: 100%|██████████| 93/93 [00:00<00:00, 255.49it/s]
Epoch 337/500: Train=0.000266  Val=0.000216  LR=7.50e-05

Epoch 338:   0%|          | 0/93 [00:00<?, ?it/s]
Epoch 338: 100%|██████████| 93/93 [00:00<00:00, 255.78it/s]
Epoch 338/500: Train=0.000266  Val=0.000218  LR=7.50e-05

Epoch 339:   0%|          | 0/93 [00:00<?, ?it/s]
Epoch 339: 100%|██████████| 93/93 [00:00<00:00, 257.83it/s]
Epoch 339/500: Train=0.000264  Val=0.000217  LR=7.50e-05

Epoch 340:   0%|          | 0/93 [00:00<?, ?it/s]
Epoch 340: 100%|██████████| 93/93 [00:00<00:00, 259.05it/s]
Epoch 340/500: Train=0.000266  Val=0.000215  LR=7.50e-05

Epoch 341:   0%|          | 0/93 [00:00<?, ?it/s]
Epoch 341: 100%|██████████| 93/93 [00:00<00:00, 259.78it/s]
Epoch 341/500: Train=0.000268  Val=0.000218  LR=7.50e-05

Epoch 342:   0%|          | 0/93 [00:00<?, ?it/s]
Epoch 342: 100%|██████████| 93/93 [00:00<00:00, 259.77it/s]
Epoch 342/500: Train=0.000264  Val=0.000220  LR=7.50e-05

Epoch 343:   0%|          | 0/93 [00:00<?, ?it/s]
Epoch 343: 100%|██████████| 93/93 [00:00<00:00, 259.78it/s]
Epoch 343/500: Train=0.000264  Val=0.000219  LR=7.50e-05

Epoch 344:   0%|          | 0/93 [00:00<?, ?it/s]
Epoch 344: 100%|██████████| 93/93 [00:00<00:00, 247.29it/s]
Epoch 344/500: Train=0.000267  Val=0.000216  LR=7.50e-05

Epoch 345:   0%|          | 0/93 [00:00<?, ?it/s]
Epoch 345: 100%|██████████| 93/93 [00:00<00:00, 250.00it/s]
Epoch 345/500: Train=0.000266  Val=0.000216  LR=7.50e-05

Epoch 346:   0%|          | 0/93 [00:00<?, ?it/s]
Epoch 346: 100%|██████████| 93/93 [00:00<00:00, 223.13it/s]
Epoch 346/500: Train=0.000264  Val=0.000215  LR=7.50e-05

Epoch 347:   0%|          | 0/93 [00:00<?, ?it/s]
Epoch 347: 100%|██████████| 93/93 [00:00<00:00, 248.00it/s]
Epoch 347/500: Train=0.000265  Val=0.000219  LR=7.50e-05

Epoch 348:   0%|          | 0/93 [00:00<?, ?it/s]
Epoch 348: 100%|██████████| 93/93 [00:00<00:00, 246.03it/s]
Epoch 348/500: Train=0.000265  Val=0.000216  LR=7.50e-05

Epoch 349:   0%|          | 0/93 [00:00<?, ?it/s]
Epoch 349: 100%|██████████| 93/93 [00:00<00:00, 248.00it/s]
Epoch 349/500: Train=0.000264  Val=0.000216  LR=7.50e-05

Epoch 350:   0%|          | 0/93 [00:00<?, ?it/s]
Epoch 350: 100%|██████████| 93/93 [00:00<00:00, 252.71it/s]
Epoch 350/500: Train=0.000265  Val=0.000218  LR=7.50e-05

Epoch 351:   0%|          | 0/93 [00:00<?, ?it/s]
Epoch 351: 100%|██████████| 93/93 [00:00<00:00, 254.79it/s]
Epoch 351/500: Train=0.000263  Val=0.000215  LR=7.50e-05

Epoch 352:   0%|          | 0/93 [00:00<?, ?it/s]
Epoch 352: 100%|██████████| 93/93 [00:00<00:00, 250.67it/s]
Epoch 352/500: Train=0.000263  Val=0.000217  LR=7.50e-05

Epoch 353:   0%|          | 0/93 [00:00<?, ?it/s]
Epoch 353: 100%|██████████| 93/93 [00:00<00:00, 252.03it/s]
Epoch 353/500: Train=0.000263  Val=0.000217  LR=7.50e-05

Epoch 354:   0%|          | 0/93 [00:00<?, ?it/s]
Epoch 354: 100%|██████████| 93/93 [00:00<00:00, 249.33it/s]
Epoch 354/500: Train=0.000263  Val=0.000216  LR=7.50e-05

Epoch 355:   0%|          | 0/93 [00:00<?, ?it/s]
Epoch 355: 100%|██████████| 93/93 [00:00<00:00, 253.00it/s]
Epoch 355/500: Train=0.000263  Val=0.000215  LR=7.50e-05

Epoch 356:   0%|          | 0/93 [00:00<?, ?it/s]
Epoch 356: 100%|██████████| 93/93 [00:00<00:00, 250.67it/s]
Epoch 356/500: Train=0.000264  Val=0.000218  LR=7.50e-05

Epoch 357:   0%|          | 0/93 [00:00<?, ?it/s]
Epoch 357: 100%|██████████| 93/93 [00:00<00:00, 246.69it/s]
  >>> 学习率降低: 7.50e-05 -> 3.75e-05
Epoch 357/500: Train=0.000263  Val=0.000215  LR=3.75e-05

Epoch 358:   0%|          | 0/93 [00:00<?, ?it/s]
Epoch 358: 100%|██████████| 93/93 [00:00<00:00, 246.30it/s]
Epoch 358/500: Train=0.000263  Val=0.000216  LR=3.75e-05

Epoch 359:   0%|          | 0/93 [00:00<?, ?it/s]
Epoch 359: 100%|██████████| 93/93 [00:00<00:00, 254.80it/s]
Epoch 359/500: Train=0.000260  Val=0.000215  LR=3.75e-05

Epoch 360:   0%|          | 0/93 [00:00<?, ?it/s]
Epoch 360: 100%|██████████| 93/93 [00:00<00:00, 222.49it/s]
Epoch 360/500: Train=0.000262  Val=0.000216  LR=3.75e-05

Epoch 361:   0%|          | 0/93 [00:00<?, ?it/s]
Epoch 361: 100%|██████████| 93/93 [00:00<00:00, 254.79it/s]
Epoch 361/500: Train=0.000260  Val=0.000215  LR=3.75e-05

Epoch 362:   0%|          | 0/93 [00:00<?, ?it/s]
Epoch 362: 100%|██████████| 93/93 [00:00<00:00, 257.61it/s]
Epoch 362/500: Train=0.000261  Val=0.000215  LR=3.75e-05

Epoch 363:   0%|          | 0/93 [00:00<?, ?it/s]
Epoch 363: 100%|██████████| 93/93 [00:00<00:00, 256.20it/s]
Epoch 363/500: Train=0.000261  Val=0.000215  LR=3.75e-05

Epoch 364:   0%|          | 0/93 [00:00<?, ?it/s]
Epoch 364: 100%|██████████| 93/93 [00:00<00:00, 252.72it/s]
Epoch 364/500: Train=0.000262  Val=0.000217  LR=3.75e-05

Epoch 365:   0%|          | 0/93 [00:00<?, ?it/s]
Epoch 365: 100%|██████████| 93/93 [00:00<00:00, 256.91it/s]
Epoch 365/500: Train=0.000262  Val=0.000215  LR=3.75e-05

Epoch 366:   0%|          | 0/93 [00:00<?, ?it/s]
Epoch 366: 100%|██████████| 93/93 [00:00<00:00, 251.63it/s]
Epoch 366/500: Train=0.000261  Val=0.000216  LR=3.75e-05

Epoch 367:   0%|          | 0/93 [00:00<?, ?it/s]
Epoch 367: 100%|██████████| 93/93 [00:00<00:00, 255.15it/s]
Epoch 367/500: Train=0.000263  Val=0.000215  LR=3.75e-05

Epoch 368:   0%|          | 0/93 [00:00<?, ?it/s]
Epoch 368: 100%|██████████| 93/93 [00:00<00:00, 256.20it/s]
Epoch 368/500: Train=0.000262  Val=0.000215  LR=3.75e-05

Epoch 369:   0%|          | 0/93 [00:00<?, ?it/s]
Epoch 369: 100%|██████████| 93/93 [00:00<00:00, 255.50it/s]
Epoch 369/500: Train=0.000262  Val=0.000215  LR=3.75e-05

Epoch 370:   0%|          | 0/93 [00:00<?, ?it/s]
Epoch 370: 100%|██████████| 93/93 [00:00<00:00, 258.34it/s]
Epoch 370/500: Train=0.000262  Val=0.000216  LR=3.75e-05

Epoch 371:   0%|          | 0/93 [00:00<?, ?it/s]
Epoch 371: 100%|██████████| 93/93 [00:00<00:00, 253.41it/s]
Epoch 371/500: Train=0.000262  Val=0.000216  LR=3.75e-05

Epoch 372:   0%|          | 0/93 [00:00<?, ?it/s]
Epoch 372: 100%|██████████| 93/93 [00:00<00:00, 255.49it/s]
Epoch 372/500: Train=0.000261  Val=0.000217  LR=3.75e-05

Epoch 373:   0%|          | 0/93 [00:00<?, ?it/s]
Epoch 373: 100%|██████████| 93/93 [00:00<00:00, 251.35it/s]
Epoch 373/500: Train=0.000262  Val=0.000215  LR=3.75e-05

Epoch 374:   0%|          | 0/93 [00:00<?, ?it/s]
Epoch 374: 100%|██████████| 93/93 [00:00<00:00, 226.83it/s]
Epoch 374/500: Train=0.000262  Val=0.000216  LR=3.75e-05

Epoch 375:   0%|          | 0/93 [00:00<?, ?it/s]
Epoch 375: 100%|██████████| 93/93 [00:00<00:00, 254.10it/s]
Epoch 375/500: Train=0.000262  Val=0.000216  LR=3.75e-05

Epoch 376:   0%|          | 0/93 [00:00<?, ?it/s]
Epoch 376: 100%|██████████| 93/93 [00:00<00:00, 258.33it/s]
Epoch 376/500: Train=0.000263  Val=0.000215  LR=3.75e-05

Epoch 377:   0%|          | 0/93 [00:00<?, ?it/s]
Epoch 377: 100%|██████████| 93/93 [00:00<00:00, 250.00it/s]
Epoch 377/500: Train=0.000263  Val=0.000216  LR=3.75e-05

Epoch 378:   0%|          | 0/93 [00:00<?, ?it/s]
Epoch 378: 100%|██████████| 93/93 [00:00<00:00, 252.72it/s]
Epoch 378/500: Train=0.000261  Val=0.000215  LR=3.75e-05

Epoch 379:   0%|          | 0/93 [00:00<?, ?it/s]
Epoch 379: 100%|██████████| 93/93 [00:00<00:00, 246.68it/s]
Epoch 379/500: Train=0.000259  Val=0.000215  LR=3.75e-05

Epoch 380:   0%|          | 0/93 [00:00<?, ?it/s]
Epoch 380: 100%|██████████| 93/93 [00:00<00:00, 229.06it/s]
  >>> 学习率降低: 3.75e-05 -> 1.87e-05
Epoch 380/500: Train=0.000262  Val=0.000215  LR=1.87e-05

Epoch 381:   0%|          | 0/93 [00:00<?, ?it/s]
Epoch 381: 100%|██████████| 93/93 [00:00<00:00, 248.00it/s]
Epoch 381/500: Train=0.000260  Val=0.000216  LR=1.87e-05

Epoch 382:   0%|          | 0/93 [00:00<?, ?it/s]
Epoch 382: 100%|██████████| 93/93 [00:00<00:00, 256.20it/s]
Epoch 382/500: Train=0.000261  Val=0.000215  LR=1.87e-05

Epoch 383:   0%|          | 0/93 [00:00<?, ?it/s]
Epoch 383: 100%|██████████| 93/93 [00:00<00:00, 245.38it/s]
Epoch 383/500: Train=0.000261  Val=0.000215  LR=1.87e-05
早停触发 (patience=80)

端到端训练完成，最佳验证损失: 0.000217
  Saved: C:\Users\Windows\Desktop\论文4\code-projectv2\results\platform2\Models\lstm_koopman\model.pth  rho=1.2351
Trajectory length: 500 steps (predicting 490)
  RMSE: 1.688919
  MAE:  1.383436
Plot saved: C:\Users\Windows\Desktop\论文4\code-projectv2\results\platform2\Models\lstm_koopman\test_prediction.png
Final test RMSE: 1.688919
Final test MAE:  1.383436
