============================================================
LSTM-Koopman training (temporal baseline)
============================================================
  Config:  C:\Users\Windows\Desktop\论文4\code-projectv2\configs\platform1.yaml
  Output:  C:\Users\Windows\Desktop\论文4\code-projectv2\results\platform1\Models\lstm_koopman
CUDA device: NVIDIA GeForce RTX 5060 Ti
PyTorch CUDA version: 12.8
Using device: cuda
Random seed set to: 42
  State normalised: mean=[ 0.09753077 -0.01582445  0.6733926   0.00189379  0.22411865 -0.00133182], std=[0.42824686 2.9804783  0.2169297  1.9343365  0.11937906 1.5706955 ]
  Control normalised: mean=[0.0345642 3.11136   1.3806984], std=[0.9186094  0.91855556 0.5460997 ]
Dataset [train]:
  Total points: 74655
  Valid samples: 74415
  Trajectories: 15
  State normalised (using training-set statistics)
  Control normalised (using training-set statistics)
Dataset [val]:
  Total points: 19909
  Valid samples: 19845
  Trajectories: 4
  State normalised (using training-set statistics)
  Control normalised (using training-set statistics)
Dataset [test]:
  Total points: 4976
  Valid samples: 4960
  Trajectories: 1
  Train: 74415 / Val: 19845 / Test: 4960
Total parameters: 59,770

============================================================
端到端训练
============================================================

Epoch 1:   0%|          | 0/146 [00:00<?, ?it/s]
Epoch 1: 100%|██████████| 146/146 [00:00<00:00, 180.40it/s]
Epoch 1/300: Train=0.039003  Val=0.024987  LR=3.00e-04

Epoch 2:   0%|          | 0/146 [00:00<?, ?it/s]
Epoch 2: 100%|██████████| 146/146 [00:00<00:00, 200.27it/s]
Epoch 2/300: Train=0.024844  Val=0.017855  LR=3.00e-04

Epoch 3:   0%|          | 0/146 [00:00<?, ?it/s]
Epoch 3: 100%|██████████| 146/146 [00:00<00:00, 206.21it/s]
Epoch 3/300: Train=0.018420  Val=0.013549  LR=3.00e-04

Epoch 4:   0%|          | 0/146 [00:00<?, ?it/s]
Epoch 4: 100%|██████████| 146/146 [00:00<00:00, 211.59it/s]
Epoch 4/300: Train=0.014303  Val=0.010748  LR=3.00e-04

Epoch 5:   0%|          | 0/146 [00:00<?, ?it/s]
Epoch 5: 100%|██████████| 146/146 [00:00<00:00, 200.37it/s]
Epoch 5/300: Train=0.011925  Val=0.009230  LR=3.00e-04

Epoch 6:   0%|          | 0/146 [00:00<?, ?it/s]
Epoch 6: 100%|██████████| 146/146 [00:00<00:00, 212.83it/s]
Epoch 6/300: Train=0.010504  Val=0.008392  LR=3.00e-04

Epoch 7:   0%|          | 0/146 [00:00<?, ?it/s]
Epoch 7: 100%|██████████| 146/146 [00:00<00:00, 206.21it/s]
Epoch 7/300: Train=0.009658  Val=0.007849  LR=3.00e-04

Epoch 8:   0%|          | 0/146 [00:00<?, ?it/s]
Epoch 8: 100%|██████████| 146/146 [00:00<00:00, 209.77it/s]
Epoch 8/300: Train=0.008981  Val=0.007585  LR=3.00e-04

Epoch 9:   0%|          | 0/146 [00:00<?, ?it/s]
Epoch 9: 100%|██████████| 146/146 [00:00<00:00, 201.10it/s]
Epoch 9/300: Train=0.008550  Val=0.007266  LR=3.00e-04

Epoch 10:   0%|          | 0/146 [00:00<?, ?it/s]
Epoch 10: 100%|██████████| 146/146 [00:00<00:00, 204.77it/s]
Epoch 10/300: Train=0.008159  Val=0.007224  LR=3.00e-04

Epoch 11:   0%|          | 0/146 [00:00<?, ?it/s]
Epoch 11: 100%|██████████| 146/146 [00:00<00:00, 196.07it/s]
Epoch 11/300: Train=0.007890  Val=0.006960  LR=3.00e-04

Epoch 12:   0%|          | 0/146 [00:00<?, ?it/s]
Epoch 12: 100%|██████████| 146/146 [00:00<00:00, 209.77it/s]
Epoch 12/300: Train=0.007666  Val=0.007193  LR=3.00e-04

Epoch 13:   0%|          | 0/146 [00:00<?, ?it/s]
Epoch 13: 100%|██████████| 146/146 [00:00<00:00, 210.37it/s]
Epoch 13/300: Train=0.007458  Val=0.006492  LR=3.00e-04

Epoch 14:   0%|          | 0/146 [00:00<?, ?it/s]
Epoch 14: 100%|██████████| 146/146 [00:00<00:00, 190.99it/s]
Epoch 14/300: Train=0.007279  Val=0.006670  LR=3.00e-04

Epoch 15:   0%|          | 0/146 [00:00<?, ?it/s]
Epoch 15: 100%|██████████| 146/146 [00:00<00:00, 191.85it/s]
Epoch 15/300: Train=0.007071  Val=0.006588  LR=3.00e-04

Epoch 16:   0%|          | 0/146 [00:00<?, ?it/s]
Epoch 16: 100%|██████████| 146/146 [00:00<00:00, 208.57it/s]
Epoch 16/300: Train=0.006878  Val=0.006527  LR=3.00e-04

Epoch 17:   0%|          | 0/146 [00:00<?, ?it/s]
Epoch 17: 100%|██████████| 146/146 [00:00<00:00, 212.95it/s]
Epoch 17/300: Train=0.006732  Val=0.006089  LR=3.00e-04

Epoch 18:   0%|          | 0/146 [00:00<?, ?it/s]
Epoch 18: 100%|██████████| 146/146 [00:00<00:00, 199.73it/s]
Epoch 18/300: Train=0.006536  Val=0.006125  LR=3.00e-04

Epoch 19:   0%|          | 0/146 [00:00<?, ?it/s]
Epoch 19: 100%|██████████| 146/146 [00:00<00:00, 204.31it/s]
Epoch 19/300: Train=0.006413  Val=0.006148  LR=3.00e-04

Epoch 20:   0%|          | 0/146 [00:00<?, ?it/s]
Epoch 20: 100%|██████████| 146/146 [00:00<00:00, 206.41it/s]
Epoch 20/300: Train=0.006269  Val=0.006108  LR=3.00e-04

Epoch 21:   0%|          | 0/146 [00:00<?, ?it/s]
Epoch 21: 100%|██████████| 146/146 [00:00<00:00, 210.37it/s]
Epoch 21/300: Train=0.006148  Val=0.005972  LR=3.00e-04

Epoch 22:   0%|          | 0/146 [00:00<?, ?it/s]
Epoch 22: 100%|██████████| 146/146 [00:00<00:00, 198.37it/s]
Epoch 22/300: Train=0.006051  Val=0.005720  LR=3.00e-04

Epoch 23:   0%|          | 0/146 [00:00<?, ?it/s]
Epoch 23: 100%|██████████| 146/146 [00:00<00:00, 204.58it/s]
Epoch 23/300: Train=0.005928  Val=0.005817  LR=3.00e-04

Epoch 24:   0%|          | 0/146 [00:00<?, ?it/s]
Epoch 24: 100%|██████████| 146/146 [00:00<00:00, 195.45it/s]
Epoch 24/300: Train=0.005880  Val=0.005647  LR=3.00e-04

Epoch 25:   0%|          | 0/146 [00:00<?, ?it/s]
Epoch 25: 100%|██████████| 146/146 [00:00<00:00, 205.92it/s]
Epoch 25/300: Train=0.005807  Val=0.005517  LR=3.00e-04

Epoch 26:   0%|          | 0/146 [00:00<?, ?it/s]
Epoch 26: 100%|██████████| 146/146 [00:00<00:00, 204.58it/s]
Epoch 26/300: Train=0.005711  Val=0.005428  LR=3.00e-04

Epoch 27:   0%|          | 0/146 [00:00<?, ?it/s]
Epoch 27: 100%|██████████| 146/146 [00:00<00:00, 197.03it/s]
Epoch 27/300: Train=0.005641  Val=0.005373  LR=3.00e-04

Epoch 28:   0%|          | 0/146 [00:00<?, ?it/s]
Epoch 28: 100%|██████████| 146/146 [00:00<00:00, 191.10it/s]
Epoch 28/300: Train=0.005523  Val=0.005681  LR=3.00e-04

Epoch 29:   0%|          | 0/146 [00:00<?, ?it/s]
Epoch 29: 100%|██████████| 146/146 [00:00<00:00, 204.77it/s]
Epoch 29/300: Train=0.005477  Val=0.005090  LR=3.00e-04

Epoch 30:   0%|          | 0/146 [00:00<?, ?it/s]
Epoch 30: 100%|██████████| 146/146 [00:00<00:00, 206.22it/s]
Epoch 30/300: Train=0.005410  Val=0.005198  LR=3.00e-04

Epoch 31:   0%|          | 0/146 [00:00<?, ?it/s]
Epoch 31: 100%|██████████| 146/146 [00:00<00:00, 195.71it/s]
Epoch 31/300: Train=0.005306  Val=0.004977  LR=3.00e-04

Epoch 32:   0%|          | 0/146 [00:00<?, ?it/s]
Epoch 32: 100%|██████████| 146/146 [00:00<00:00, 194.71it/s]
Epoch 32/300: Train=0.005269  Val=0.005034  LR=3.00e-04

Epoch 33:   0%|          | 0/146 [00:00<?, ?it/s]
Epoch 33: 100%|██████████| 146/146 [00:00<00:00, 209.77it/s]
Epoch 33/300: Train=0.005202  Val=0.005003  LR=3.00e-04

Epoch 34:   0%|          | 0/146 [00:00<?, ?it/s]
Epoch 34: 100%|██████████| 146/146 [00:00<00:00, 210.68it/s]
Epoch 34/300: Train=0.005165  Val=0.004872  LR=3.00e-04

Epoch 35:   0%|          | 0/146 [00:00<?, ?it/s]
Epoch 35: 100%|██████████| 146/146 [00:00<00:00, 194.93it/s]
Epoch 35/300: Train=0.005073  Val=0.005013  LR=3.00e-04

Epoch 36:   0%|          | 0/146 [00:00<?, ?it/s]
Epoch 36: 100%|██████████| 146/146 [00:00<00:00, 198.10it/s]
Epoch 36/300: Train=0.005048  Val=0.004900  LR=3.00e-04

Epoch 37:   0%|          | 0/146 [00:00<?, ?it/s]
Epoch 37: 100%|██████████| 146/146 [00:00<00:00, 203.16it/s]
Epoch 37/300: Train=0.004991  Val=0.004882  LR=3.00e-04

Epoch 38:   0%|          | 0/146 [00:00<?, ?it/s]
Epoch 38: 100%|██████████| 146/146 [00:00<00:00, 203.34it/s]
Epoch 38/300: Train=0.004929  Val=0.004682  LR=3.00e-04

Epoch 39:   0%|          | 0/146 [00:00<?, ?it/s]
Epoch 39: 100%|██████████| 146/146 [00:00<00:00, 191.85it/s]
Epoch 39/300: Train=0.004871  Val=0.004806  LR=3.00e-04

Epoch 40:   0%|          | 0/146 [00:00<?, ?it/s]
Epoch 40: 100%|██████████| 146/146 [00:00<00:00, 203.74it/s]
Epoch 40/300: Train=0.004852  Val=0.004797  LR=3.00e-04

Epoch 41:   0%|          | 0/146 [00:00<?, ?it/s]
Epoch 41: 100%|██████████| 146/146 [00:00<00:00, 190.10it/s]
Epoch 41/300: Train=0.004816  Val=0.004890  LR=3.00e-04

Epoch 42:   0%|          | 0/146 [00:00<?, ?it/s]
Epoch 42: 100%|██████████| 146/146 [00:00<00:00, 200.27it/s]
Epoch 42/300: Train=0.004766  Val=0.004657  LR=3.00e-04

Epoch 43:   0%|          | 0/146 [00:00<?, ?it/s]
Epoch 43: 100%|██████████| 146/146 [00:00<00:00, 197.42it/s]
Epoch 43/300: Train=0.004728  Val=0.004632  LR=3.00e-04

Epoch 44:   0%|          | 0/146 [00:00<?, ?it/s]
Epoch 44: 100%|██████████| 146/146 [00:00<00:00, 199.33it/s]
Epoch 44/300: Train=0.004668  Val=0.004701  LR=3.00e-04

Epoch 45:   0%|          | 0/146 [00:00<?, ?it/s]
Epoch 45: 100%|██████████| 146/146 [00:00<00:00, 187.18it/s]
Epoch 45/300: Train=0.004642  Val=0.004690  LR=3.00e-04

Epoch 46:   0%|          | 0/146 [00:00<?, ?it/s]
Epoch 46: 100%|██████████| 146/146 [00:00<00:00, 201.56it/s]
Epoch 46/300: Train=0.004627  Val=0.004600  LR=3.00e-04

Epoch 47:   0%|          | 0/146 [00:00<?, ?it/s]
Epoch 47: 100%|██████████| 146/146 [00:00<00:00, 197.29it/s]
Epoch 47/300: Train=0.004583  Val=0.004696  LR=3.00e-04

Epoch 48:   0%|          | 0/146 [00:00<?, ?it/s]
Epoch 48: 100%|██████████| 146/146 [00:00<00:00, 187.18it/s]
Epoch 48/300: Train=0.004543  Val=0.004533  LR=3.00e-04

Epoch 49:   0%|          | 0/146 [00:00<?, ?it/s]
Epoch 49: 100%|██████████| 146/146 [00:00<00:00, 186.31it/s]
Epoch 49/300: Train=0.004488  Val=0.004594  LR=3.00e-04

Epoch 50:   0%|          | 0/146 [00:00<?, ?it/s]
Epoch 50: 100%|██████████| 146/146 [00:00<00:00, 213.74it/s]
Epoch 50/300: Train=0.004496  Val=0.004506  LR=3.00e-04

Epoch 51:   0%|          | 0/146 [00:00<?, ?it/s]
Epoch 51: 100%|██████████| 146/146 [00:00<00:00, 213.13it/s]
Epoch 51/300: Train=0.004428  Val=0.004506  LR=3.00e-04

Epoch 52:   0%|          | 0/146 [00:00<?, ?it/s]
Epoch 52: 100%|██████████| 146/146 [00:00<00:00, 202.04it/s]
Epoch 52/300: Train=0.004408  Val=0.004517  LR=3.00e-04

Epoch 53:   0%|          | 0/146 [00:00<?, ?it/s]
Epoch 53: 100%|██████████| 146/146 [00:00<00:00, 214.38it/s]
Epoch 53/300: Train=0.004360  Val=0.004501  LR=3.00e-04

Epoch 54:   0%|          | 0/146 [00:00<?, ?it/s]
Epoch 54: 100%|██████████| 146/146 [00:00<00:00, 201.35it/s]
Epoch 54/300: Train=0.004337  Val=0.004447  LR=3.00e-04

Epoch 55:   0%|          | 0/146 [00:00<?, ?it/s]
Epoch 55: 100%|██████████| 146/146 [00:00<00:00, 213.77it/s]
Epoch 55/300: Train=0.004309  Val=0.004410  LR=3.00e-04

Epoch 56:   0%|          | 0/146 [00:00<?, ?it/s]
Epoch 56: 100%|██████████| 146/146 [00:00<00:00, 212.35it/s]
Epoch 56/300: Train=0.004292  Val=0.004415  LR=3.00e-04

Epoch 57:   0%|          | 0/146 [00:00<?, ?it/s]
Epoch 57: 100%|██████████| 146/146 [00:00<00:00, 215.02it/s]
Epoch 57/300: Train=0.004312  Val=0.004454  LR=3.00e-04

Epoch 58:   0%|          | 0/146 [00:00<?, ?it/s]
Epoch 58: 100%|██████████| 146/146 [00:00<00:00, 201.96it/s]
Epoch 58/300: Train=0.004203  Val=0.004403  LR=3.00e-04

Epoch 59:   0%|          | 0/146 [00:00<?, ?it/s]
Epoch 59: 100%|██████████| 146/146 [00:00<00:00, 213.45it/s]
Epoch 59/300: Train=0.004203  Val=0.004387  LR=3.00e-04

Epoch 60:   0%|          | 0/146 [00:00<?, ?it/s]
Epoch 60: 100%|██████████| 146/146 [00:00<00:00, 213.42it/s]
Epoch 60/300: Train=0.004165  Val=0.004349  LR=3.00e-04

Epoch 61:   0%|          | 0/146 [00:00<?, ?it/s]
Epoch 61: 100%|██████████| 146/146 [00:00<00:00, 199.73it/s]
Epoch 61/300: Train=0.004160  Val=0.004359  LR=3.00e-04

Epoch 62:   0%|          | 0/146 [00:00<?, ?it/s]
Epoch 62: 100%|██████████| 146/146 [00:00<00:00, 199.58it/s]
Epoch 62/300: Train=0.004106  Val=0.004398  LR=3.00e-04

Epoch 63:   0%|          | 0/146 [00:00<?, ?it/s]
Epoch 63: 100%|██████████| 146/146 [00:00<00:00, 208.92it/s]
Epoch 63/300: Train=0.004118  Val=0.004321  LR=3.00e-04

Epoch 64:   0%|          | 0/146 [00:00<?, ?it/s]
Epoch 64: 100%|██████████| 146/146 [00:00<00:00, 211.42it/s]
Epoch 64/300: Train=0.004062  Val=0.004483  LR=3.00e-04

Epoch 65:   0%|          | 0/146 [00:00<?, ?it/s]
Epoch 65: 100%|██████████| 146/146 [00:00<00:00, 199.73it/s]
Epoch 65/300: Train=0.004039  Val=0.004252  LR=3.00e-04

Epoch 66:   0%|          | 0/146 [00:00<?, ?it/s]
Epoch 66: 100%|██████████| 146/146 [00:00<00:00, 215.66it/s]
Epoch 66/300: Train=0.004000  Val=0.004415  LR=3.00e-04

Epoch 67:   0%|          | 0/146 [00:00<?, ?it/s]
Epoch 67: 100%|██████████| 146/146 [00:00<00:00, 212.83it/s]
Epoch 67/300: Train=0.004015  Val=0.004376  LR=3.00e-04

Epoch 68:   0%|          | 0/146 [00:00<?, ?it/s]
Epoch 68: 100%|██████████| 146/146 [00:00<00:00, 212.52it/s]
Epoch 68/300: Train=0.003983  Val=0.004357  LR=3.00e-04

Epoch 69:   0%|          | 0/146 [00:00<?, ?it/s]
Epoch 69: 100%|██████████| 146/146 [00:00<00:00, 197.88it/s]
Epoch 69/300: Train=0.003931  Val=0.004211  LR=3.00e-04

Epoch 70:   0%|          | 0/146 [00:00<?, ?it/s]
Epoch 70: 100%|██████████| 146/146 [00:00<00:00, 212.96it/s]
Epoch 70/300: Train=0.003929  Val=0.004309  LR=3.00e-04

Epoch 71:   0%|          | 0/146 [00:00<?, ?it/s]
Epoch 71: 100%|██████████| 146/146 [00:00<00:00, 198.10it/s]
Epoch 71/300: Train=0.003877  Val=0.004193  LR=3.00e-04

Epoch 72:   0%|          | 0/146 [00:00<?, ?it/s]
Epoch 72: 100%|██████████| 146/146 [00:00<00:00, 215.02it/s]
Epoch 72/300: Train=0.003903  Val=0.004247  LR=3.00e-04

Epoch 73:   0%|          | 0/146 [00:00<?, ?it/s]
Epoch 73: 100%|██████████| 146/146 [00:00<00:00, 214.08it/s]
Epoch 73/300: Train=0.003858  Val=0.004243  LR=3.00e-04

Epoch 74:   0%|          | 0/146 [00:00<?, ?it/s]
Epoch 74: 100%|██████████| 146/146 [00:00<00:00, 214.39it/s]
Epoch 74/300: Train=0.003853  Val=0.004333  LR=3.00e-04

Epoch 75:   0%|          | 0/146 [00:00<?, ?it/s]
Epoch 75: 100%|██████████| 146/146 [00:00<00:00, 201.77it/s]
Epoch 75/300: Train=0.003834  Val=0.004231  LR=3.00e-04

Epoch 76:   0%|          | 0/146 [00:00<?, ?it/s]
Epoch 76: 100%|██████████| 146/146 [00:00<00:00, 213.88it/s]
Epoch 76/300: Train=0.003816  Val=0.004229  LR=3.00e-04

Epoch 77:   0%|          | 0/146 [00:00<?, ?it/s]
Epoch 77: 100%|██████████| 146/146 [00:00<00:00, 213.45it/s]
Epoch 77/300: Train=0.003784  Val=0.004354  LR=3.00e-04

Epoch 78:   0%|          | 0/146 [00:00<?, ?it/s]
Epoch 78: 100%|██████████| 146/146 [00:00<00:00, 201.10it/s]
Epoch 78/300: Train=0.003776  Val=0.004195  LR=3.00e-04

Epoch 79:   0%|          | 0/146 [00:00<?, ?it/s]
Epoch 79: 100%|██████████| 146/146 [00:00<00:00, 201.38it/s]
Epoch 79/300: Train=0.003755  Val=0.004363  LR=3.00e-04

Epoch 80:   0%|          | 0/146 [00:00<?, ?it/s]
Epoch 80: 100%|██████████| 146/146 [00:00<00:00, 213.45it/s]
Epoch 80/300: Train=0.003725  Val=0.004203  LR=3.00e-04

Epoch 81:   0%|          | 0/146 [00:00<?, ?it/s]
Epoch 81: 100%|██████████| 146/146 [00:00<00:00, 212.83it/s]
Epoch 81/300: Train=0.003722  Val=0.004282  LR=3.00e-04

Epoch 82:   0%|          | 0/146 [00:00<?, ?it/s]
Epoch 82: 100%|██████████| 146/146 [00:00<00:00, 201.48it/s]
Epoch 82/300: Train=0.003691  Val=0.004185  LR=3.00e-04

Epoch 83:   0%|          | 0/146 [00:00<?, ?it/s]
Epoch 83: 100%|██████████| 146/146 [00:00<00:00, 214.39it/s]
Epoch 83/300: Train=0.003685  Val=0.004267  LR=3.00e-04

Epoch 84:   0%|          | 0/146 [00:00<?, ?it/s]
Epoch 84: 100%|██████████| 146/146 [00:00<00:00, 212.52it/s]
Epoch 84/300: Train=0.003645  Val=0.004291  LR=3.00e-04

Epoch 85:   0%|          | 0/146 [00:00<?, ?it/s]
Epoch 85: 100%|██████████| 146/146 [00:00<00:00, 214.08it/s]
Epoch 85/300: Train=0.003633  Val=0.004171  LR=3.00e-04

Epoch 86:   0%|          | 0/146 [00:00<?, ?it/s]
Epoch 86: 100%|██████████| 146/146 [00:00<00:00, 199.73it/s]
Epoch 86/300: Train=0.003630  Val=0.004165  LR=3.00e-04

Epoch 87:   0%|          | 0/146 [00:00<?, ?it/s]
Epoch 87: 100%|██████████| 146/146 [00:00<00:00, 213.14it/s]
Epoch 87/300: Train=0.003611  Val=0.004227  LR=3.00e-04

Epoch 88:   0%|          | 0/146 [00:00<?, ?it/s]
Epoch 88: 100%|██████████| 146/146 [00:00<00:00, 203.22it/s]
Epoch 88/300: Train=0.003590  Val=0.004165  LR=3.00e-04

Epoch 89:   0%|          | 0/146 [00:00<?, ?it/s]
Epoch 89: 100%|██████████| 146/146 [00:00<00:00, 213.14it/s]
Epoch 89/300: Train=0.003569  Val=0.004192  LR=3.00e-04

Epoch 90:   0%|          | 0/146 [00:00<?, ?it/s]
Epoch 90: 100%|██████████| 146/146 [00:00<00:00, 212.83it/s]
Epoch 90/300: Train=0.003560  Val=0.004219  LR=3.00e-04

Epoch 91:   0%|          | 0/146 [00:00<?, ?it/s]
Epoch 91: 100%|██████████| 146/146 [00:00<00:00, 201.77it/s]
Epoch 91/300: Train=0.003546  Val=0.004182  LR=3.00e-04

Epoch 92:   0%|          | 0/146 [00:00<?, ?it/s]
Epoch 92: 100%|██████████| 146/146 [00:00<00:00, 202.78it/s]
Epoch 92/300: Train=0.003544  Val=0.004174  LR=3.00e-04

Epoch 93:   0%|          | 0/146 [00:00<?, ?it/s]
Epoch 93: 100%|██████████| 146/146 [00:00<00:00, 214.08it/s]
Epoch 93/300: Train=0.003520  Val=0.004194  LR=3.00e-04

Epoch 94:   0%|          | 0/146 [00:00<?, ?it/s]
Epoch 94: 100%|██████████| 146/146 [00:00<00:00, 214.49it/s]
Epoch 94/300: Train=0.003498  Val=0.004085  LR=3.00e-04

Epoch 95:   0%|          | 0/146 [00:00<?, ?it/s]
Epoch 95: 100%|██████████| 146/146 [00:00<00:00, 200.82it/s]
Epoch 95/300: Train=0.003505  Val=0.004202  LR=3.00e-04

Epoch 96:   0%|          | 0/146 [00:00<?, ?it/s]
Epoch 96: 100%|██████████| 146/146 [00:00<00:00, 213.77it/s]
Epoch 96/300: Train=0.003477  Val=0.004140  LR=3.00e-04

Epoch 97:   0%|          | 0/146 [00:00<?, ?it/s]
Epoch 97: 100%|██████████| 146/146 [00:00<00:00, 213.76it/s]
Epoch 97/300: Train=0.003466  Val=0.004140  LR=3.00e-04

Epoch 98:   0%|          | 0/146 [00:00<?, ?it/s]
Epoch 98: 100%|██████████| 146/146 [00:00<00:00, 213.14it/s]
Epoch 98/300: Train=0.003474  Val=0.004127  LR=3.00e-04

Epoch 99:   0%|          | 0/146 [00:00<?, ?it/s]
Epoch 99: 100%|██████████| 146/146 [00:00<00:00, 200.55it/s]
Epoch 99/300: Train=0.003433  Val=0.004090  LR=3.00e-04

Epoch 100:   0%|          | 0/146 [00:00<?, ?it/s]
Epoch 100: 100%|██████████| 146/146 [00:00<00:00, 214.19it/s]
Epoch 100/300: Train=0.003421  Val=0.004142  LR=3.00e-04

Epoch 101:   0%|          | 0/146 [00:00<?, ?it/s]
Epoch 101: 100%|██████████| 146/146 [00:00<00:00, 197.03it/s]
Epoch 101/300: Train=0.003392  Val=0.004121  LR=3.00e-04

Epoch 102:   0%|          | 0/146 [00:00<?, ?it/s]
Epoch 102: 100%|██████████| 146/146 [00:00<00:00, 214.08it/s]
Epoch 102/300: Train=0.003382  Val=0.004090  LR=3.00e-04

Epoch 103:   0%|          | 0/146 [00:00<?, ?it/s]
Epoch 103: 100%|██████████| 146/146 [00:00<00:00, 215.02it/s]
Epoch 103/300: Train=0.003374  Val=0.004098  LR=3.00e-04

Epoch 104:   0%|          | 0/146 [00:00<?, ?it/s]
Epoch 104: 100%|██████████| 146/146 [00:00<00:00, 214.39it/s]
Epoch 104/300: Train=0.003355  Val=0.004085  LR=3.00e-04

Epoch 105:   0%|          | 0/146 [00:00<?, ?it/s]
Epoch 105: 100%|██████████| 146/146 [00:00<00:00, 201.38it/s]
Epoch 105/300: Train=0.003343  Val=0.004056  LR=3.00e-04

Epoch 106:   0%|          | 0/146 [00:00<?, ?it/s]
Epoch 106: 100%|██████████| 146/146 [00:00<00:00, 212.34it/s]
Epoch 106/300: Train=0.003334  Val=0.004202  LR=3.00e-04

Epoch 107:   0%|          | 0/146 [00:00<?, ?it/s]
Epoch 107: 100%|██████████| 146/146 [00:00<00:00, 213.64it/s]
Epoch 107/300: Train=0.003334  Val=0.004120  LR=3.00e-04

Epoch 108:   0%|          | 0/146 [00:00<?, ?it/s]
Epoch 108: 100%|██████████| 146/146 [00:00<00:00, 199.18it/s]
Epoch 108/300: Train=0.003312  Val=0.004049  LR=3.00e-04

Epoch 109:   0%|          | 0/146 [00:00<?, ?it/s]
Epoch 109: 100%|██████████| 146/146 [00:00<00:00, 200.66it/s]
Epoch 109/300: Train=0.003296  Val=0.004070  LR=3.00e-04

Epoch 110:   0%|          | 0/146 [00:00<?, ?it/s]
Epoch 110: 100%|██████████| 146/146 [00:00<00:00, 212.83it/s]
Epoch 110/300: Train=0.003276  Val=0.004077  LR=3.00e-04

Epoch 111:   0%|          | 0/146 [00:00<?, ?it/s]
Epoch 111: 100%|██████████| 146/146 [00:00<00:00, 213.45it/s]
Epoch 111/300: Train=0.003265  Val=0.004091  LR=3.00e-04

Epoch 112:   0%|          | 0/146 [00:00<?, ?it/s]
Epoch 112: 100%|██████████| 146/146 [00:00<00:00, 201.21it/s]
Epoch 112/300: Train=0.003271  Val=0.004125  LR=3.00e-04

Epoch 113:   0%|          | 0/146 [00:00<?, ?it/s]
Epoch 113: 100%|██████████| 146/146 [00:00<00:00, 211.99it/s]
Epoch 113/300: Train=0.003295  Val=0.004079  LR=3.00e-04

Epoch 114:   0%|          | 0/146 [00:00<?, ?it/s]
Epoch 114: 100%|██████████| 146/146 [00:00<00:00, 212.21it/s]
Epoch 114/300: Train=0.003235  Val=0.004159  LR=3.00e-04

Epoch 115:   0%|          | 0/146 [00:00<?, ?it/s]
Epoch 115: 100%|██████████| 146/146 [00:00<00:00, 213.45it/s]
Epoch 115/300: Train=0.003235  Val=0.004070  LR=3.00e-04

Epoch 116:   0%|          | 0/146 [00:00<?, ?it/s]
Epoch 116: 100%|██████████| 146/146 [00:00<00:00, 200.54it/s]
Epoch 116/300: Train=0.003223  Val=0.004150  LR=3.00e-04

Epoch 117:   0%|          | 0/146 [00:00<?, ?it/s]
Epoch 117: 100%|██████████| 146/146 [00:00<00:00, 210.07it/s]
Epoch 117/300: Train=0.003208  Val=0.004113  LR=3.00e-04

Epoch 118:   0%|          | 0/146 [00:00<?, ?it/s]
Epoch 118: 100%|██████████| 146/146 [00:00<00:00, 197.67it/s]
Epoch 118/300: Train=0.003193  Val=0.004050  LR=3.00e-04

Epoch 119:   0%|          | 0/146 [00:00<?, ?it/s]
Epoch 119: 100%|██████████| 146/146 [00:00<00:00, 213.51it/s]
  >>> 学习率降低: 3.00e-04 -> 1.50e-04
Epoch 119/300: Train=0.003185  Val=0.004123  LR=1.50e-04

Epoch 120:   0%|          | 0/146 [00:00<?, ?it/s]
Epoch 120: 100%|██████████| 146/146 [00:00<00:00, 214.08it/s]
Epoch 120/300: Train=0.003130  Val=0.004079  LR=1.50e-04

Epoch 121:   0%|          | 0/146 [00:00<?, ?it/s]
Epoch 121: 100%|██████████| 146/146 [00:00<00:00, 215.34it/s]
Epoch 121/300: Train=0.003109  Val=0.004107  LR=1.50e-04

Epoch 122:   0%|          | 0/146 [00:00<?, ?it/s]
Epoch 122: 100%|██████████| 146/146 [00:00<00:00, 201.93it/s]
Epoch 122/300: Train=0.003113  Val=0.004122  LR=1.50e-04

Epoch 123:   0%|          | 0/146 [00:00<?, ?it/s]
Epoch 123: 100%|██████████| 146/146 [00:00<00:00, 213.45it/s]
Epoch 123/300: Train=0.003113  Val=0.004067  LR=1.50e-04

Epoch 124:   0%|          | 0/146 [00:00<?, ?it/s]
Epoch 124: 100%|██████████| 146/146 [00:00<00:00, 213.76it/s]
Epoch 124/300: Train=0.003099  Val=0.004065  LR=1.50e-04

Epoch 125:   0%|          | 0/146 [00:00<?, ?it/s]
Epoch 125: 100%|██████████| 146/146 [00:00<00:00, 202.78it/s]
Epoch 125/300: Train=0.003103  Val=0.004098  LR=1.50e-04

Epoch 126:   0%|          | 0/146 [00:00<?, ?it/s]
Epoch 126: 100%|██████████| 146/146 [00:00<00:00, 200.83it/s]
Epoch 126/300: Train=0.003095  Val=0.004049  LR=1.50e-04

Epoch 127:   0%|          | 0/146 [00:00<?, ?it/s]
Epoch 127: 100%|██████████| 146/146 [00:00<00:00, 212.94it/s]
Epoch 127/300: Train=0.003097  Val=0.004109  LR=1.50e-04

Epoch 128:   0%|          | 0/146 [00:00<?, ?it/s]
Epoch 128: 100%|██████████| 146/146 [00:00<00:00, 215.33it/s]
Epoch 128/300: Train=0.003081  Val=0.004096  LR=1.50e-04

Epoch 129:   0%|          | 0/146 [00:00<?, ?it/s]
Epoch 129: 100%|██████████| 146/146 [00:00<00:00, 201.66it/s]
Epoch 129/300: Train=0.003084  Val=0.004094  LR=1.50e-04

Epoch 130:   0%|          | 0/146 [00:00<?, ?it/s]
Epoch 130: 100%|██████████| 146/146 [00:00<00:00, 213.14it/s]
  >>> 学习率降低: 1.50e-04 -> 7.50e-05
Epoch 130/300: Train=0.003071  Val=0.004088  LR=7.50e-05

Epoch 131:   0%|          | 0/146 [00:00<?, ?it/s]
Epoch 131: 100%|██████████| 146/146 [00:00<00:00, 200.82it/s]
Epoch 131/300: Train=0.003030  Val=0.004070  LR=7.50e-05

Epoch 132:   0%|          | 0/146 [00:00<?, ?it/s]
Epoch 132: 100%|██████████| 146/146 [00:00<00:00, 212.44it/s]
Epoch 132/300: Train=0.003032  Val=0.004064  LR=7.50e-05

Epoch 133:   0%|          | 0/146 [00:00<?, ?it/s]
Epoch 133: 100%|██████████| 146/146 [00:00<00:00, 205.35it/s]
Epoch 133/300: Train=0.003040  Val=0.004061  LR=7.50e-05

Epoch 134:   0%|          | 0/146 [00:00<?, ?it/s]
Epoch 134: 100%|██████████| 146/146 [00:00<00:00, 215.66it/s]
Epoch 134/300: Train=0.003032  Val=0.004083  LR=7.50e-05

Epoch 135:   0%|          | 0/146 [00:00<?, ?it/s]
Epoch 135: 100%|██████████| 146/146 [00:00<00:00, 200.27it/s]
Epoch 135/300: Train=0.003021  Val=0.004095  LR=7.50e-05

Epoch 136:   0%|          | 0/146 [00:00<?, ?it/s]
Epoch 136: 100%|██████████| 146/146 [00:00<00:00, 214.70it/s]
Epoch 136/300: Train=0.003028  Val=0.004077  LR=7.50e-05

Epoch 137:   0%|          | 0/146 [00:00<?, ?it/s]
Epoch 137: 100%|██████████| 146/146 [00:00<00:00, 215.17it/s]
Epoch 137/300: Train=0.003019  Val=0.004032  LR=7.50e-05

Epoch 138:   0%|          | 0/146 [00:00<?, ?it/s]
Epoch 138: 100%|██████████| 146/146 [00:00<00:00, 202.52it/s]
Epoch 138/300: Train=0.003021  Val=0.004096  LR=7.50e-05

Epoch 139:   0%|          | 0/146 [00:00<?, ?it/s]
Epoch 139: 100%|██████████| 146/146 [00:00<00:00, 200.83it/s]
Epoch 139/300: Train=0.003024  Val=0.004074  LR=7.50e-05

Epoch 140:   0%|          | 0/146 [00:00<?, ?it/s]
Epoch 140: 100%|██████████| 146/146 [00:00<00:00, 214.08it/s]
Epoch 140/300: Train=0.003020  Val=0.004106  LR=7.50e-05

Epoch 141:   0%|          | 0/146 [00:00<?, ?it/s]
Epoch 141: 100%|██████████| 146/146 [00:00<00:00, 213.45it/s]
Epoch 141/300: Train=0.003013  Val=0.004084  LR=7.50e-05

Epoch 142:   0%|          | 0/146 [00:00<?, ?it/s]
Epoch 142: 100%|██████████| 146/146 [00:00<00:00, 200.27it/s]
Epoch 142/300: Train=0.003013  Val=0.004081  LR=7.50e-05

Epoch 143:   0%|          | 0/146 [00:00<?, ?it/s]
Epoch 143: 100%|██████████| 146/146 [00:00<00:00, 214.21it/s]
Epoch 143/300: Train=0.003020  Val=0.004107  LR=7.50e-05

Epoch 144:   0%|          | 0/146 [00:00<?, ?it/s]
Epoch 144: 100%|██████████| 146/146 [00:00<00:00, 214.07it/s]
Epoch 144/300: Train=0.003004  Val=0.004072  LR=7.50e-05

Epoch 145:   0%|          | 0/146 [00:00<?, ?it/s]
Epoch 145: 100%|██████████| 146/146 [00:00<00:00, 215.16it/s]
Epoch 145/300: Train=0.002997  Val=0.004114  LR=7.50e-05

Epoch 146:   0%|          | 0/146 [00:00<?, ?it/s]
Epoch 146: 100%|██████████| 146/146 [00:00<00:00, 201.66it/s]
Epoch 146/300: Train=0.003007  Val=0.004082  LR=7.50e-05

Epoch 147:   0%|          | 0/146 [00:00<?, ?it/s]
Epoch 147: 100%|██████████| 146/146 [00:00<00:00, 213.76it/s]
Epoch 147/300: Train=0.002996  Val=0.004065  LR=7.50e-05

Epoch 148:   0%|          | 0/146 [00:00<?, ?it/s]
Epoch 148: 100%|██████████| 146/146 [00:00<00:00, 200.27it/s]
  >>> 学习率降低: 7.50e-05 -> 3.75e-05
Epoch 148/300: Train=0.002995  Val=0.004078  LR=3.75e-05

Epoch 149:   0%|          | 0/146 [00:00<?, ?it/s]
Epoch 149: 100%|██████████| 146/146 [00:00<00:00, 208.39it/s]
Epoch 149/300: Train=0.002995  Val=0.004111  LR=3.75e-05

Epoch 150:   0%|          | 0/146 [00:00<?, ?it/s]
Epoch 150: 100%|██████████| 146/146 [00:00<00:00, 215.34it/s]
Epoch 150/300: Train=0.002984  Val=0.004085  LR=3.75e-05

Epoch 151:   0%|          | 0/146 [00:00<?, ?it/s]
Epoch 151: 100%|██████████| 146/146 [00:00<00:00, 213.33it/s]
Epoch 151/300: Train=0.002983  Val=0.004075  LR=3.75e-05

Epoch 152:   0%|          | 0/146 [00:00<?, ?it/s]
Epoch 152: 100%|██████████| 146/146 [00:00<00:00, 202.21it/s]
Epoch 152/300: Train=0.002981  Val=0.004080  LR=3.75e-05

Epoch 153:   0%|          | 0/146 [00:00<?, ?it/s]
Epoch 153: 100%|██████████| 146/146 [00:00<00:00, 214.38it/s]
Epoch 153/300: Train=0.002969  Val=0.004081  LR=3.75e-05

Epoch 154:   0%|          | 0/146 [00:00<?, ?it/s]
Epoch 154: 100%|██████████| 146/146 [00:00<00:00, 213.77it/s]
Epoch 154/300: Train=0.002974  Val=0.004088  LR=3.75e-05

Epoch 155:   0%|          | 0/146 [00:00<?, ?it/s]
Epoch 155: 100%|██████████| 146/146 [00:00<00:00, 200.66it/s]
Epoch 155/300: Train=0.002971  Val=0.004085  LR=3.75e-05

Epoch 156:   0%|          | 0/146 [00:00<?, ?it/s]
Epoch 156: 100%|██████████| 146/146 [00:00<00:00, 202.78it/s]
Epoch 156/300: Train=0.002983  Val=0.004083  LR=3.75e-05

Epoch 157:   0%|          | 0/146 [00:00<?, ?it/s]
Epoch 157: 100%|██████████| 146/146 [00:00<00:00, 213.47it/s]
Epoch 157/300: Train=0.002965  Val=0.004103  LR=3.75e-05

Epoch 158:   0%|          | 0/146 [00:00<?, ?it/s]
Epoch 158: 100%|██████████| 146/146 [00:00<00:00, 210.07it/s]
Epoch 158/300: Train=0.002969  Val=0.004086  LR=3.75e-05

Epoch 159:   0%|          | 0/146 [00:00<?, ?it/s]
Epoch 159: 100%|██████████| 146/146 [00:00<00:00, 196.50it/s]
  >>> 学习率降低: 3.75e-05 -> 1.87e-05
Epoch 159/300: Train=0.002960  Val=0.004088  LR=1.87e-05

Epoch 160:   0%|          | 0/146 [00:00<?, ?it/s]
Epoch 160: 100%|██████████| 146/146 [00:00<00:00, 213.45it/s]
Epoch 160/300: Train=0.002940  Val=0.004074  LR=1.87e-05

Epoch 161:   0%|          | 0/146 [00:00<?, ?it/s]
Epoch 161: 100%|██████████| 146/146 [00:00<00:00, 212.97it/s]
Epoch 161/300: Train=0.002952  Val=0.004080  LR=1.87e-05

Epoch 162:   0%|          | 0/146 [00:00<?, ?it/s]
Epoch 162: 100%|██████████| 146/146 [00:00<00:00, 212.52it/s]
Epoch 162/300: Train=0.002964  Val=0.004096  LR=1.87e-05

Epoch 163:   0%|          | 0/146 [00:00<?, ?it/s]
Epoch 163: 100%|██████████| 146/146 [00:00<00:00, 201.19it/s]
Epoch 163/300: Train=0.002959  Val=0.004100  LR=1.87e-05

Epoch 164:   0%|          | 0/146 [00:00<?, ?it/s]
Epoch 164: 100%|██████████| 146/146 [00:00<00:00, 217.26it/s]
Epoch 164/300: Train=0.002949  Val=0.004098  LR=1.87e-05

Epoch 165:   0%|          | 0/146 [00:00<?, ?it/s]
Epoch 165: 100%|██████████| 146/146 [00:00<00:00, 198.37it/s]
Epoch 165/300: Train=0.002952  Val=0.004089  LR=1.87e-05

Epoch 166:   0%|          | 0/146 [00:00<?, ?it/s]
Epoch 166: 100%|██████████| 146/146 [00:00<00:00, 214.71it/s]
Epoch 166/300: Train=0.002955  Val=0.004086  LR=1.87e-05

Epoch 167:   0%|          | 0/146 [00:00<?, ?it/s]
Epoch 167: 100%|██████████| 146/146 [00:00<00:00, 216.74it/s]
Epoch 167/300: Train=0.002949  Val=0.004092  LR=1.87e-05

Epoch 168:   0%|          | 0/146 [00:00<?, ?it/s]
Epoch 168: 100%|██████████| 146/146 [00:00<00:00, 204.48it/s]
Epoch 168/300: Train=0.002956  Val=0.004085  LR=1.87e-05

Epoch 169:   0%|          | 0/146 [00:00<?, ?it/s]
Epoch 169: 100%|██████████| 146/146 [00:00<00:00, 204.20it/s]
Epoch 169/300: Train=0.002944  Val=0.004076  LR=1.87e-05

Epoch 170:   0%|          | 0/146 [00:00<?, ?it/s]
Epoch 170: 100%|██████████| 146/146 [00:00<00:00, 216.57it/s]
  >>> 学习率降低: 1.87e-05 -> 9.37e-06
Epoch 170/300: Train=0.002954  Val=0.004094  LR=9.37e-06

Epoch 171:   0%|          | 0/146 [00:00<?, ?it/s]
Epoch 171: 100%|██████████| 146/146 [00:00<00:00, 214.71it/s]
Epoch 171/300: Train=0.002942  Val=0.004084  LR=9.37e-06

Epoch 172:   0%|          | 0/146 [00:00<?, ?it/s]
Epoch 172: 100%|██████████| 146/146 [00:00<00:00, 203.06it/s]
Epoch 172/300: Train=0.002965  Val=0.004094  LR=9.37e-06

Epoch 173:   0%|          | 0/146 [00:00<?, ?it/s]
Epoch 173: 100%|██████████| 146/146 [00:00<00:00, 215.78it/s]
Epoch 173/300: Train=0.002939  Val=0.004097  LR=9.37e-06

Epoch 174:   0%|          | 0/146 [00:00<?, ?it/s]
Epoch 174: 100%|██████████| 146/146 [00:00<00:00, 216.62it/s]
Epoch 174/300: Train=0.002953  Val=0.004091  LR=9.37e-06

Epoch 175:   0%|          | 0/146 [00:00<?, ?it/s]
Epoch 175: 100%|██████████| 146/146 [00:00<00:00, 213.77it/s]
Epoch 175/300: Train=0.002942  Val=0.004094  LR=9.37e-06

Epoch 176:   0%|          | 0/146 [00:00<?, ?it/s]
Epoch 176: 100%|██████████| 146/146 [00:00<00:00, 199.75it/s]
Epoch 176/300: Train=0.002946  Val=0.004087  LR=9.37e-06

Epoch 177:   0%|          | 0/146 [00:00<?, ?it/s]
Epoch 177: 100%|██████████| 146/146 [00:00<00:00, 213.14it/s]
Epoch 177/300: Train=0.002941  Val=0.004083  LR=9.37e-06

Epoch 178:   0%|          | 0/146 [00:00<?, ?it/s]
Epoch 178: 100%|██████████| 146/146 [00:00<00:00, 200.83it/s]
Epoch 178/300: Train=0.002949  Val=0.004095  LR=9.37e-06

Epoch 179:   0%|          | 0/146 [00:00<?, ?it/s]
Epoch 179: 100%|██████████| 146/146 [00:00<00:00, 212.95it/s]
Epoch 179/300: Train=0.002941  Val=0.004099  LR=9.37e-06

Epoch 180:   0%|          | 0/146 [00:00<?, ?it/s]
Epoch 180: 100%|██████████| 146/146 [00:00<00:00, 213.76it/s]
Epoch 180/300: Train=0.002940  Val=0.004091  LR=9.37e-06

Epoch 181:   0%|          | 0/146 [00:00<?, ?it/s]
Epoch 181: 100%|██████████| 146/146 [00:00<00:00, 211.29it/s]
  >>> 学习率降低: 9.37e-06 -> 4.69e-06
Epoch 181/300: Train=0.002942  Val=0.004093  LR=4.69e-06

Epoch 182:   0%|          | 0/146 [00:00<?, ?it/s]
Epoch 182: 100%|██████████| 146/146 [00:00<00:00, 199.77it/s]
Epoch 182/300: Train=0.002937  Val=0.004093  LR=4.69e-06

Epoch 183:   0%|          | 0/146 [00:00<?, ?it/s]
Epoch 183: 100%|██████████| 146/146 [00:00<00:00, 215.34it/s]
Epoch 183/300: Train=0.002937  Val=0.004088  LR=4.69e-06

Epoch 184:   0%|          | 0/146 [00:00<?, ?it/s]
Epoch 184: 100%|██████████| 146/146 [00:00<00:00, 215.02it/s]
Epoch 184/300: Train=0.002946  Val=0.004091  LR=4.69e-06

Epoch 185:   0%|          | 0/146 [00:00<?, ?it/s]
Epoch 185: 100%|██████████| 146/146 [00:00<00:00, 201.48it/s]
Epoch 185/300: Train=0.002935  Val=0.004093  LR=4.69e-06

Epoch 186:   0%|          | 0/146 [00:00<?, ?it/s]
Epoch 186: 100%|██████████| 146/146 [00:00<00:00, 200.27it/s]
Epoch 186/300: Train=0.002947  Val=0.004094  LR=4.69e-06

Epoch 187:   0%|          | 0/146 [00:00<?, ?it/s]
Epoch 187: 100%|██████████| 146/146 [00:00<00:00, 214.07it/s]
Epoch 187/300: Train=0.002942  Val=0.004088  LR=4.69e-06
早停触发 (patience=50)

端到端训练完成，最佳验证损失: 0.004032
  Saved: C:\Users\Windows\Desktop\论文4\code-projectv2\results\platform1\Models\lstm_koopman\model.pth  rho=1.0842
Trajectory length: 4976 steps (predicting 4960)
  RMSE: 0.409834
  MAE:  0.181393
Plot saved: C:\Users\Windows\Desktop\论文4\code-projectv2\results\platform1\Models\lstm_koopman\test_prediction.png
Final test RMSE: 0.409834
Final test MAE:  0.181393
